Component: ARM Compiler 5.06 update 5 (build 528) Tool: armlink [4d35e2]

==============================================================================

Section Cross References

    startup_stm32f10x_md_vl.o(STACK) refers (Special) to heapauxi.o(.text) for __use_two_region_memory
    startup_stm32f10x_md_vl.o(HEAP) refers (Special) to heapauxi.o(.text) for __use_two_region_memory
    startup_stm32f10x_md_vl.o(RESET) refers (Special) to heapauxi.o(.text) for __use_two_region_memory
    startup_stm32f10x_md_vl.o(RESET) refers to startup_stm32f10x_md_vl.o(STACK) for __initial_sp
    startup_stm32f10x_md_vl.o(RESET) refers to startup_stm32f10x_md_vl.o(.text) for Reset_Handler
    startup_stm32f10x_md_vl.o(RESET) refers to stm32f10x_it.o(i.NMI_Handler) for NMI_Handler
    startup_stm32f10x_md_vl.o(RESET) refers to stm32f10x_it.o(i.HardFault_Handler) for HardFault_Handler
    startup_stm32f10x_md_vl.o(RESET) refers to stm32f10x_it.o(i.MemManage_Handler) for MemManage_Handler
    startup_stm32f10x_md_vl.o(RESET) refers to stm32f10x_it.o(i.BusFault_Handler) for BusFault_Handler
    startup_stm32f10x_md_vl.o(RESET) refers to stm32f10x_it.o(i.UsageFault_Handler) for UsageFault_Handler
    startup_stm32f10x_md_vl.o(RESET) refers to stm32f10x_it.o(i.SVC_Handler) for SVC_Handler
    startup_stm32f10x_md_vl.o(RESET) refers to stm32f10x_it.o(i.DebugMon_Handler) for DebugMon_Handler
    startup_stm32f10x_md_vl.o(RESET) refers to stm32f10x_it.o(i.PendSV_Handler) for PendSV_Handler
    startup_stm32f10x_md_vl.o(RESET) refers to stm32f10x_it.o(i.SysTick_Handler) for SysTick_Handler
    startup_stm32f10x_md_vl.o(RESET) refers to ultrasonic sensor.o(i.EXTI4_IRQHandler) for EXTI4_IRQHandler
    startup_stm32f10x_md_vl.o(RESET) refers to pid.o(i.EXTI9_5_IRQHandler) for EXTI9_5_IRQHandler
    startup_stm32f10x_md_vl.o(RESET) refers to serial.o(i.USART3_IRQHandler) for USART3_IRQHandler
    startup_stm32f10x_md_vl.o(.text) refers (Special) to heapauxi.o(.text) for __use_two_region_memory
    startup_stm32f10x_md_vl.o(.text) refers to system_stm32f10x.o(i.SystemInit) for SystemInit
    startup_stm32f10x_md_vl.o(.text) refers to __main.o(!!!main) for __main
    startup_stm32f10x_md_vl.o(.text) refers to startup_stm32f10x_md_vl.o(HEAP) for Heap_Mem
    startup_stm32f10x_md_vl.o(.text) refers to startup_stm32f10x_md_vl.o(STACK) for Stack_Mem
    system_stm32f10x.o(i.SetSysClock) refers to system_stm32f10x.o(i.SetSysClockTo72) for SetSysClockTo72
    system_stm32f10x.o(i.SystemCoreClockUpdate) refers to system_stm32f10x.o(.data) for SystemCoreClock
    system_stm32f10x.o(i.SystemInit) refers to system_stm32f10x.o(i.SetSysClock) for SetSysClock
    stm32f10x_adc.o(i.ADC_DeInit) refers to stm32f10x_rcc.o(i.RCC_APB2PeriphResetCmd) for RCC_APB2PeriphResetCmd
    stm32f10x_bkp.o(i.BKP_DeInit) refers to stm32f10x_rcc.o(i.RCC_BackupResetCmd) for RCC_BackupResetCmd
    stm32f10x_can.o(i.CAN_DeInit) refers to stm32f10x_rcc.o(i.RCC_APB1PeriphResetCmd) for RCC_APB1PeriphResetCmd
    stm32f10x_can.o(i.CAN_GetITStatus) refers to stm32f10x_can.o(i.CheckITStatus) for CheckITStatus
    stm32f10x_cec.o(i.CEC_DeInit) refers to stm32f10x_rcc.o(i.RCC_APB1PeriphResetCmd) for RCC_APB1PeriphResetCmd
    stm32f10x_dac.o(i.DAC_DeInit) refers to stm32f10x_rcc.o(i.RCC_APB1PeriphResetCmd) for RCC_APB1PeriphResetCmd
    stm32f10x_flash.o(i.FLASH_EnableWriteProtection) refers to stm32f10x_flash.o(i.FLASH_WaitForLastOperation) for FLASH_WaitForLastOperation
    stm32f10x_flash.o(i.FLASH_EraseAllBank1Pages) refers to stm32f10x_flash.o(i.FLASH_WaitForLastBank1Operation) for FLASH_WaitForLastBank1Operation
    stm32f10x_flash.o(i.FLASH_EraseAllPages) refers to stm32f10x_flash.o(i.FLASH_WaitForLastOperation) for FLASH_WaitForLastOperation
    stm32f10x_flash.o(i.FLASH_EraseOptionBytes) refers to stm32f10x_flash.o(i.FLASH_GetReadOutProtectionStatus) for FLASH_GetReadOutProtectionStatus
    stm32f10x_flash.o(i.FLASH_EraseOptionBytes) refers to stm32f10x_flash.o(i.FLASH_WaitForLastOperation) for FLASH_WaitForLastOperation
    stm32f10x_flash.o(i.FLASH_ErasePage) refers to stm32f10x_flash.o(i.FLASH_WaitForLastOperation) for FLASH_WaitForLastOperation
    stm32f10x_flash.o(i.FLASH_ProgramHalfWord) refers to stm32f10x_flash.o(i.FLASH_WaitForLastOperation) for FLASH_WaitForLastOperation
    stm32f10x_flash.o(i.FLASH_ProgramOptionByteData) refers to stm32f10x_flash.o(i.FLASH_WaitForLastOperation) for FLASH_WaitForLastOperation
    stm32f10x_flash.o(i.FLASH_ProgramWord) refers to stm32f10x_flash.o(i.FLASH_WaitForLastOperation) for FLASH_WaitForLastOperation
    stm32f10x_flash.o(i.FLASH_ReadOutProtection) refers to stm32f10x_flash.o(i.FLASH_WaitForLastOperation) for FLASH_WaitForLastOperation
    stm32f10x_flash.o(i.FLASH_UserOptionByteConfig) refers to stm32f10x_flash.o(i.FLASH_WaitForLastOperation) for FLASH_WaitForLastOperation
    stm32f10x_flash.o(i.FLASH_WaitForLastBank1Operation) refers to stm32f10x_flash.o(i.FLASH_GetBank1Status) for FLASH_GetBank1Status
[...]
    ../clib/signal.c                         0x00000000   Number         0  defsig_other.o ABSOLUTE
    ../clib/signal.c                         0x00000000   Number         0  defsig_rtmem_inner.o ABSOLUTE
    ../clib/signal.c                         0x00000000   Number         0  defsig_rtmem_outer.o ABSOLUTE
    ../clib/signal.c                         0x00000000   Number         0  defsig_rtmem_formal.o ABSOLUTE
    ../clib/signal.c                         0x00000000   Number         0  defsig_exit.o ABSOLUTE
    ../clib/signal.s                         0x00000000   Number         0  defsig.o ABSOLUTE
    ../clib/stdlib.c                         0x00000000   Number         0  exit.o ABSOLUTE
    ../fplib/d2f.s                           0x00000000   Number         0  d2f.o ABSOLUTE
    ../fplib/daddsub.s                       0x00000000   Number         0  daddsub_clz.o ABSOLUTE
    ../fplib/dcheck1.s                       0x00000000   Number         0  dcheck1.o ABSOLUTE
    ../fplib/ddiv.s                          0x00000000   Number         0  ddiv.o ABSOLUTE
    ../fplib/dfix.s                          0x00000000   Number         0  dfix.o ABSOLUTE
    ../fplib/dflt.s                          0x00000000   Number         0  dflt_clz.o ABSOLUTE
    ../fplib/dmul.s                          0x00000000   Number         0  dmul.o ABSOLUTE
    ../fplib/dnaninf.s                       0x00000000   Number         0  dnaninf.o ABSOLUTE
    ../fplib/dretinf.s                       0x00000000   Number         0  dretinf.o ABSOLUTE
    ../fplib/f2d.s                           0x00000000   Number         0  f2d.o ABSOLUTE
    ../fplib/faddsub.s                       0x00000000   Number         0  faddsub_clz.o ABSOLUTE
    ../fplib/fdiv.s                          0x00000000   Number         0  fdiv.o ABSOLUTE
    ../fplib/ffix.s                          0x00000000   Number         0  ffix.o ABSOLUTE
    ../fplib/fflt.s                          0x00000000   Number         0  fflt_clz.o ABSOLUTE
    ../fplib/fmul.s                          0x00000000   Number         0  fmul.o ABSOLUTE
    ../fplib/fnaninf.s                       0x00000000   Number         0  fnaninf.o ABSOLUTE
    ../fplib/fpinit.s                        0x00000000   Number         0  fpinit.o ABSOLUTE
    ../fplib/fretinf.s                       0x00000000   Number         0  fretinf.o ABSOLUTE
    ../fplib/retnan.s                        0x00000000   Number         0  retnan.o ABSOLUTE
    ../fplib/scalbn.s                        0x00000000   Number         0  scalbn.o ABSOLUTE
    ../fplib/trapv.s                         0x00000000   Number         0  trapv.o ABSOLUTE
    ../fplib/usenofp.s                       0x00000000   Number         0  usenofp.o ABSOLUTE
    ../mathlib/atan.c                        0x00000000   Number         0  atan.o ABSOLUTE
    ../mathlib/atan.c                        0x00000000   Number         0  atan_x.o ABSOLUTE
    ../mathlib/atan2.c                       0x00000000   Number         0  atan2.o ABSOLUTE
    ../mathlib/atan2.c                       0x00000000   Number         0  atan2_x.o ABSOLUTE
    ../mathlib/dunder.c                      0x00000000   Number         0  dunder.o ABSOLUTE
    ../mathlib/fpclassify.c                  0x00000000   Number         0  fpclassify.o ABSOLUTE
    ../mathlib/poly.c                        0x00000000   Number         0  poly.o ABSOLUTE
    ../mathlib/qnan.c                        0x00000000   Number         0  qnan.o ABSOLUTE
    dc.s                                     0x00000000   Number         0  dc.o ABSOLUTE
    hardware\Encoder.c                       0x00000000   Number         0  encoder.o ABSOLUTE
    hardware\MPU6050.c                       0x00000000   Number         0  mpu6050.o ABSOLUTE
    hardware\Motor.c                         0x00000000   Number         0  motor.o ABSOLUTE
    hardware\OLED.c                          0x00000000   Number         0  oled.o ABSOLUTE
    hardware\Ultrasonic sensor.c             0x00000000   Number         0  ultrasonic sensor.o ABSOLUTE
    hardware\infrared transducer.c           0x00000000   Number         0  infrared transducer.o ABSOLUTE
    lib\misc.c                               0x00000000   Number         0  misc.o ABSOLUTE
    lib\stm32f10x_adc.c                      0x00000000   Number         0  stm32f10x_adc.o ABSOLUTE
    lib\stm32f10x_bkp.c                      0x00000000   Number         0  stm32f10x_bkp.o ABSOLUTE
    lib\stm32f10x_can.c                      0x00000000   Number         0  stm32f10x_can.o ABSOLUTE
    lib\stm32f10x_cec.c                      0x00000000   Number         0  stm32f10x_cec.o ABSOLUTE
    lib\stm32f10x_crc.c                      0x00000000   Number         0  stm32f10x_crc.o ABSOLUTE
    lib\stm32f10x_dac.c                      0x00000000   Number         0  stm32f10x_dac.o ABSOLUTE
    lib\stm32f10x_dbgmcu.c                   0x00000000   Number         0  stm32f10x_dbgmcu.o ABSOLUTE
    lib\stm32f10x_dma.c                      0x00000000   Number         0  stm32f10x_dma.o ABSOLUTE
    lib\stm32f10x_exti.c                     0x00000000   Number         0  stm32f10x_exti.o ABSOLUTE
    lib\stm32f10x_flash.c                    0x00000000   Number         0  stm32f10x_flash.o ABSOLUTE
    lib\stm32f10x_fsmc.c                     0x00000000   Number         0  stm32f10x_fsmc.o ABSOLUTE
    lib\stm32f10x_gpio.c                     0x00000000   Number         0  stm32f10x_gpio.o ABSOLUTE
    lib\stm32f10x_i2c.c                      0x00000000   Number         0  stm32f10x_i2c.o ABSOLUTE
    lib\stm32f10x_iwdg.c                     0x00000000   Number         0  stm32f10x_iwdg.o ABSOLUTE
    lib\stm32f10x_pwr.c                      0x00000000   Number         0  stm32f10x_pwr.o ABSOLUTE
    lib\stm32f10x_rcc.c                      0x00000000   Number         0  stm32f10x_rcc.o ABSOLUTE
    lib\stm32f10x_rtc.c                      0x00000000   Number         0  stm32f10x_rtc.o ABSOLUTE
    lib\stm32f10x_sdio.c                     0x00000000   Number         0  stm32f10x_sdio.o ABSOLUTE
    lib\stm32f10x_spi.c                      0x00000000   Number         0  stm32f10x_spi.o ABSOLUTE
    lib\stm32f10x_tim.c                      0x00000000   Number         0  stm32f10x_tim.o ABSOLUTE
    lib\stm32f10x_usart.c                    0x00000000   Number         0  stm32f10x_usart.o ABSOLUTE
    lib\stm32f10x_wwdg.c                     0x00000000   Number         0  stm32f10x_wwdg.o ABSOLUTE
    start\\core_cm3.c                        0x00000000   Number         0  core_cm3.o ABSOLUTE
    start\core_cm3.c                         0x00000000   Number         0  core_cm3.o ABSOLUTE
    start\startup_stm32f10x_md_vl.s          0x00000000   Number         0  startup_stm32f10x_md_vl.o ABSOLUTE
    start\system_stm32f10x.c                 0x00000000   Number         0  system_stm32f10x.o ABSOLUTE
    sys\Delay.c                              0x00000000   Number         0  delay.o ABSOLUTE
    sys\Exit.c                               0x00000000   Number         0  exit.o ABSOLUTE
    sys\MyI2C.c                              0x00000000   Number         0  myi2c.o ABSOLUTE
    sys\PID.c                                0x00000000   Number         0  pid.o ABSOLUTE
    sys\PWM.c                                0x00000000   Number         0  pwm.o ABSOLUTE
    sys\Serial.c                             0x00000000   Number         0  serial.o ABSOLUTE
    sys\Timer.c                              0x00000000   Number         0  timer.o ABSOLUTE
    user\main.c                              0x00000000   Number         0  main.o ABSOLUTE
    user\stm32f10x_it.c                      0x00000000   Number         0  stm32f10x_it.o ABSOLUTE
    RESET                                    0x08000000   Section      288  startup_stm32f10x_md_vl.o(RESET)
    !!!main                                  0x08000120   Section        8  __main.o(!!!main)
    !!!scatter                               0x08000128   Section       52  __scatter.o(!!!scatter)
    !!handler_copy                           0x0800015c   Section       26  __scatter_copy.o(!!handler_copy)
    !!handler_zi                             0x08000178   Section       28  __scatter_zi.o(!!handler_zi)
    .ARM.Collect$$libinit$$00000000          0x08000194   Section        2  libinit.o(.ARM.Collect$$libinit$$00000000)
    .ARM.Collect$$libinit$$00000002          0x08000196   Section        0  libinit2.o(.ARM.Collect$$libinit$$00000002)
    .ARM.Collect$$libinit$$00000004          0x08000196   Section        0  libinit2.o(.ARM.Collect$$libinit$$00000004)
    .ARM.Collect$$libinit$$0000000A          0x08000196   Section        0  libinit2.o(.ARM.Collect$$libinit$$0000000A)
    .ARM.Collect$$libinit$$0000000C          0x08000196   Section        0  libinit2.o(.ARM.Collect$$libinit$$0000000C)
    .ARM.Collect$$libinit$$0000000E          0x08000196   Section        0  libinit2.o(.ARM.Collect$$libinit$$0000000E)
    .ARM.Collect$$libinit$$00000011          0x08000196   Section        0  libinit2.o(.ARM.Collect$$libinit$$00000011)
    .ARM.Collect$$libinit$$00000013          0x08000196   Section        0  libinit2.o(.ARM.Collect$$libinit$$00000013)
    .ARM.Collect$$libinit$$00000015          0x08000196   Section        0  libinit2.o(.ARM.Collect$$libinit$$00000015)
    .ARM.Collect$$libinit$$00000017          0x08000196   Section        0  libinit2.o(.ARM.Collect$$libinit$$00000017)
    .ARM.Collect$$libinit$$00000019          0x08000196   Section        0  libinit2.o(.ARM.Collect$$libinit$$00000019)
    .ARM.Collect$$libinit$$0000001B          0x08000196   Section        0  libinit2.o(.ARM.Collect$$libinit$$0000001B)
    .ARM.Collect$$libinit$$0000001D          0x08000196   Section        0  libinit2.o(.ARM.Collect$$libinit$$0000001D)
    .ARM.Collect$$libinit$$0000001F          0x08000196   Section        0  libinit2.o(.ARM.Collect$$libinit$$0000001F)
    .ARM.Collect$$libinit$$00000021          0x08000196   Section        0  libinit2.o(.ARM.Collect$$libinit$$00000021)
    .ARM.Collect$$libinit$$00000023          0x08000196   Section        0  libinit2.o(.ARM.Collect$$libinit$$00000023)
    .ARM.Collect$$libinit$$00000025          0x08000196   Section        0  libinit2.o(.ARM.Collect$$libinit$$00000025)
    .ARM.Collect$$libinit$$0000002C          0x08000196   Section        0  libinit2.o(.ARM.Collect$$libinit$$0000002C)
    .ARM.Collect$$libinit$$0000002E          0x08000196   Section        0  libinit2.o(.ARM.Collect$$libinit$$0000002E)
    .ARM.Collect$$libinit$$00000030          0x08000196   Section        0  libinit2.o(.ARM.Collect$$libinit$$00000030)
    .ARM.Collect$$libinit$$00000032          0x08000196   Section        0  libinit2.o(.ARM.Collect$$libinit$$00000032)
    .ARM.Collect$$libinit$$00000033          0x08000196   Section        2  libinit2.o(.ARM.Collect$$libinit$$00000033)
    .ARM.Collect$$libshutdown$$00000000      0x08000198   Section        2  libshutdown.o(.ARM.Collect$$libshutdown$$00000000)
    .ARM.Collect$$libshutdown$$00000002      0x0800019a   Section        0  libshutdown2.o(.ARM.Collect$$libshutdown$$00000002)
    .ARM.Collect$$libshutdown$$00000004      0x0800019a   Section        0  libshutdown2.o(.ARM.Collect$$libshutdown$$00000004)
    .ARM.Collect$$libshutdown$$00000007      0x0800019a   Section        0  libshutdown2.o(.ARM.Collect$$libshutdown$$00000007)
    .ARM.Collect$$libshutdown$$0000000A      0x0800019a   Section        0  libshutdown2.o(.ARM.Collect$$libshutdown$$0000000A)
    .ARM.Collect$$libshutdown$$0000000C      0x0800019a   Section        0  libshutdown2.o(.ARM.Collect$$libshutdown$$0000000C)
    .ARM.Collect$$libshutdown$$0000000F      0x0800019a   Section        0  libshutdown2.o(.ARM.Collect$$libshutdown$$0000000F)
    .ARM.Collect$$libshutdown$$00000010      0x0800019a   Section        2  libshutdown2.o(.ARM.Collect$$libshutdown$$00000010)
    .ARM.Collect$$rtentry$$00000000          0x0800019c   Section        0  __rtentry.o(.ARM.Collect$$rtentry$$00000000)
    .ARM.Collect$$rtentry$$00000002          0x0800019c   Section        0  __rtentry2.o(.ARM.Collect$$rtentry$$00000002)
    .ARM.Collect$$rtentry$$00000004          0x0800019c   Section        6  __rtentry4.o(.ARM.Collect$$rtentry$$00000004)
    .ARM.Collect$$rtentry$$00000009          0x080001a2   Section        0  __rtentry2.o(.ARM.Collect$$rtentry$$00000009)
    .ARM.Collect$$rtentry$$0000000A          0x080001a2   Section        4  __rtentry2.o(.ARM.Collect$$rtentry$$0000000A)
    .ARM.Collect$$rtentry$$0000000C          0x080001a6   Section        0  __rtentry2.o(.ARM.Collect$$rtentry$$0000000C)
    .ARM.Collect$$rtentry$$0000000D          0x080001a6   Section        8  __rtentry2.o(.ARM.Collect$$rtentry$$0000000D)
    .ARM.Collect$$rtexit$$00000000           0x080001ae   Section        2  rtexit.o(.ARM.Collect$$rtexit$$00000000)
    .ARM.Collect$$rtexit$$00000002           0x080001b0   Section        0  rtexit2.o(.ARM.Collect$$rtexit$$00000002)
    .ARM.Collect$$rtexit$$00000003           0x080001b0   Section        4  rtexit2.o(.ARM.Collect$$rtexit$$00000003)
    .ARM.Collect$$rtexit$$00000004           0x080001b4   Section        6  rtexit2.o(.ARM.Collect$$rtexit$$00000004)
    .text                                    0x080001bc   Section       64  startup_stm32f10x_md_vl.o(.text)
    .text                                    0x080001fc   Section        0  heapauxi.o(.text)
    .text                                    0x08000204   Section        8  libspace.o(.text)
    .text                                    0x0800020c   Section       74  sys_stackheap_outer.o(.text)
    .text                                    0x08000256   Section        0  exit.o(.text)
    .text                                    0x08000268   Section        0  sys_exit.o(.text)
    .text                                    0x08000274   Section        2  use_no_semi.o(.text)
    .text                                    0x08000276   Section        0  indicate_semi.o(.text)
    i.BusFault_Handler                       0x08000276   Section        0  stm32f10x_it.o(i.BusFault_Handler)
    i.DebugMon_Handler                       0x0800027a   Section        0  stm32f10x_it.o(i.DebugMon_Handler)
    i.Delay_us                               0x0800027c   Section        0  delay.o(i.Delay_us)
    i.EXIT_Init                              0x080002ac   Section        0  exit.o(i.EXIT_Init)
    i.EXTI4_IRQHandler                       0x0800034c   Section        0  ultrasonic sensor.o(i.EXTI4_IRQHandler)
    i.EXTI9_5_IRQHandler                     0x080003cc   Section        0  pid.o(i.EXTI9_5_IRQHandler)
    i.EXTI_ClearITPendingBit                 0x080006e0   Section        0  stm32f10x_exti.o(i.EXTI_ClearITPendingBit)
    i.EXTI_GetITStatus                       0x080006ec   Section        0  stm32f10x_exti.o(i.EXTI_GetITStatus)
    i.EXTI_Init                              0x08000714   Section        0  stm32f10x_exti.o(i.EXTI_Init)
    i.Encoder2_Get                           0x080007a8   Section        0  encoder.o(i.Encoder2_Get)
    i.Encoder4_Get                           0x080007c4   Section        0  encoder.o(i.Encoder4_Get)
    i.Encoder_Init                           0x080007e0   Section        0  encoder.o(i.Encoder_Init)
    i.GPIO_EXTILineConfig                    0x080008a0   Section        0  stm32f10x_gpio.o(i.GPIO_EXTILineConfig)
    i.GPIO_Init                              0x080008e0   Section        0  stm32f10x_gpio.o(i.GPIO_Init)
    i.GPIO_ReadInputDataBit                  0x080009f6   Section        0  stm32f10x_gpio.o(i.GPIO_ReadInputDataBit)
    i.GPIO_ResetBits                         0x08000a08   Section        0  stm32f10x_gpio.o(i.GPIO_ResetBits)
    i.GPIO_SetBits                           0x08000a0c   Section        0  stm32f10x_gpio.o(i.GPIO_SetBits)
    i.GPIO_WriteBit                          0x08000a10   Section        0  stm32f10x_gpio.o(i.GPIO_WriteBit)
    i.HardFault_Handler                      0x08000a1a   Section        0  stm32f10x_it.o(i.HardFault_Handler)
    i.Infared_Transducer_Init                0x08000a20   Section        0  infrared transducer.o(i.Infared_Transducer_Init)
    i.MPU6050_GetData                        0x08000a4c   Section        0  mpu6050.o(i.MPU6050_GetData)
    i.MPU6050_Init                           0x08000b7c   Section        0  mpu6050.o(i.MPU6050_Init)
    i.MPU6050_ReadReg                        0x08000bc4   Section        0  mpu6050.o(i.MPU6050_ReadReg)
    i.MPU6050_WriteReg                       0x08000c02   Section        0  mpu6050.o(i.MPU6050_WriteReg)
    i.MemManage_Handler                      0x08000c30   Section        0  stm32f10x_it.o(i.MemManage_Handler)
    i.Motor_Init                             0x08000c34   Section        0  motor.o(i.Motor_Init)
    i.Motor_SetLSpeed                        0x08000c64   Section        0  motor.o(i.Motor_SetLSpeed)
    i.Motor_SetRSpeed                        0x08000cac   Section        0  motor.o(i.Motor_SetRSpeed)
    i.MyI2C_Init                             0x08000cf0   Section        0  myi2c.o(i.MyI2C_Init)
    i.MyI2C_R_SDA                            0x08000d24   Section        0  myi2c.o(i.MyI2C_R_SDA)
    i.MyI2C_ReceiveAck                       0x08000d40   Section        0  myi2c.o(i.MyI2C_ReceiveAck)
    i.MyI2C_ReceiveByte                      0x08000d5e   Section        0  myi2c.o(i.MyI2C_ReceiveByte)
    i.MyI2C_SendAck                          0x08000d92   Section        0  myi2c.o(i.MyI2C_SendAck)
    i.MyI2C_SendByte                         0x08000daa   Section        0  myi2c.o(i.MyI2C_SendByte)
    i.MyI2C_Start                            0x08000dd4   Section        0  myi2c.o(i.MyI2C_Start)
    i.MyI2C_Stop                             0x08000df0   Section        0  myi2c.o(i.MyI2C_Stop)
    i.MyI2C_W_SCL                            0x08000e08   Section        0  myi2c.o(i.MyI2C_W_SCL)
    i.MyI2C_W_SDA                            0x08000e24   Section        0  myi2c.o(i.MyI2C_W_SDA)
    i.NMI_Handler                            0x08000e40   Section        0  stm32f10x_it.o(i.NMI_Handler)
    i.NVIC_Init                              0x08000e44   Section        0  misc.o(i.NVIC_Init)
    i.NVIC_PriorityGroupConfig               0x08000eb4   Section        0  misc.o(i.NVIC_PriorityGroupConfig)
    i.OLED_Clear                             0x08000ec8   Section        0  oled.o(i.OLED_Clear)
    i.OLED_I2C_Init                          0x08000ef4   Section        0  oled.o(i.OLED_I2C_Init)
    i.OLED_I2C_SendByte                      0x08000f44   Section        0  oled.o(i.OLED_I2C_SendByte)
    i.OLED_I2C_Start                         0x08000f98   Section        0  oled.o(i.OLED_I2C_Start)
    i.OLED_I2C_Stop                          0x08000fcc   Section        0  oled.o(i.OLED_I2C_Stop)
    i.OLED_Init                              0x08000ff4   Section        0  oled.o(i.OLED_Init)
    i.OLED_SetCursor                         0x080010a2   Section        0  oled.o(i.OLED_SetCursor)
    i.OLED_ShowChar                          0x080010c4   Section        0  oled.o(i.OLED_ShowChar)
    i.OLED_WriteCommand                      0x08001138   Section        0  oled.o(i.OLED_WriteCommand)
    i.OLED_WriteData                         0x08001158   Section        0  oled.o(i.OLED_WriteData)
    i.PWM_Init                               0x08001178   Section        0  pwm.o(i.PWM_Init)
    i.PWM_SetCompare1                        0x0800121c   Section        0  pwm.o(i.PWM_SetCompare1)
    i.PWM_SetCompare4                        0x08001230   Section        0  pwm.o(i.PWM_SetCompare4)
    i.PendSV_Handler                         0x08001244   Section        0  stm32f10x_it.o(i.PendSV_Handler)
    i.RCC_APB1PeriphClockCmd                 0x08001248   Section        0  stm32f10x_rcc.o(i.RCC_APB1PeriphClockCmd)
    i.RCC_APB2PeriphClockCmd                 0x08001268   Section        0  stm32f10x_rcc.o(i.RCC_APB2PeriphClockCmd)
    i.RCC_GetClocksFreq                      0x08001288   Section        0  stm32f10x_rcc.o(i.RCC_GetClocksFreq)
    i.SVC_Handler                            0x0800135c   Section        0  stm32f10x_it.o(i.SVC_Handler)
    i.Serial_Init                            0x08001360   Section        0  serial.o(i.Serial_Init)
    i.SetSysClock                            0x08001418   Section        0  system_stm32f10x.o(i.SetSysClock)
    SetSysClock                              0x08001419   Thumb Code     8  system_stm32f10x.o(i.SetSysClock)
    i.SetSysClockTo72                        0x08001420   Section        0  system_stm32f10x.o(i.SetSysClockTo72)
    SetSysClockTo72                          0x08001421   Thumb Code   214  system_stm32f10x.o(i.SetSysClockTo72)
    i.SysTick_Handler                        0x08001500   Section        0  stm32f10x_it.o(i.SysTick_Handler)
    i.SystemInit                             0x08001504   Section        0  system_stm32f10x.o(i.SystemInit)
    i.TI1_Config                             0x08001564   Section        0  stm32f10x_tim.o(i.TI1_Config)
    TI1_Config                               0x08001565   Thumb Code   108  stm32f10x_tim.o(i.TI1_Config)
    i.TI2_Config                             0x080015e4   Section        0  stm32f10x_tim.o(i.TI2_Config)
    TI2_Config                               0x080015e5   Thumb Code   130  stm32f10x_tim.o(i.TI2_Config)
    i.TI3_Config                             0x0800167c   Section        0  stm32f10x_tim.o(i.TI3_Config)
    TI3_Config                               0x0800167d   Thumb Code   122  stm32f10x_tim.o(i.TI3_Config)
    i.TI4_Config                             0x0800170c   Section        0  stm32f10x_tim.o(i.TI4_Config)
    TI4_Config                               0x0800170d   Thumb Code   130  stm32f10x_tim.o(i.TI4_Config)
    i.TIM_ClearFlag                          0x080017a4   Section        0  stm32f10x_tim.o(i.TIM_ClearFlag)
    i.TIM_Cmd                                0x080017aa   Section        0  stm32f10x_tim.o(i.TIM_Cmd)
    i.TIM_CtrlPWMOutputs                     0x080017c2   Section        0  stm32f10x_tim.o(i.TIM_CtrlPWMOutputs)
    i.TIM_EncoderInterfaceConfig             0x080017e0   Section        0  stm32f10x_tim.o(i.TIM_EncoderInterfaceConfig)
    i.TIM_GetCounter                         0x08001822   Section        0  stm32f10x_tim.o(i.TIM_GetCounter)
    i.TIM_ICInit                             0x08001828   Section        0  stm32f10x_tim.o(i.TIM_ICInit)
    i.TIM_ICStructInit                       0x080018d4   Section        0  stm32f10x_tim.o(i.TIM_ICStructInit)
    i.TIM_ITConfig                           0x080018e6   Section        0  stm32f10x_tim.o(i.TIM_ITConfig)
    i.TIM_InternalClockConfig                0x080018f8   Section        0  stm32f10x_tim.o(i.TIM_InternalClockConfig)
    i.TIM_OC1Init                            0x08001904   Section        0  stm32f10x_tim.o(i.TIM_OC1Init)
    i.TIM_OC4Init                            0x0800199c   Section        0  stm32f10x_tim.o(i.TIM_OC4Init)
    i.TIM_OCStructInit                       0x08001a18   Section        0  stm32f10x_tim.o(i.TIM_OCStructInit)
    i.TIM_SetCompare1                        0x08001a2c   Section        0  stm32f10x_tim.o(i.TIM_SetCompare1)
    i.TIM_SetCompare4                        0x08001a30   Section        0  stm32f10x_tim.o(i.TIM_SetCompare4)
    i.TIM_SetCounter                         0x08001a36   Section        0  stm32f10x_tim.o(i.TIM_SetCounter)
    i.TIM_SetIC1Prescaler                    0x08001a3a   Section        0  stm32f10x_tim.o(i.TIM_SetIC1Prescaler)
    i.TIM_SetIC2Prescaler                    0x08001a4c   Section        0  stm32f10x_tim.o(i.TIM_SetIC2Prescaler)
    i.TIM_SetIC3Prescaler                    0x08001a66   Section        0  stm32f10x_tim.o(i.TIM_SetIC3Prescaler)
    i.TIM_SetIC4Prescaler                    0x08001a78   Section        0  stm32f10x_tim.o(i.TIM_SetIC4Prescaler)
    i.TIM_TimeBaseInit                       0x08001a94   Section        0  stm32f10x_tim.o(i.TIM_TimeBaseInit)
    i.Timer_Init                             0x08001b38   Section        0  timer.o(i.Timer_Init)
    i.Turn                                   0x08001bb4   Section        0  pid.o(i.Turn)
    i.USART3_IRQHandler                      0x08001bf8   Section        0  serial.o(i.USART3_IRQHandler)
    i.USART_ClearITPendingBit                0x08001c2c   Section        0  stm32f10x_usart.o(i.USART_ClearITPendingBit)
    i.USART_Cmd                              0x08001c4a   Section        0  stm32f10x_usart.o(i.USART_Cmd)
    i.USART_GetITStatus                      0x08001c62   Section        0  stm32f10x_usart.o(i.USART_GetITStatus)
    i.USART_ITConfig                         0x08001cb6   Section        0  stm32f10x_usart.o(i.USART_ITConfig)
    i.USART_Init                             0x08001d00   Section        0  stm32f10x_usart.o(i.USART_Init)
    i.USART_ReceiveData                      0x08001dd8   Section        0  stm32f10x_usart.o(i.USART_ReceiveData)
    i.Ultrasonic_Sensor_Init                 0x08001de4   Section        0  ultrasonic sensor.o(i.Ultrasonic_Sensor_Init)
    i.UsageFault_Handler                     0x08001e7c   Section        0  stm32f10x_it.o(i.UsageFault_Handler)
    i.Vertical                               0x08001e80   Section        0  pid.o(i.Vertical)
    i.__ARM_fpclassify                       0x08001ec8   Section        0  fpclassify.o(i.__ARM_fpclassify)
    i.__kernel_poly                          0x08001ef0   Section        0  poly.o(i.__kernel_poly)
    i.__mathlib_dbl_infnan                   0x08001f9a   Section        0  dunder.o(i.__mathlib_dbl_infnan)
    i.__mathlib_dbl_infnan2                  0x08001fa0   Section        0  dunder.o(i.__mathlib_dbl_infnan2)
    i.__mathlib_dbl_underflow                0x08001fa4   Section        0  dunder.o(i.__mathlib_dbl_underflow)
    i.atan                                   0x08001fb4   Section        0  atan.o(i.atan)
    i.atan2                                  0x080021d4   Section        0  atan2.o(i.atan2)
    i.main                                   0x08002354   Section        0  main.o(i.main)
    i.velocity                               0x08002388   Section        0  pid.o(i.velocity)
    x$fpl$d2f                                0x08002444   Section       98  d2f.o(x$fpl$d2f)
    x$fpl$dadd                               0x080024a8   Section      336  daddsub_clz.o(x$fpl$dadd)
    _dadd1                                   0x080024b9   Thumb Code     0  daddsub_clz.o(x$fpl$dadd)
    x$fpl$dcheck1                            0x080025f8   Section       16  dcheck1.o(x$fpl$dcheck1)
    x$fpl$ddiv                               0x08002608   Section      688  ddiv.o(x$fpl$ddiv)
    ddiv_entry                               0x0800260f   Thumb Code     0  ddiv.o(x$fpl$ddiv)
    x$fpl$dfix                               0x080028b8   Section       94  dfix.o(x$fpl$dfix)
    x$fpl$dflt                               0x08002916   Section       46  dflt_clz.o(x$fpl$dflt)
    x$fpl$dfltu                              0x08002944   Section       38  dflt_clz.o(x$fpl$dfltu)
    x$fpl$dmul                               0x0800296c   Section      340  dmul.o(x$fpl$dmul)
    x$fpl$dnaninf                            0x08002ac0   Section      156  dnaninf.o(x$fpl$dnaninf)
    x$fpl$dretinf                            0x08002b5c   Section       12  dretinf.o(x$fpl$dretinf)
    x$fpl$drsb                               0x08002b68   Section       22  daddsub_clz.o(x$fpl$drsb)
    x$fpl$dsub                               0x08002b80   Section      468  daddsub_clz.o(x$fpl$dsub)
    _dsub1                                   0x08002b91   Thumb Code     0  daddsub_clz.o(x$fpl$dsub)
    x$fpl$f2d                                0x08002d54   Section       86  f2d.o(x$fpl$f2d)
    x$fpl$fadd                               0x08002dac   Section      196  faddsub_clz.o(x$fpl$fadd)
    _fadd1                                   0x08002dbb   Thumb Code     0  faddsub_clz.o(x$fpl$fadd)
    x$fpl$fdiv                               0x08002e70   Section      388  fdiv.o(x$fpl$fdiv)
    _fdiv1                                   0x08002e71   Thumb Code     0  fdiv.o(x$fpl$fdiv)
    x$fpl$ffix                               0x08002ff4   Section       54  ffix.o(x$fpl$ffix)
    x$fpl$fflt                               0x0800302c   Section       48  fflt_clz.o(x$fpl$fflt)
    x$fpl$fmul                               0x0800305c   Section      258  fmul.o(x$fpl$fmul)
    x$fpl$fnaninf                            0x0800315e   Section      140  fnaninf.o(x$fpl$fnaninf)
    x$fpl$fretinf                            0x080031ea   Section       10  fretinf.o(x$fpl$fretinf)
    x$fpl$frsb                               0x080031f4   Section       20  faddsub_clz.o(x$fpl$frsb)
    x$fpl$fsub                               0x08003208   Section      234  faddsub_clz.o(x$fpl$fsub)
    _fsub1                                   0x08003217   Thumb Code     0  faddsub_clz.o(x$fpl$fsub)
    x$fpl$retnan                             0x080032f2   Section      100  retnan.o(x$fpl$retnan)
    x$fpl$scalbn                             0x08003356   Section       92  scalbn.o(x$fpl$scalbn)
    x$fpl$trapveneer                         0x080033b2   Section       48  trapv.o(x$fpl$trapveneer)
    .constdata                               0x080033e2   Section     1520  oled.o(.constdata)
    x$fpl$usenofp                            0x080033e2   Section        0  usenofp.o(x$fpl$usenofp)
    .constdata                               0x080039d8   Section      152  atan.o(.constdata)
    atanhi                                   0x080039d8   Data          32  atan.o(.constdata)
    atanlo                                   0x080039f8   Data          32  atan.o(.constdata)
    aTodd                                    0x08003a18   Data          40  atan.o(.constdata)
    aTeven                                   0x08003a40   Data          48  atan.o(.constdata)
    .constdata                               0x08003a70   Section        8  qnan.o(.constdata)
    .data                                    0x20000000   Section       20  stm32f10x_rcc.o(.data)
    APBAHBPrescTable                         0x20000000   Data          16  stm32f10x_rcc.o(.data)
    ADCPrescTable                            0x20000010   Data           4  stm32f10x_rcc.o(.data)
    .data                                    0x20000014   Section       16  main.o(.data)
    .data                                    0x20000024   Section       88  pid.o(.data)
    Encoder_Err_Lowout_Last                  0x20000074   Data           4  pid.o(.data)
    Encoder_S                                0x20000078   Data           4  pid.o(.data)
    .bss                                     0x2000007c   Section       96  libspace.o(.bss)
    HEAP                                     0x200000e0   Section      512  startup_stm32f10x_md_vl.o(HEAP)
    Heap_Mem                                 0x200000e0   Data         512  startup_stm32f10x_md_vl.o(HEAP)
    STACK                                    0x200002e0   Section     1024  startup_stm32f10x_md_vl.o(STACK)
    Stack_Mem                                0x200002e0   Data        1024  startup_stm32f10x_md_vl.o(STACK)
    __initial_sp                             0x200006e0   Data           0  startup_stm32f10x_md_vl.o(STACK)

    Global Symbols

    Symbol Name                              Value     Ov Type        Size  Object(Section)

    BuildAttributes$$THM_ISAv4$P$D$K$B$S$PE$A:L22UL41UL21$X:L11$S22US41US21$IEEE1$IW$USESV6$~STKCKD$USESV7$~SHL$OTIME$ROPI$IEEEX$EBA8$UX$STANDARDLIB$REQ8$PRES8$EABIv2 0x00000000   Number         0  anon$$obj.o ABSOLUTE
    __ARM_use_no_argv                        0x00000000   Number         0  main.o ABSOLUTE
    __ARM_exceptions_init                     - Undefined Weak Reference
    __alloca_initialize                       - Undefined Weak Reference
    __arm_preinit_                            - Undefined Weak Reference
    __cpp_initialize__aeabi_                  - Undefined Weak Reference
    __cxa_finalize                            - Undefined Weak Reference
    __rt_locale                               - Undefined Weak Reference
    __sigvec_lookup                           - Undefined Weak Reference
    _atexit_init                              - Undefined Weak Reference
    _call_atexit_fns                          - Undefined Weak Reference
    _clock_init                               - Undefined Weak Reference
    _fp_trap_init                             - Undefined Weak Reference
    _fp_trap_shutdown                         - Undefined Weak Reference
    _get_lc_collate                           - Undefined Weak Reference
    _get_lc_ctype                             - Undefined Weak Reference
    _get_lc_monetary                          - Undefined Weak Reference
    _get_lc_numeric                           - Undefined Weak Reference
    _get_lc_time                              - Undefined Weak Reference
    _getenv_init                              - Undefined Weak Reference
    _handle_redirection                       - Undefined Weak Reference
    _init_alloc                               - Undefined Weak Reference
    _init_user_alloc                          - Undefined Weak Reference
    _initio                                   - Undefined Weak Reference
    _rand_init                                - Undefined Weak Reference
    _signal_finish                            - Undefined Weak Reference
    _signal_init                              - Undefined Weak Reference
    _terminate_alloc                          - Undefined Weak Reference
    _terminate_user_alloc                     - Undefined Weak Reference
    _terminateio                              - Undefined Weak Reference
    __Vectors_Size                           0x00000120   Number         0  startup_stm32f10x_md_vl.o ABSOLUTE
    __Vectors                                0x08000000   Data           4  startup_stm32f10x_md_vl.o(RESET)
    __Vectors_End                            0x08000120   Data           0  startup_stm32f10x_md_vl.o(RESET)
    __main                                   0x08000121   Thumb Code     8  __main.o(!!!main)
    __scatterload                            0x08000129   Thumb Code     0  __scatter.o(!!!scatter)
    __scatterload_rt2                        0x08000129   Thumb Code    44  __scatter.o(!!!scatter)
    __scatterload_rt2_thumb_only             0x08000129   Thumb Code     0  __scatter.o(!!!scatter)
    __scatterload_null                       0x08000137   Thumb Code     0  __scatter.o(!!!scatter)
    __scatterload_copy                       0x0800015d   Thumb Code    26  __scatter_copy.o(!!handler_copy)
    __scatterload_zeroinit                   0x08000179   Thumb Code    28  __scatter_zi.o(!!handler_zi)
    __rt_lib_init                            0x08000195   Thumb Code     0  libinit.o(.ARM.Collect$$libinit$$00000000)
    __rt_lib_init_alloca_1                   0x08000197   Thumb Code     0  libinit2.o(.ARM.Collect$$libinit$$0000002E)
    __rt_lib_init_argv_1                     0x08000197   Thumb Code     0  libinit2.o(.ARM.Collect$$libinit$$0000002C)
    __rt_lib_init_atexit_1                   0x08000197   Thumb Code     0  libinit2.o(.ARM.Collect$$libinit$$0000001B)
    __rt_lib_init_clock_1                    0x08000197   Thumb Code     0  libinit2.o(.ARM.Collect$$libinit$$00000021)
    __rt_lib_init_cpp_1                      0x08000197   Thumb Code     0  libinit2.o(.ARM.Collect$$libinit$$00000032)
    __rt_lib_init_exceptions_1               0x08000197   Thumb Code     0  libinit2.o(.ARM.Collect$$libinit$$00000030)
    __rt_lib_init_fp_1                       0x08000197   Thumb Code     0  libinit2.o(.ARM.Collect$$libinit$$00000002)
    __rt_lib_init_fp_trap_1                  0x08000197   Thumb Code     0  libinit2.o(.ARM.Collect$$libinit$$0000001F)
    __rt_lib_init_getenv_1                   0x08000197   Thumb Code     0  libinit2.o(.ARM.Collect$$libinit$$00000023)
    __rt_lib_init_heap_1                     0x08000197   Thumb Code     0  libinit2.o(.ARM.Collect$$libinit$$0000000A)
    __rt_lib_init_lc_collate_1               0x08000197   Thumb Code     0  libinit2.o(.ARM.Collect$$libinit$$00000011)
    __rt_lib_init_lc_ctype_1                 0x08000197   Thumb Code     0  libinit2.o(.ARM.Collect$$libinit$$00000013)
    __rt_lib_init_lc_monetary_1              0x08000197   Thumb Code     0  libinit2.o(.ARM.Collect$$libinit$$00000015)
    __rt_lib_init_lc_numeric_1               0x08000197   Thumb Code     0  libinit2.o(.ARM.Collect$$libinit$$00000017)
    __rt_lib_init_lc_time_1                  0x08000197   Thumb Code     0  libinit2.o(.ARM.Collect$$libinit$$00000019)
    __rt_lib_init_preinit_1                  0x08000197   Thumb Code     0  libinit2.o(.ARM.Collect$$libinit$$00000004)
    __rt_lib_init_rand_1                     0x08000197   Thumb Code     0  libinit2.o(.ARM.Collect$$libinit$$0000000E)
    __rt_lib_init_return                     0x08000197   Thumb Code     0  libinit2.o(.ARM.Collect$$libinit$$00000033)
    __rt_lib_init_signal_1                   0x08000197   Thumb Code     0  libinit2.o(.ARM.Collect$$libinit$$0000001D)
    __rt_lib_init_stdio_1                    0x08000197   Thumb Code     0  libinit2.o(.ARM.Collect$$libinit$$00000025)
    __rt_lib_init_user_alloc_1               0x08000197   Thumb Code     0  libinit2.o(.ARM.Collect$$libinit$$0000000C)
    __rt_lib_shutdown                        0x08000199   Thumb Code     0  libshutdown.o(.ARM.Collect$$libshutdown$$00000000)
    __rt_lib_shutdown_cpp_1                  0x0800019b   Thumb Code     0  libshutdown2.o(.ARM.Collect$$libshutdown$$00000002)
    __rt_lib_shutdown_fp_trap_1              0x0800019b   Thumb Code     0  libshutdown2.o(.ARM.Collect$$libshutdown$$00000007)
    __rt_lib_shutdown_heap_1                 0x0800019b   Thumb Code     0  libshutdown2.o(.ARM.Collect$$libshutdown$$0000000F)
    __rt_lib_shutdown_return                 0x0800019b   Thumb Code     0  libshutdown2.o(.ARM.Collect$$libshutdown$$00000010)
    __rt_lib_shutdown_signal_1               0x0800019b   Thumb Code     0  libshutdown2.o(.ARM.Collect$$libshutdown$$0000000A)
    __rt_lib_shutdown_stdio_1                0x0800019b   Thumb Code     0  libshutdown2.o(.ARM.Collect$$libshutdown$$00000004)
    __rt_lib_shutdown_user_alloc_1           0x0800019b   Thumb Code     0  libshutdown2.o(.ARM.Collect$$libshutdown$$0000000C)
    __rt_entry                               0x0800019d   Thumb Code     0  __rtentry.o(.ARM.Collect$$rtentry$$00000000)
    __rt_entry_presh_1                       0x0800019d   Thumb Code     0  __rtentry2.o(.ARM.Collect$$rtentry$$00000002)
    __rt_entry_sh                            0x0800019d   Thumb Code     0  __rtentry4.o(.ARM.Collect$$rtentry$$00000004)
    __rt_entry_li                            0x080001a3   Thumb Code     0  __rtentry2.o(.ARM.Collect$$rtentry$$0000000A)
    __rt_entry_postsh_1                      0x080001a3   Thumb Code     0  __rtentry2.o(.ARM.Collect$$rtentry$$00000009)
    __rt_entry_main                          0x080001a7   Thumb Code     0  __rtentry2.o(.ARM.Collect$$rtentry$$0000000D)
    __rt_entry_postli_1                      0x080001a7   Thumb Code     0  __rtentry2.o(.ARM.Collect$$rtentry$$0000000C)
    __rt_exit                                0x080001af   Thumb Code     0  rtexit.o(.ARM.Collect$$rtexit$$00000000)
    __rt_exit_ls                             0x080001b1   Thumb Code     0  rtexit2.o(.ARM.Collect$$rtexit$$00000003)
    __rt_exit_prels_1                        0x080001b1   Thumb Code     0  rtexit2.o(.ARM.Collect$$rtexit$$00000002)
    __rt_exit_exit                           0x080001b5   Thumb Code     0  rtexit2.o(.ARM.Collect$$rtexit$$00000004)
    Reset_Handler                            0x080001bd   Thumb Code     8  startup_stm32f10x_md_vl.o(.text)
    ADC1_IRQHandler                          0x080001d7   Thumb Code     0  startup_stm32f10x_md_vl.o(.text)
    CEC_IRQHandler                           0x080001d7   Thumb Code     0  startup_stm32f10x_md_vl.o(.text)
    DMA1_Channel1_IRQHandler                 0x080001d7   Thumb Code     0  startup_stm32f10x_md_vl.o(.text)
    DMA1_Channel2_IRQHandler                 0x080001d7   Thumb Code     0  startup_stm32f10x_md_vl.o(.text)
    DMA1_Channel3_IRQHandler                 0x080001d7   Thumb Code     0  startup_stm32f10x_md_vl.o(.text)
    DMA1_Channel4_IRQHandler                 0x080001d7   Thumb Code     0  startup_stm32f10x_md_vl.o(.text)
    DMA1_Channel5_IRQHandler                 0x080001d7   Thumb Code     0  startup_stm32f10x_md_vl.o(.text)
    DMA1_Channel6_IRQHandler                 0x080001d7   Thumb Code     0  startup_stm32f10x_md_vl.o(.text)
    DMA1_Channel7_IRQHandler                 0x080001d7   Thumb Code     0  startup_stm32f10x_md_vl.o(.text)
    EXTI0_IRQHandler                         0x080001d7   Thumb Code     0  startup_stm32f10x_md_vl.o(.text)
    EXTI15_10_IRQHandler                     0x080001d7   Thumb Code     0  startup_stm32f10x_md_vl.o(.text)
    EXTI1_IRQHandler                         0x080001d7   Thumb Code     0  startup_stm32f10x_md_vl.o(.text)
    EXTI2_IRQHandler                         0x080001d7   Thumb Code     0  startup_stm32f10x_md_vl.o(.text)
    EXTI3_IRQHandler                         0x080001d7   Thumb Code     0  startup_stm32f10x_md_vl.o(.text)
    FLASH_IRQHandler                         0x080001d7   Thumb Code     0  startup_stm32f10x_md_vl.o(.text)
    I2C1_ER_IRQHandler                       0x080001d7   Thumb Code     0  startup_stm32f10x_md_vl.o(.text)
    I2C1_EV_IRQHandler                       0x080001d7   Thumb Code     0  startup_stm32f10x_md_vl.o(.text)
    I2C2_ER_IRQHandler                       0x080001d7   Thumb Code     0  startup_stm32f10x_md_vl.o(.text)
    I2C2_EV_IRQHandler                       0x080001d7   Thumb Code     0  startup_stm32f10x_md_vl.o(.text)
    PVD_IRQHandler                           0x080001d7   Thumb Code     0  startup_stm32f10x_md_vl.o(.text)
    RCC_IRQHandler                           0x080001d7   Thumb Code     0  startup_stm32f10x_md_vl.o(.text)
    RTCAlarm_IRQHandler                      0x080001d7   Thumb Code     0  startup_stm32f10x_md_vl.o(.text)
    RTC_IRQHandler                           0x080001d7   Thumb Code     0  startup_stm32f10x_md_vl.o(.text)
    SPI1_IRQHandler                          0x080001d7   Thumb Code     0  startup_stm32f10x_md_vl.o(.text)
    SPI2_IRQHandler                          0x080001d7   Thumb Code     0  startup_stm32f10x_md_vl.o(.text)
    TAMPER_IRQHandler                        0x080001d7   Thumb Code     0  startup_stm32f10x_md_vl.o(.text)
    TIM1_BRK_TIM15_IRQHandler                0x080001d7   Thumb Code     0  startup_stm32f10x_md_vl.o(.text)
    TIM1_CC_IRQHandler                       0x080001d7   Thumb Code     0  startup_stm32f10x_md_vl.o(.text)
    TIM1_TRG_COM_TIM17_IRQHandler            0x080001d7   Thumb Code     0  startup_stm32f10x_md_vl.o(.text)
    TIM1_UP_TIM16_IRQHandler                 0x080001d7   Thumb Code     0  startup_stm32f10x_md_vl.o(.text)
    TIM2_IRQHandler                          0x080001d7   Thumb Code     0  startup_stm32f10x_md_vl.o(.text)
    TIM3_IRQHandler                          0x080001d7   Thumb Code     0  startup_stm32f10x_md_vl.o(.text)
    TIM4_IRQHandler                          0x080001d7   Thumb Code     0  startup_stm32f10x_md_vl.o(.text)
    TIM6_DAC_IRQHandler                      0x080001d7   Thumb Code     0  startup_stm32f10x_md_vl.o(.text)
    TIM7_IRQHandler                          0x080001d7   Thumb Code     0  startup_stm32f10x_md_vl.o(.text)
    USART1_IRQHandler                        0x080001d7   Thumb Code     0  startup_stm32f10x_md_vl.o(.text)
    USART2_IRQHandler                        0x080001d7   Thumb Code     0  startup_stm32f10x_md_vl.o(.text)
    WWDG_IRQHandler                          0x080001d7   Thumb Code     0  startup_stm32f10x_md_vl.o(.text)
    __user_initial_stackheap                 0x080001d9   Thumb Code     0  startup_stm32f10x_md_vl.o(.text)
    __use_two_region_memory                  0x080001fd   Thumb Code     2  heapauxi.o(.text)
    __rt_heap_escrow$2region                 0x080001ff   Thumb Code     2  heapauxi.o(.text)
    __rt_heap_expand$2region                 0x08000201   Thumb Code     2  heapauxi.o(.text)
    __user_libspace                          0x08000205   Thumb Code     8  libspace.o(.text)
    __user_perproc_libspace                  0x08000205   Thumb Code     0  libspace.o(.text)
    __user_perthread_libspace                0x08000205   Thumb Code     0  libspace.o(.text)
    __user_setup_stackheap                   0x0800020d   Thumb Code    74  sys_stackheap_outer.o(.text)
    exit                                     0x08000257   Thumb Code    18  exit.o(.text)
    _sys_exit                                0x08000269   Thumb Code     8  sys_exit.o(.text)
    __I$use$semihosting                      0x08000275   Thumb Code     0  use_no_semi.o(.text)
    __use_no_semihosting_swi                 0x08000275   Thumb Code     2  use_no_semi.o(.text)
    BusFault_Handler                         0x08000277   Thumb Code     4  stm32f10x_it.o(i.BusFault_Handler)
    __semihosting_library_function           0x08000277   Thumb Code     0  indicate_semi.o(.text)
    DebugMon_Handler                         0x0800027b   Thumb Code     2  stm32f10x_it.o(i.DebugMon_Handler)
    Delay_us                                 0x0800027d   Thumb Code    46  delay.o(i.Delay_us)
    EXIT_Init                                0x080002ad   Thumb Code   156  exit.o(i.EXIT_Init)
    EXTI4_IRQHandler                         0x0800034d   Thumb Code   110  ultrasonic sensor.o(i.EXTI4_IRQHandler)
    EXTI9_5_IRQHandler                       0x080003cd   Thumb Code   684  pid.o(i.EXTI9_5_IRQHandler)
    EXTI_ClearITPendingBit                   0x080006e1   Thumb Code     6  stm32f10x_exti.o(i.EXTI_ClearITPendingBit)
    EXTI_GetITStatus                         0x080006ed   Thumb Code    34  stm32f10x_exti.o(i.EXTI_GetITStatus)
    EXTI_Init                                0x08000715   Thumb Code   142  stm32f10x_exti.o(i.EXTI_Init)
    Encoder2_Get                             0x080007a9   Thumb Code    26  encoder.o(i.Encoder2_Get)
    Encoder4_Get                             0x080007c5   Thumb Code    22  encoder.o(i.Encoder4_Get)
    Encoder_Init                             0x080007e1   Thumb Code   186  encoder.o(i.Encoder_Init)
    GPIO_EXTILineConfig                      0x080008a1   Thumb Code    60  stm32f10x_gpio.o(i.GPIO_EXTILineConfig)
    GPIO_Init                                0x080008e1   Thumb Code   278  stm32f10x_gpio.o(i.GPIO_Init)
    GPIO_ReadInputDataBit                    0x080009f7   Thumb Code    18  stm32f10x_gpio.o(i.GPIO_ReadInputDataBit)
    GPIO_ResetBits                           0x08000a09   Thumb Code     4  stm32f10x_gpio.o(i.GPIO_ResetBits)
    GPIO_SetBits                             0x08000a0d   Thumb Code     4  stm32f10x_gpio.o(i.GPIO_SetBits)
    GPIO_WriteBit                            0x08000a11   Thumb Code    10  stm32f10x_gpio.o(i.GPIO_WriteBit)
    HardFault_Handler                        0x08000a1b   Thumb Code     4  stm32f10x_it.o(i.HardFault_Handler)
    Infared_Transducer_Init                  0x08000a21   Thumb Code    38  infrared transducer.o(i.Infared_Transducer_Init)
    MPU6050_GetData                          0x08000a4d   Thumb Code   298  mpu6050.o(i.MPU6050_GetData)
    MPU6050_Init                             0x08000b7d   Thumb Code    72  mpu6050.o(i.MPU6050_Init)
    MPU6050_ReadReg                          0x08000bc5   Thumb Code    62  mpu6050.o(i.MPU6050_ReadReg)
    MPU6050_WriteReg                         0x08000c03   Thumb Code    46  mpu6050.o(i.MPU6050_WriteReg)
    MemManage_Handler                        0x08000c31   Thumb Code     4  stm32f10x_it.o(i.MemManage_Handler)
    Motor_Init                               0x08000c35   Thumb Code    44  motor.o(i.Motor_Init)
    Motor_SetLSpeed                          0x08000c65   Thumb Code    66  motor.o(i.Motor_SetLSpeed)
    Motor_SetRSpeed                          0x08000cad   Thumb Code    64  motor.o(i.Motor_SetRSpeed)
    MyI2C_Init                               0x08000cf1   Thumb Code    48  myi2c.o(i.MyI2C_Init)
    MyI2C_R_SDA                              0x08000d25   Thumb Code    24  myi2c.o(i.MyI2C_R_SDA)
    MyI2C_ReceiveAck                         0x08000d41   Thumb Code    30  myi2c.o(i.MyI2C_ReceiveAck)
    MyI2C_ReceiveByte                        0x08000d5f   Thumb Code    52  myi2c.o(i.MyI2C_ReceiveByte)
    MyI2C_SendAck                            0x08000d93   Thumb Code    24  myi2c.o(i.MyI2C_SendAck)
    MyI2C_SendByte                           0x08000dab   Thumb Code    42  myi2c.o(i.MyI2C_SendByte)
    MyI2C_Start                              0x08000dd5   Thumb Code    28  myi2c.o(i.MyI2C_Start)
    MyI2C_Stop                               0x08000df1   Thumb Code    22  myi2c.o(i.MyI2C_Stop)
    MyI2C_W_SCL                              0x08000e09   Thumb Code    24  myi2c.o(i.MyI2C_W_SCL)
    MyI2C_W_SDA                              0x08000e25   Thumb Code    24  myi2c.o(i.MyI2C_W_SDA)
    NMI_Handler                              0x08000e41   Thumb Code     2  stm32f10x_it.o(i.NMI_Handler)
    NVIC_Init                                0x08000e45   Thumb Code   100  misc.o(i.NVIC_Init)
    NVIC_PriorityGroupConfig                 0x08000eb5   Thumb Code    10  misc.o(i.NVIC_PriorityGroupConfig)
    OLED_Clear                               0x08000ec9   Thumb Code    42  oled.o(i.OLED_Clear)
    OLED_I2C_Init                            0x08000ef5   Thumb Code    76  oled.o(i.OLED_I2C_Init)
    OLED_I2C_SendByte                        0x08000f45   Thumb Code    80  oled.o(i.OLED_I2C_SendByte)
    OLED_I2C_Start                           0x08000f99   Thumb Code    48  oled.o(i.OLED_I2C_Start)
    OLED_I2C_Stop                            0x08000fcd   Thumb Code    36  oled.o(i.OLED_I2C_Stop)
    OLED_Init                                0x08000ff5   Thumb Code   174  oled.o(i.OLED_Init)
    OLED_SetCursor                           0x080010a3   Thumb Code    34  oled.o(i.OLED_SetCursor)
    OLED_ShowChar                            0x080010c5   Thumb Code   110  oled.o(i.OLED_ShowChar)
    OLED_WriteCommand                        0x08001139   Thumb Code    32  oled.o(i.OLED_WriteCommand)
    OLED_WriteData                           0x08001159   Thumb Code    32  oled.o(i.OLED_WriteData)
    PWM_Init                                 0x08001179   Thumb Code   156  pwm.o(i.PWM_Init)
    PWM_SetCompare1                          0x0800121d   Thumb Code    14  pwm.o(i.PWM_SetCompare1)
    PWM_SetCompare4                          0x08001231   Thumb Code    14  pwm.o(i.PWM_SetCompare4)
    PendSV_Handler                           0x08001245   Thumb Code     2  stm32f10x_it.o(i.PendSV_Handler)
    RCC_APB1PeriphClockCmd                   0x08001249   Thumb Code    26  stm32f10x_rcc.o(i.RCC_APB1PeriphClockCmd)
    RCC_APB2PeriphClockCmd                   0x08001269   Thumb Code    26  stm32f10x_rcc.o(i.RCC_APB2PeriphClockCmd)
    RCC_GetClocksFreq                        0x08001289   Thumb Code   192  stm32f10x_rcc.o(i.RCC_GetClocksFreq)
    SVC_Handler                              0x0800135d   Thumb Code     2  stm32f10x_it.o(i.SVC_Handler)
    Serial_Init                              0x08001361   Thumb Code   176  serial.o(i.Serial_Init)
    SysTick_Handler                          0x08001501   Thumb Code     2  stm32f10x_it.o(i.SysTick_Handler)
    SystemInit                               0x08001505   Thumb Code    78  system_stm32f10x.o(i.SystemInit)
    TIM_ClearFlag                            0x080017a5   Thumb Code     6  stm32f10x_tim.o(i.TIM_ClearFlag)
    TIM_Cmd                                  0x080017ab   Thumb Code    24  stm32f10x_tim.o(i.TIM_Cmd)
    TIM_CtrlPWMOutputs                       0x080017c3   Thumb Code    30  stm32f10x_tim.o(i.TIM_CtrlPWMOutputs)
    TIM_EncoderInterfaceConfig               0x080017e1   Thumb Code    66  stm32f10x_tim.o(i.TIM_EncoderInterfaceConfig)
    TIM_GetCounter                           0x08001823   Thumb Code     6  stm32f10x_tim.o(i.TIM_GetCounter)
    TIM_ICInit                               0x08001829   Thumb Code   150  stm32f10x_tim.o(i.TIM_ICInit)
    TIM_ICStructInit                         0x080018d5   Thumb Code    18  stm32f10x_tim.o(i.TIM_ICStructInit)
    TIM_ITConfig                             0x080018e7   Thumb Code    18  stm32f10x_tim.o(i.TIM_ITConfig)
    TIM_InternalClockConfig                  0x080018f9   Thumb Code    12  stm32f10x_tim.o(i.TIM_InternalClockConfig)
    TIM_OC1Init                              0x08001905   Thumb Code   132  stm32f10x_tim.o(i.TIM_OC1Init)
    TIM_OC4Init                              0x0800199d   Thumb Code   114  stm32f10x_tim.o(i.TIM_OC4Init)
    TIM_OCStructInit                         0x08001a19   Thumb Code    20  stm32f10x_tim.o(i.TIM_OCStructInit)
    TIM_SetCompare1                          0x08001a2d   Thumb Code     4  stm32f10x_tim.o(i.TIM_SetCompare1)
    TIM_SetCompare4                          0x08001a31   Thumb Code     6  stm32f10x_tim.o(i.TIM_SetCompare4)
    TIM_SetCounter                           0x08001a37   Thumb Code     4  stm32f10x_tim.o(i.TIM_SetCounter)
    TIM_SetIC1Prescaler                      0x08001a3b   Thumb Code    18  stm32f10x_tim.o(i.TIM_SetIC1Prescaler)
    TIM_SetIC2Prescaler                      0x08001a4d   Thumb Code    26  stm32f10x_tim.o(i.TIM_SetIC2Prescaler)
    TIM_SetIC3Prescaler                      0x08001a67   Thumb Code    18  stm32f10x_tim.o(i.TIM_SetIC3Prescaler)
    TIM_SetIC4Prescaler                      0x08001a79   Thumb Code    26  stm32f10x_tim.o(i.TIM_SetIC4Prescaler)
    TIM_TimeBaseInit                         0x08001a95   Thumb Code   122  stm32f10x_tim.o(i.TIM_TimeBaseInit)
    Timer_Init                               0x08001b39   Thumb Code   120  timer.o(i.Timer_Init)
    Turn                                     0x08001bb5   Thumb Code    60  pid.o(i.Turn)
    USART3_IRQHandler                        0x08001bf9   Thumb Code    42  serial.o(i.USART3_IRQHandler)
    USART_ClearITPendingBit                  0x08001c2d   Thumb Code    30  stm32f10x_usart.o(i.USART_ClearITPendingBit)
    USART_Cmd                                0x08001c4b   Thumb Code    24  stm32f10x_usart.o(i.USART_Cmd)
    USART_GetITStatus                        0x08001c63   Thumb Code    84  stm32f10x_usart.o(i.USART_GetITStatus)
    USART_ITConfig                           0x08001cb7   Thumb Code    74  stm32f10x_usart.o(i.USART_ITConfig)
    USART_Init                               0x08001d01   Thumb Code   210  stm32f10x_usart.o(i.USART_Init)
    USART_ReceiveData                        0x08001dd9   Thumb Code    10  stm32f10x_usart.o(i.USART_ReceiveData)
    Ultrasonic_Sensor_Init                   0x08001de5   Thumb Code   146  ultrasonic sensor.o(i.Ultrasonic_Sensor_Init)
    UsageFault_Handler                       0x08001e7d   Thumb Code     4  stm32f10x_it.o(i.UsageFault_Handler)
    Vertical                                 0x08001e81   Thumb Code    62  pid.o(i.Vertical)
    __ARM_fpclassify                         0x08001ec9   Thumb Code    40  fpclassify.o(i.__ARM_fpclassify)
    __kernel_poly                            0x08001ef1   Thumb Code   170  poly.o(i.__kernel_poly)
    __mathlib_dbl_infnan                     0x08001f9b   Thumb Code     6  dunder.o(i.__mathlib_dbl_infnan)
    __mathlib_dbl_infnan2                    0x08001fa1   Thumb Code     4  dunder.o(i.__mathlib_dbl_infnan2)
    __mathlib_dbl_underflow                  0x08001fa5   Thumb Code    10  dunder.o(i.__mathlib_dbl_underflow)
    atan                                     0x08001fb5   Thumb Code   474  atan.o(i.atan)
    atan2                                    0x080021d5   Thumb Code   346  atan2.o(i.atan2)
    main                                     0x08002355   Thumb Code    50  main.o(i.main)
    velocity                                 0x08002389   Thumb Code   160  pid.o(i.velocity)
    __aeabi_d2f                              0x08002445   Thumb Code     0  d2f.o(x$fpl$d2f)
    _d2f                                     0x08002445   Thumb Code    98  d2f.o(x$fpl$d2f)
    __aeabi_dadd                             0x080024a9   Thumb Code     0  daddsub_clz.o(x$fpl$dadd)
    _dadd                                    0x080024a9   Thumb Code   332  daddsub_clz.o(x$fpl$dadd)
    __fpl_dcheck_NaN1                        0x080025f9   Thumb Code    10  dcheck1.o(x$fpl$dcheck1)
    __aeabi_ddiv                             0x08002609   Thumb Code     0  ddiv.o(x$fpl$ddiv)
    _ddiv                                    0x08002609   Thumb Code   552  ddiv.o(x$fpl$ddiv)
    __aeabi_d2iz                             0x080028b9   Thumb Code     0  dfix.o(x$fpl$dfix)
    _dfix                                    0x080028b9   Thumb Code    94  dfix.o(x$fpl$dfix)
    __aeabi_i2d                              0x08002917   Thumb Code     0  dflt_clz.o(x$fpl$dflt)
    _dflt                                    0x08002917   Thumb Code    46  dflt_clz.o(x$fpl$dflt)
    __aeabi_ui2d                             0x08002945   Thumb Code     0  dflt_clz.o(x$fpl$dfltu)
    _dfltu                                   0x08002945   Thumb Code    38  dflt_clz.o(x$fpl$dfltu)
    __aeabi_dmul                             0x0800296d   Thumb Code     0  dmul.o(x$fpl$dmul)
    _dmul                                    0x0800296d   Thumb Code   332  dmul.o(x$fpl$dmul)
    __fpl_dnaninf                            0x08002ac1   Thumb Code   156  dnaninf.o(x$fpl$dnaninf)
    __fpl_dretinf                            0x08002b5d   Thumb Code    12  dretinf.o(x$fpl$dretinf)
    __aeabi_drsub                            0x08002b69   Thumb Code     0  daddsub_clz.o(x$fpl$drsb)
    _drsb                                    0x08002b69   Thumb Code    22  daddsub_clz.o(x$fpl$drsb)
    __aeabi_dsub                             0x08002b81   Thumb Code     0  daddsub_clz.o(x$fpl$dsub)
    _dsub                                    0x08002b81   Thumb Code   464  daddsub_clz.o(x$fpl$dsub)
    __aeabi_f2d                              0x08002d55   Thumb Code     0  f2d.o(x$fpl$f2d)
    _f2d                                     0x08002d55   Thumb Code    86  f2d.o(x$fpl$f2d)
    __aeabi_fadd                             0x08002dad   Thumb Code     0  faddsub_clz.o(x$fpl$fadd)
    _fadd                                    0x08002dad   Thumb Code   196  faddsub_clz.o(x$fpl$fadd)
    __aeabi_fdiv                             0x08002e71   Thumb Code     0  fdiv.o(x$fpl$fdiv)
    _fdiv                                    0x08002e71   Thumb Code   384  fdiv.o(x$fpl$fdiv)
    __aeabi_f2iz                             0x08002ff5   Thumb Code     0  ffix.o(x$fpl$ffix)
    _ffix                                    0x08002ff5   Thumb Code    54  ffix.o(x$fpl$ffix)
    __aeabi_i2f                              0x0800302d   Thumb Code     0  fflt_clz.o(x$fpl$fflt)
    _fflt                                    0x0800302d   Thumb Code    48  fflt_clz.o(x$fpl$fflt)
    __aeabi_fmul                             0x0800305d   Thumb Code     0  fmul.o(x$fpl$fmul)
    _fmul                                    0x0800305d   Thumb Code   258  fmul.o(x$fpl$fmul)
    __fpl_fnaninf                            0x0800315f   Thumb Code   140  fnaninf.o(x$fpl$fnaninf)
    __fpl_fretinf                            0x080031eb   Thumb Code    10  fretinf.o(x$fpl$fretinf)
    __aeabi_frsub                            0x080031f5   Thumb Code     0  faddsub_clz.o(x$fpl$frsb)
    _frsb                                    0x080031f5   Thumb Code    20  faddsub_clz.o(x$fpl$frsb)
    __aeabi_fsub                             0x08003209   Thumb Code     0  faddsub_clz.o(x$fpl$fsub)
    _fsub                                    0x08003209   Thumb Code   234  faddsub_clz.o(x$fpl$fsub)
    __fpl_return_NaN                         0x080032f3   Thumb Code   100  retnan.o(x$fpl$retnan)
    __ARM_scalbn                             0x08003357   Thumb Code    92  scalbn.o(x$fpl$scalbn)
    __fpl_cmpreturn                          0x080033b3   Thumb Code    48  trapv.o(x$fpl$trapveneer)
    OLED_F8x16                               0x080033e2   Data        1520  oled.o(.constdata)
    __I$use$fp                               0x080033e2   Number         0  usenofp.o(x$fpl$usenofp)
    __mathlib_zero                           0x08003a70   Data           8  qnan.o(.constdata)
    Region$$Table$$Base                      0x08003a78   Number         0  anon$$obj.o(Region$$Table)
    Region$$Table$$Limit                     0x08003a98   Number         0  anon$$obj.o(Region$$Table)
    speed                                    0x20000014   Data           4  main.o(.data)
    turn                                     0x20000018   Data           4  main.o(.data)
    distance                                 0x2000001c   Data           4  main.o(.data)
    state                                    0x20000020   Data           4  main.o(.data)
    SpeedL                                   0x20000024   Data           4  pid.o(.data)
    SpeedR                                   0x20000028   Data           4  pid.o(.data)
    roll                                     0x2000002c   Data           4  pid.o(.data)
    pitch                                    0x20000030   Data           4  pid.o(.data)
    yaw                                      0x20000034   Data           4  pid.o(.data)
    AX                                       0x20000038   Data           2  pid.o(.data)
    AY                                       0x2000003a   Data           2  pid.o(.data)
    AZ                                       0x2000003c   Data           2  pid.o(.data)
    GX                                       0x2000003e   Data           2  pid.o(.data)
    GY                                       0x20000040   Data           2  pid.o(.data)
    GZ                                       0x20000042   Data           2  pid.o(.data)
    Med_Angel                                0x20000044   Data           4  pid.o(.data)
    Vertical_kp                              0x20000048   Data           4  pid.o(.data)
    Vertical_Kd                              0x2000004c   Data           4  pid.o(.data)
    velocity_Kp                              0x20000050   Data           4  pid.o(.data)
    velocity_Ki                              0x20000054   Data           4  pid.o(.data)
    Turn_Kp                                  0x20000058   Data           4  pid.o(.data)
    Turn_Kd                                  0x2000005c   Data           4  pid.o(.data)
    Vertical_out                             0x20000060   Data           4  pid.o(.data)
    velocity_out                             0x20000064   Data           4  pid.o(.data)
    Turn_out                                 0x20000068   Data           4  pid.o(.data)
    MOTO1                                    0x2000006c   Data           4  pid.o(.data)
    MOTO2                                    0x20000070   Data           4  pid.o(.data)
    __libspace_start                         0x2000007c   Data          96  libspace.o(.bss)
    __temporary_stack_top$libspace           0x200000dc   Data           0  libspace.o(.bss)



==============================================================================

Memory Map of the image

  Image Entry point : 0x080001bd

  Load Region LR_1 (Base: 0x08000000, Size: 0x00003b14, Max: 0xffffffff, ABSOLUTE)

    Execution Region ER_RO (Exec base: 0x08000000, Load base: 0x08000000, Size: 0x00003a98, Max: 0xffffffff, ABSOLUTE)

    Exec Addr    Load Addr    Size         Type   Attr      Idx    E Section Name        Object

    0x08000000   0x08000000   0x00000120   Data   RO            3    RESET               startup_stm32f10x_md_vl.o
    0x08000120   0x08000120   0x00000008   Code   RO         3813  * !!!main             c_w.l(__main.o)
    0x08000128   0x08000128   0x00000034   Code   RO         4079    !!!scatter          c_w.l(__scatter.o)
    0x0800015c   0x0800015c   0x0000001a   Code   RO         4081    !!handler_copy      c_w.l(__scatter_copy.o)
    0x08000176   0x08000176   0x00000002   PAD
    0x08000178   0x08000178   0x0000001c   Code   RO         4083    !!handler_zi        c_w.l(__scatter_zi.o)
    0x08000194   0x08000194   0x00000002   Code   RO         3946    .ARM.Collect$$libinit$$00000000  c_w.l(libinit.o)
    0x08000196   0x08000196   0x00000000   Code   RO         3952    .ARM.Collect$$libinit$$00000002  c_w.l(libinit2.o)
    0x08000196   0x08000196   0x00000000   Code   RO         3954    .ARM.Collect$$libinit$$00000004  c_w.l(libinit2.o)
    0x08000196   0x08000196   0x00000000   Code   RO         3957    .ARM.Collect$$libinit$$0000000A  c_w.l(libinit2.o)
    0x08000196   0x08000196   0x00000000   Code   RO         3959    .ARM.Collect$$libinit$$0000000C  c_w.l(libinit2.o)
    0x08000196   0x08000196   0x00000000   Code   RO         3961    .ARM.Collect$$libinit$$0000000E  c_w.l(libinit2.o)
    0x08000196   0x08000196   0x00000000   Code   RO         3964    .ARM.Collect$$libinit$$00000011  c_w.l(libinit2.o)
    0x08000196   0x08000196   0x00000000   Code   RO         3966    .ARM.Collect$$libinit$$00000013  c_w.l(libinit2.o)
    0x08000196   0x08000196   0x00000000   Code   RO         3968    .ARM.Collect$$libinit$$00000015  c_w.l(libinit2.o)
    0x08000196   0x08000196   0x00000000   Code   RO         3970    .ARM.Collect$$libinit$$00000017  c_w.l(libinit2.o)
    0x08000196   0x08000196   0x00000000   Code   RO         3972    .ARM.Collect$$libinit$$00000019  c_w.l(libinit2.o)
    0x08000196   0x08000196   0x00000000   Code   RO         3974    .ARM.Collect$$libinit$$0000001B  c_w.l(libinit2.o)
    0x08000196   0x08000196   0x00000000   Code   RO         3976    .ARM.Collect$$libinit$$0000001D  c_w.l(libinit2.o)
    0x08000196   0x08000196   0x00000000   Code   RO         3978    .ARM.Collect$$libinit$$0000001F  c_w.l(libinit2.o)
    0x08000196   0x08000196   0x00000000   Code   RO         3980    .ARM.Collect$$libinit$$00000021  c_w.l(libinit2.o)
    0x08000196   0x08000196   0x00000000   Code   RO         3982    .ARM.Collect$$libinit$$00000023  c_w.l(libinit2.o)
    0x08000196   0x08000196   0x00000000   Code   RO         3984    .ARM.Collect$$libinit$$00000025  c_w.l(libinit2.o)
    0x08000196   0x08000196   0x00000000   Code   RO         3988    .ARM.Collect$$libinit$$0000002C  c_w.l(libinit2.o)
    0x08000196   0x08000196   0x00000000   Code   RO         3990    .ARM.Collect$$libinit$$0000002E  c_w.l(libinit2.o)
    0x08000196   0x08000196   0x00000000   Code   RO         3992    .ARM.Collect$$libinit$$00000030  c_w.l(libinit2.o)
    0x08000196   0x08000196   0x00000000   Code   RO         3994    .ARM.Collect$$libinit$$00000032  c_w.l(libinit2.o)
    0x08000196   0x08000196   0x00000002   Code   RO         3995    .ARM.Collect$$libinit$$00000033  c_w.l(libinit2.o)
    0x08000198   0x08000198   0x00000002   Code   RO         4019    .ARM.Collect$$libshutdown$$00000000  c_w.l(libshutdown.o)
    0x0800019a   0x0800019a   0x00000000   Code   RO         4032    .ARM.Collect$$libshutdown$$00000002  c_w.l(libshutdown2.o)
    0x0800019a   0x0800019a   0x00000000   Code   RO         4034    .ARM.Collect$$libshutdown$$00000004  c_w.l(libshutdown2.o)
    0x0800019a   0x0800019a   0x00000000   Code   RO         4037    .ARM.Collect$$libshutdown$$00000007  c_w.l(libshutdown2.o)
    0x0800019a   0x0800019a   0x00000000   Code   RO         4040    .ARM.Collect$$libshutdown$$0000000A  c_w.l(libshutdown2.o)
    0x0800019a   0x0800019a   0x00000000   Code   RO         4042    .ARM.Collect$$libshutdown$$0000000C  c_w.l(libshutdown2.o)
    0x0800019a   0x0800019a   0x00000000   Code   RO         4045    .ARM.Collect$$libshutdown$$0000000F  c_w.l(libshutdown2.o)
    0x0800019a   0x0800019a   0x00000002   Code   RO         4046    .ARM.Collect$$libshutdown$$00000010  c_w.l(libshutdown2.o)
    0x0800019c   0x0800019c   0x00000000   Code   RO         3871    .ARM.Collect$$rtentry$$00000000  c_w.l(__rtentry.o)
    0x0800019c   0x0800019c   0x00000000   Code   RO         3909    .ARM.Collect$$rtentry$$00000002  c_w.l(__rtentry2.o)
    0x0800019c   0x0800019c   0x00000006   Code   RO         3921    .ARM.Collect$$rtentry$$00000004  c_w.l(__rtentry4.o)
    0x080001a2   0x080001a2   0x00000000   Code   RO         3911    .ARM.Collect$$rtentry$$00000009  c_w.l(__rtentry2.o)
    0x080001a2   0x080001a2   0x00000004   Code   RO         3912    .ARM.Collect$$rtentry$$0000000A  c_w.l(__rtentry2.o)
    0x080001a6   0x080001a6   0x00000000   Code   RO         3914    .ARM.Collect$$rtentry$$0000000C  c_w.l(__rtentry2.o)
    0x080001a6   0x080001a6   0x00000008   Code   RO         3915    .ARM.Collect$$rtentry$$0000000D  c_w.l(__rtentry2.o)
    0x080001ae   0x080001ae   0x00000002   Code   RO         3949    .ARM.Collect$$rtexit$$00000000  c_w.l(rtexit.o)
    0x080001b0   0x080001b0   0x00000000   Code   RO         3999    .ARM.Collect$$rtexit$$00000002  c_w.l(rtexit2.o)
    0x080001b0   0x080001b0   0x00000004   Code   RO         4000    .ARM.Collect$$rtexit$$00000003  c_w.l(rtexit2.o)
    0x080001b4   0x080001b4   0x00000006   Code   RO         4001    .ARM.Collect$$rtexit$$00000004  c_w.l(rtexit2.o)
    0x080001ba   0x080001ba   0x00000002   PAD
    0x080001bc   0x080001bc   0x00000040   Code   RO            4  * .text               startup_stm32f10x_md_vl.o
    0x080001fc   0x080001fc   0x00000006   Code   RO         3811    .text               c_w.l(heapauxi.o)
    0x08000202   0x08000202   0x00000002   PAD
    0x08000204   0x08000204   0x00000008   Code   RO         3934    .text               c_w.l(libspace.o)
    0x0800020c   0x0800020c   0x0000004a   Code   RO         3937    .text               c_w.l(sys_stackheap_outer.o)
    0x08000256   0x08000256   0x00000012   Code   RO         3939    .text               c_w.l(exit.o)
    0x08000268   0x08000268   0x0000000c   Code   RO         4011    .text               c_w.l(sys_exit.o)
    0x08000274   0x08000274   0x00000002   Code   RO         4022    .text               c_w.l(use_no_semi.o)
    0x08000276   0x08000276   0x00000000   Code   RO         4024    .text               c_w.l(indicate_semi.o)
    0x08000276   0x08000276   0x00000004   Code   RO         3249    i.BusFault_Handler  stm32f10x_it.o
    0x0800027a   0x0800027a   0x00000002   Code   RO         3250    i.DebugMon_Handler  stm32f10x_it.o
    0x0800027c   0x0800027c   0x0000002e   Code   RO         3314    i.Delay_us          delay.o
    0x080002aa   0x080002aa   0x00000002   PAD
    0x080002ac   0x080002ac   0x000000a0   Code   RO         3336    i.EXIT_Init         exit.o
    0x0800034c   0x0800034c   0x00000080   Code   RO         3688    i.EXTI4_IRQHandler  ultrasonic sensor.o
    0x080003cc   0x080003cc   0x00000314   Code   RO         3517    i.EXTI9_5_IRQHandler  pid.o
    0x080006e0   0x080006e0   0x0000000c   Code   RO          985    i.EXTI_ClearITPendingBit  stm32f10x_exti.o
    0x080006ec   0x080006ec   0x00000028   Code   RO          989    i.EXTI_GetITStatus  stm32f10x_exti.o
    0x08000714   0x08000714   0x00000094   Code   RO          990    i.EXTI_Init         stm32f10x_exti.o
    0x080007a8   0x080007a8   0x0000001a   Code   RO         3785    i.Encoder2_Get      encoder.o
    0x080007c2   0x080007c2   0x00000002   PAD
    0x080007c4   0x080007c4   0x0000001c   Code   RO         3786    i.Encoder4_Get      encoder.o
    0x080007e0   0x080007e0   0x000000c0   Code   RO         3787    i.Encoder_Init      encoder.o
    0x080008a0   0x080008a0   0x00000040   Code   RO         1344    i.GPIO_EXTILineConfig  stm32f10x_gpio.o
    0x080008e0   0x080008e0   0x00000116   Code   RO         1347    i.GPIO_Init         stm32f10x_gpio.o
    0x080009f6   0x080009f6   0x00000012   Code   RO         1351    i.GPIO_ReadInputDataBit  stm32f10x_gpio.o
    0x08000a08   0x08000a08   0x00000004   Code   RO         1354    i.GPIO_ResetBits    stm32f10x_gpio.o
    0x08000a0c   0x08000a0c   0x00000004   Code   RO         1355    i.GPIO_SetBits      stm32f10x_gpio.o
    0x08000a10   0x08000a10   0x0000000a   Code   RO         1358    i.GPIO_WriteBit     stm32f10x_gpio.o
    0x08000a1a   0x08000a1a   0x00000004   Code   RO         3251    i.HardFault_Handler  stm32f10x_it.o
    0x08000a1e   0x08000a1e   0x00000002   PAD
    0x08000a20   0x08000a20   0x0000002c   Code   RO         3664    i.Infared_Transducer_Init  infrared transducer.o
    0x08000a4c   0x08000a4c   0x00000130   Code   RO         3716    i.MPU6050_GetData   mpu6050.o
    0x08000b7c   0x08000b7c   0x00000048   Code   RO         3718    i.MPU6050_Init      mpu6050.o
    0x08000bc4   0x08000bc4   0x0000003e   Code   RO         3719    i.MPU6050_ReadReg   mpu6050.o
    0x08000c02   0x08000c02   0x0000002e   Code   RO         3720    i.MPU6050_WriteReg  mpu6050.o
    0x08000c30   0x08000c30   0x00000004   Code   RO         3252    i.MemManage_Handler  stm32f10x_it.o
    0x08000c34   0x08000c34   0x00000030   Code   RO         3758    i.Motor_Init        motor.o
    0x08000c64   0x08000c64   0x00000048   Code   RO         3759    i.Motor_SetLSpeed   motor.o
    0x08000cac   0x08000cac   0x00000044   Code   RO         3760    i.Motor_SetRSpeed   motor.o
    0x08000cf0   0x08000cf0   0x00000034   Code   RO         3444    i.MyI2C_Init        myi2c.o
    0x08000d24   0x08000d24   0x0000001c   Code   RO         3445    i.MyI2C_R_SDA       myi2c.o
    0x08000d40   0x08000d40   0x0000001e   Code   RO         3446    i.MyI2C_ReceiveAck  myi2c.o
    0x08000d5e   0x08000d5e   0x00000034   Code   RO         3447    i.MyI2C_ReceiveByte  myi2c.o
    0x08000d92   0x08000d92   0x00000018   Code   RO         3448    i.MyI2C_SendAck     myi2c.o
    0x08000daa   0x08000daa   0x0000002a   Code   RO         3449    i.MyI2C_SendByte    myi2c.o
    0x08000dd4   0x08000dd4   0x0000001c   Code   RO         3450    i.MyI2C_Start       myi2c.o
    0x08000df0   0x08000df0   0x00000016   Code   RO         3451    i.MyI2C_Stop        myi2c.o
    0x08000e06   0x08000e06   0x00000002   PAD
    0x08000e08   0x08000e08   0x0000001c   Code   RO         3452    i.MyI2C_W_SCL       myi2c.o
    0x08000e24   0x08000e24   0x0000001c   Code   RO         3453    i.MyI2C_W_SDA       myi2c.o
    0x08000e40   0x08000e40   0x00000002   Code   RO         3253    i.NMI_Handler       stm32f10x_it.o
    0x08000e42   0x08000e42   0x00000002   PAD
    0x08000e44   0x08000e44   0x00000070   Code   RO          137    i.NVIC_Init         misc.o
    0x08000eb4   0x08000eb4   0x00000014   Code   RO          138    i.NVIC_PriorityGroupConfig  misc.o
    0x08000ec8   0x08000ec8   0x0000002a   Code   RO         3555    i.OLED_Clear        oled.o
    0x08000ef2   0x08000ef2   0x00000002   PAD
    0x08000ef4   0x08000ef4   0x00000050   Code   RO         3556    i.OLED_I2C_Init     oled.o
    0x08000f44   0x08000f44   0x00000054   Code   RO         3557    i.OLED_I2C_SendByte  oled.o
    0x08000f98   0x08000f98   0x00000034   Code   RO         3558    i.OLED_I2C_Start    oled.o
    0x08000fcc   0x08000fcc   0x00000028   Code   RO         3559    i.OLED_I2C_Stop     oled.o
    0x08000ff4   0x08000ff4   0x000000ae   Code   RO         3560    i.OLED_Init         oled.o
    0x080010a2   0x080010a2   0x00000022   Code   RO         3562    i.OLED_SetCursor    oled.o
    0x080010c4   0x080010c4   0x00000074   Code   RO         3564    i.OLED_ShowChar     oled.o
    0x08001138   0x08001138   0x00000020   Code   RO         3569    i.OLED_WriteCommand  oled.o
    0x08001158   0x08001158   0x00000020   Code   RO         3570    i.OLED_WriteData    oled.o
    0x08001178   0x08001178   0x000000a4   Code   RO         3348    i.PWM_Init          pwm.o
    0x0800121c   0x0800121c   0x00000014   Code   RO         3349    i.PWM_SetCompare1   pwm.o
    0x08001230   0x08001230   0x00000014   Code   RO         3350    i.PWM_SetCompare4   pwm.o
    0x08001244   0x08001244   0x00000002   Code   RO         3254    i.PendSV_Handler    stm32f10x_it.o
    0x08001246   0x08001246   0x00000002   PAD
    0x08001248   0x08001248   0x00000020   Code   RO         1775    i.RCC_APB1PeriphClockCmd  stm32f10x_rcc.o
    0x08001268   0x08001268   0x00000020   Code   RO         1777    i.RCC_APB2PeriphClockCmd  stm32f10x_rcc.o
    0x08001288   0x08001288   0x000000d4   Code   RO         1785    i.RCC_GetClocksFreq  stm32f10x_rcc.o
    0x0800135c   0x0800135c   0x00000002   Code   RO         3255    i.SVC_Handler       stm32f10x_it.o
    0x0800135e   0x0800135e   0x00000002   PAD
    0x08001360   0x08001360   0x000000b8   Code   RO         3385    i.Serial_Init       serial.o
    0x08001418   0x08001418   0x00000008   Code   RO           10    i.SetSysClock       system_stm32f10x.o
    0x08001420   0x08001420   0x000000e0   Code   RO           11    i.SetSysClockTo72   system_stm32f10x.o
    0x08001500   0x08001500   0x00000002   Code   RO         3256    i.SysTick_Handler   stm32f10x_it.o
    0x08001502   0x08001502   0x00000002   PAD
    0x08001504   0x08001504   0x00000060   Code   RO           13    i.SystemInit        system_stm32f10x.o
    0x08001564   0x08001564   0x00000080   Code   RO         2405    i.TI1_Config        stm32f10x_tim.o
    0x080015e4   0x080015e4   0x00000098   Code   RO         2406    i.TI2_Config        stm32f10x_tim.o
    0x0800167c   0x0800167c   0x00000090   Code   RO         2407    i.TI3_Config        stm32f10x_tim.o
    0x0800170c   0x0800170c   0x00000098   Code   RO         2408    i.TI4_Config        stm32f10x_tim.o
    0x080017a4   0x080017a4   0x00000006   Code   RO         2415    i.TIM_ClearFlag     stm32f10x_tim.o
    0x080017aa   0x080017aa   0x00000018   Code   RO         2421    i.TIM_Cmd           stm32f10x_tim.o
    0x080017c2   0x080017c2   0x0000001e   Code   RO         2423    i.TIM_CtrlPWMOutputs  stm32f10x_tim.o
    0x080017e0   0x080017e0   0x00000042   Code   RO         2430    i.TIM_EncoderInterfaceConfig  stm32f10x_tim.o
    0x08001822   0x08001822   0x00000006   Code   RO         2440    i.TIM_GetCounter    stm32f10x_tim.o
    0x08001828   0x08001828   0x000000ac   Code   RO         2444    i.TIM_ICInit        stm32f10x_tim.o
    0x080018d4   0x080018d4   0x00000012   Code   RO         2445    i.TIM_ICStructInit  stm32f10x_tim.o
    0x080018e6   0x080018e6   0x00000012   Code   RO         2446    i.TIM_ITConfig      stm32f10x_tim.o
    0x080018f8   0x080018f8   0x0000000c   Code   RO         2448    i.TIM_InternalClockConfig  stm32f10x_tim.o
    0x08001904   0x08001904   0x00000098   Code   RO         2450    i.TIM_OC1Init       stm32f10x_tim.o
    0x0800199c   0x0800199c   0x0000007c   Code   RO         2465    i.TIM_OC4Init       stm32f10x_tim.o
    0x08001a18   0x08001a18   0x00000014   Code   RO         2468    i.TIM_OCStructInit  stm32f10x_tim.o
    0x08001a2c   0x08001a2c   0x00000004   Code   RO         2482    i.TIM_SetCompare1   stm32f10x_tim.o
    0x08001a30   0x08001a30   0x00000006   Code   RO         2485    i.TIM_SetCompare4   stm32f10x_tim.o
    0x08001a36   0x08001a36   0x00000004   Code   RO         2486    i.TIM_SetCounter    stm32f10x_tim.o
    0x08001a3a   0x08001a3a   0x00000012   Code   RO         2487    i.TIM_SetIC1Prescaler  stm32f10x_tim.o
    0x08001a4c   0x08001a4c   0x0000001a   Code   RO         2488    i.TIM_SetIC2Prescaler  stm32f10x_tim.o
    0x08001a66   0x08001a66   0x00000012   Code   RO         2489    i.TIM_SetIC3Prescaler  stm32f10x_tim.o
    0x08001a78   0x08001a78   0x0000001a   Code   RO         2490    i.TIM_SetIC4Prescaler  stm32f10x_tim.o
    0x08001a92   0x08001a92   0x00000002   PAD
    0x08001a94   0x08001a94   0x000000a4   Code   RO         2492    i.TIM_TimeBaseInit  stm32f10x_tim.o
    0x08001b38   0x08001b38   0x0000007c   Code   RO         3372    i.Timer_Init        timer.o
    0x08001bb4   0x08001bb4   0x00000044   Code   RO         3518    i.Turn              pid.o
    0x08001bf8   0x08001bf8   0x00000034   Code   RO         3391    i.USART3_IRQHandler  serial.o
    0x08001c2c   0x08001c2c   0x0000001e   Code   RO         2957    i.USART_ClearITPendingBit  stm32f10x_usart.o
    0x08001c4a   0x08001c4a   0x00000018   Code   RO         2960    i.USART_Cmd         stm32f10x_usart.o
    0x08001c62   0x08001c62   0x00000054   Code   RO         2964    i.USART_GetITStatus  stm32f10x_usart.o
    0x08001cb6   0x08001cb6   0x0000004a   Code   RO         2966    i.USART_ITConfig    stm32f10x_usart.o
    0x08001d00   0x08001d00   0x000000d8   Code   RO         2967    i.USART_Init        stm32f10x_usart.o
    0x08001dd8   0x08001dd8   0x0000000a   Code   RO         2974    i.USART_ReceiveData  stm32f10x_usart.o
    0x08001de2   0x08001de2   0x00000002   PAD
    0x08001de4   0x08001de4   0x00000098   Code   RO         3690    i.Ultrasonic_Sensor_Init  ultrasonic sensor.o
    0x08001e7c   0x08001e7c   0x00000004   Code   RO         3257    i.UsageFault_Handler  stm32f10x_it.o
    0x08001e80   0x08001e80   0x00000048   Code   RO         3519    i.Vertical          pid.o
    0x08001ec8   0x08001ec8   0x00000028   Code   RO         3930    i.__ARM_fpclassify  m_ws.l(fpclassify.o)
    0x08001ef0   0x08001ef0   0x000000aa   Code   RO         3932    i.__kernel_poly     m_ws.l(poly.o)
    0x08001f9a   0x08001f9a   0x00000006   Code   RO         3894    i.__mathlib_dbl_infnan  m_ws.l(dunder.o)
    0x08001fa0   0x08001fa0   0x00000004   Code   RO         3895    i.__mathlib_dbl_infnan2  m_ws.l(dunder.o)
    0x08001fa4   0x08001fa4   0x00000010   Code   RO         3899    i.__mathlib_dbl_underflow  m_ws.l(dunder.o)
    0x08001fb4   0x08001fb4   0x00000220   Code   RO         3884    i.atan              m_ws.l(atan.o)
    0x080021d4   0x080021d4   0x00000180   Code   RO         3864    i.atan2             m_ws.l(atan2.o)
    0x08002354   0x08002354   0x00000032   Code   RO         3196    i.main              main.o
    0x08002386   0x08002386   0x00000002   PAD
    0x08002388   0x08002388   0x000000bc   Code   RO         3520    i.velocity          pid.o
    0x08002444   0x08002444   0x00000062   Code   RO         3815    x$fpl$d2f           fz_ws.l(d2f.o)
    0x080024a6   0x080024a6   0x00000002   PAD
    0x080024a8   0x080024a8   0x00000150   Code   RO         3817    x$fpl$dadd          fz_ws.l(daddsub_clz.o)
    0x080025f8   0x080025f8   0x00000010   Code   RO         3947    x$fpl$dcheck1       fz_ws.l(dcheck1.o)
    0x08002608   0x08002608   0x000002b0   Code   RO         3824    x$fpl$ddiv          fz_ws.l(ddiv.o)
    0x080028b8   0x080028b8   0x0000005e   Code   RO         3827    x$fpl$dfix          fz_ws.l(dfix.o)
    0x08002916   0x08002916   0x0000002e   Code   RO         3832    x$fpl$dflt          fz_ws.l(dflt_clz.o)
    0x08002944   0x08002944   0x00000026   Code   RO         3831    x$fpl$dfltu         fz_ws.l(dflt_clz.o)
    0x0800296a   0x0800296a   0x00000002   PAD
    0x0800296c   0x0800296c   0x00000154   Code   RO         3837    x$fpl$dmul          fz_ws.l(dmul.o)
    0x08002ac0   0x08002ac0   0x0000009c   Code   RO         3874    x$fpl$dnaninf       fz_ws.l(dnaninf.o)
    0x08002b5c   0x08002b5c   0x0000000c   Code   RO         3876    x$fpl$dretinf       fz_ws.l(dretinf.o)
    0x08002b68   0x08002b68   0x00000016   Code   RO         3818    x$fpl$drsb          fz_ws.l(daddsub_clz.o)
    0x08002b7e   0x08002b7e   0x00000002   PAD
    0x08002b80   0x08002b80   0x000001d4   Code   RO         3819    x$fpl$dsub          fz_ws.l(daddsub_clz.o)
    0x08002d54   0x08002d54   0x00000056   Code   RO         3839    x$fpl$f2d           fz_ws.l(f2d.o)
    0x08002daa   0x08002daa   0x00000002   PAD
    0x08002dac   0x08002dac   0x000000c4   Code   RO         3841    x$fpl$fadd          fz_ws.l(faddsub_clz.o)
    0x08002e70   0x08002e70   0x00000184   Code   RO         3848    x$fpl$fdiv          fz_ws.l(fdiv.o)
    0x08002ff4   0x08002ff4   0x00000036   Code   RO         3851    x$fpl$ffix          fz_ws.l(ffix.o)
    0x0800302a   0x0800302a   0x00000002   PAD
    0x0800302c   0x0800302c   0x00000030   Code   RO         3856    x$fpl$fflt          fz_ws.l(fflt_clz.o)
    0x0800305c   0x0800305c   0x00000102   Code   RO         3861    x$fpl$fmul          fz_ws.l(fmul.o)
    0x0800315e   0x0800315e   0x0000008c   Code   RO         3878    x$fpl$fnaninf       fz_ws.l(fnaninf.o)
    0x080031ea   0x080031ea   0x0000000a   Code   RO         3880    x$fpl$fretinf       fz_ws.l(fretinf.o)
    0x080031f4   0x080031f4   0x00000014   Code   RO         3842    x$fpl$frsb          fz_ws.l(faddsub_clz.o)
    0x08003208   0x08003208   0x000000ea   Code   RO         3843    x$fpl$fsub          fz_ws.l(faddsub_clz.o)
    0x080032f2   0x080032f2   0x00000064   Code   RO         3996    x$fpl$retnan        fz_ws.l(retnan.o)
    0x08003356   0x08003356   0x0000005c   Code   RO         3928    x$fpl$scalbn        fz_ws.l(scalbn.o)
    0x080033b2   0x080033b2   0x00000030   Code   RO         4009    x$fpl$trapveneer    fz_ws.l(trapv.o)
    0x080033e2   0x080033e2   0x00000000   Code   RO         3882    x$fpl$usenofp       fz_ws.l(usenofp.o)
    0x080033e2   0x080033e2   0x000005f0   Data   RO         3571    .constdata          oled.o
    0x080039d2   0x080039d2   0x00000006   PAD
    0x080039d8   0x080039d8   0x00000098   Data   RO         3885    .constdata          m_ws.l(atan.o)
    0x08003a70   0x08003a70   0x00000008   Data   RO         3907    .constdata          m_ws.l(qnan.o)
    0x08003a78   0x08003a78   0x00000020   Data   RO         4077    Region$$Table       anon$$obj.o


    Execution Region ER_RW (Exec base: 0x20000000, Load base: 0x08003a98, Size: 0x0000007c, Max: 0xffffffff, ABSOLUTE)

    Exec Addr    Load Addr    Size         Type   Attr      Idx    E Section Name        Object

    0x20000000   0x08003a98   0x00000014   Data   RW         1805    .data               stm32f10x_rcc.o
    0x20000014   0x08003aac   0x00000010   Data   RW         3197    .data               main.o
    0x20000024   0x08003abc   0x00000058   Data   RW         3521    .data               pid.o


    Execution Region ER_ZI (Exec base: 0x2000007c, Load base: 0x08003b14, Size: 0x00000664, Max: 0xffffffff, ABSOLUTE)

    Exec Addr    Load Addr    Size         Type   Attr      Idx    E Section Name        Object

    0x2000007c        -       0x00000060   Zero   RW         3935    .bss                c_w.l(libspace.o)
    0x200000dc   0x08003b14   0x00000004   PAD
    0x200000e0        -       0x00000200   Zero   RW            2    HEAP                startup_stm32f10x_md_vl.o
    0x200002e0        -       0x00000400   Zero   RW            1    STACK               startup_stm32f10x_md_vl.o


==============================================================================

Image component sizes


      Code (inc. data)   RO Data    RW Data    ZI Data      Debug   Object Name

        46          0          0          0          0        399   delay.o
       246         12          0          0          0       1437   encoder.o
       160          4          0          0          0        540   exit.o
        44          6          0          0          0        478   infrared transducer.o
        50          0          0         16          0        643   main.o
       132         22          0          0          0     206563   misc.o
       188         14          0          0          0       1357   motor.o
       484          6          0          0          0       2550   mpu6050.o
       334         16          0          0          0       4294   myi2c.o
       686         22       1520          0          0       5129   oled.o
      1116        150          0         88          0       3420   pid.o
       204         20          0          0          0       1407   pwm.o
       236         18          0          0          0       1034   serial.o
        64         26        288          0       1536        784   startup_stm32f10x_md_vl.o
         0          0          0          0          0       1600   stm32f10x_adc.o
       200         18          0          0          0       3812   stm32f10x_exti.o
       378          4          0          0          0      12462   stm32f10x_gpio.o
        26          0          0          0          0       3306   stm32f10x_it.o
       276         32          0         20          0      12638   stm32f10x_rcc.o
      1490        180          0          0          0      33261   stm32f10x_tim.o
       438          6          0          0          0      10920   stm32f10x_usart.o
       328         28          0          0          0      49297   system_stm32f10x.o
       124          4          0          0          0        493   timer.o
       280         24          0          0          0       1136   ultrasonic sensor.o

    ----------------------------------------------------------------------
      7554        612       1846        124       1536     358960   Object Totals
         0          0         32          0          0          0   (incl. Generated)
        24          0          6          0          0          0   (incl. Padding)

    ----------------------------------------------------------------------

      Code (inc. data)   RO Data    RW Data    ZI Data      Debug   Library Member Name

         8          0          0          0          0         68   __main.o
         0          0          0          0          0          0   __rtentry.o
        12          0          0          0          0          0   __rtentry2.o
         6          0          0          0          0          0   __rtentry4.o
        52          8          0          0          0          0   __scatter.o
        26          0          0          0          0          0   __scatter_copy.o
        28          0          0          0          0          0   __scatter_zi.o
        18          0          0          0          0         80   exit.o
         6          0          0          0          0        152   heapauxi.o
         0          0          0          0          0          0   indicate_semi.o
         2          0          0          0          0          0   libinit.o
         2          0          0          0          0          0   libinit2.o
         2          0          0          0          0          0   libshutdown.o
         2          0          0          0          0          0   libshutdown2.o
         8          4          0          0         96         68   libspace.o
         2          0          0          0          0          0   rtexit.o
        10          0          0          0          0          0   rtexit2.o
        12          4          0          0          0         68   sys_exit.o
        74          0          0          0          0         80   sys_stackheap_outer.o
         2          0          0          0          0         68   use_no_semi.o
        98          4          0          0          0         92   d2f.o
       826         16          0          0          0        348   daddsub_clz.o
        16          4          0          0          0         68   dcheck1.o
       688        140          0          0          0        208   ddiv.o
        94          4          0          0          0         92   dfix.o
        84          0          0          0          0        136   dflt_clz.o
       340         12          0          0          0        104   dmul.o
       156          4          0          0          0         92   dnaninf.o
        12          0          0          0          0         68   dretinf.o
        86          4          0          0          0         84   f2d.o
       450          8          0          0          0        236   faddsub_clz.o
       388         76          0          0          0         96   fdiv.o
        54          4          0          0          0         84   ffix.o
        48          0          0          0          0         68   fflt_clz.o
       258          4          0          0          0         84   fmul.o
       140          4          0          0          0         84   fnaninf.o
        10          0          0          0          0         68   fretinf.o
       100          0          0          0          0         68   retnan.o
        92          0          0          0          0         68   scalbn.o
        48          0          0          0          0         68   trapv.o
         0          0          0          0          0          0   usenofp.o
       544         70        152          0          0        124   atan.o
       384         38          0          0          0        144   atan2.o
        26          6          0          0          0        204   dunder.o
        40          0          0          0          0         68   fpclassify.o
       170          0          0          0          0         96   poly.o
         0          0          8          0          0          0   qnan.o

    ----------------------------------------------------------------------
      5440        414        160          0        100       3436   Library Totals
        16          0          0          0          4          0   (incl. Padding)

    ----------------------------------------------------------------------

      Code (inc. data)   RO Data    RW Data    ZI Data      Debug   Library Name

       272         16          0          0         96        584   c_w.l
      3988        284          0          0          0       2216   fz_ws.l
      1164        114        160          0          0        636   m_ws.l

    ----------------------------------------------------------------------
      5440        414        160          0        100       3436   Library Totals

    ----------------------------------------------------------------------

==============================================================================


      Code (inc. data)   RO Data    RW Data    ZI Data      Debug   

     12994       1026       2006        124       1636     355476   Grand Totals
     12994       1026       2006        124       1636     355476   ELF Image Totals
     12994       1026       2006        124          0          0   ROM Totals

==============================================================================

    Total RO  Size (Code + RO Data)                15000 (  14.65kB)
    Total RW  Size (RW Data + ZI Data)              1760 (   1.72kB)
    Total ROM Size (Code + RO Data + RW Data)      15124 (  14.77kB)

==============================================================================

