Component: ARM Compiler 5.06 update 5 (build 528) Tool: armlink [4d35e2]

==============================================================================

Section Cross References

    startup_stm32f10x_md.o(STACK) refers (Special) to heapauxi.o(.text) for __use_two_region_memory
    startup_stm32f10x_md.o(HEAP) refers (Special) to heapauxi.o(.text) for __use_two_region_memory
    startup_stm32f10x_md.o(RESET) refers (Special) to heapauxi.o(.text) for __use_two_region_memory
    startup_stm32f10x_md.o(RESET) refers to startup_stm32f10x_md.o(STACK) for __initial_sp
    startup_stm32f10x_md.o(RESET) refers to startup_stm32f10x_md.o(.text) for Reset_Handler
    startup_stm32f10x_md.o(RESET) refers to stm32f10x_it.o(i.NMI_Handler) for NMI_Handler
    startup_stm32f10x_md.o(RESET) refers to stm32f10x_it.o(i.HardFault_Handler) for HardFault_Handler
    startup_stm32f10x_md.o(RESET) refers to stm32f10x_it.o(i.MemManage_Handler) for MemManage_Handler
    startup_stm32f10x_md.o(RESET) refers to stm32f10x_it.o(i.BusFault_Handler) for BusFault_Handler
    startup_stm32f10x_md.o(RESET) refers to stm32f10x_it.o(i.UsageFault_Handler) for UsageFault_Handler
    startup_stm32f10x_md.o(RESET) refers to stm32f10x_it.o(i.SVC_Handler) for SVC_Handler
    startup_stm32f10x_md.o(RESET) refers to stm32f10x_it.o(i.DebugMon_Handler) for DebugMon_Handler
    startup_stm32f10x_md.o(RESET) refers to stm32f10x_it.o(i.PendSV_Handler) for PendSV_Handler
    startup_stm32f10x_md.o(RESET) refers to stm32f10x_it.o(i.SysTick_Handler) for SysTick_Handler
    startup_stm32f10x_md.o(RESET) refers to control.o(i.EXTI9_5_IRQHandler) for EXTI9_5_IRQHandler
    startup_stm32f10x_md.o(RESET) refers to encoder.o(i.TIM2_IRQHandler) for TIM2_IRQHandler
    startup_stm32f10x_md.o(RESET) refers to hc-sr04.o(i.TIM3_IRQHandler) for TIM3_IRQHandler
    startup_stm32f10x_md.o(RESET) refers to encoder.o(i.TIM4_IRQHandler) for TIM4_IRQHandler
    startup_stm32f10x_md.o(RESET) refers to bluebooth.o(i.USART3_IRQHandler) for USART3_IRQHandler
    startup_stm32f10x_md.o(.text) refers (Special) to heapauxi.o(.text) for __use_two_region_memory
    startup_stm32f10x_md.o(.text) refers to system_stm32f10x.o(i.SystemInit) for SystemInit
    startup_stm32f10x_md.o(.text) refers to __main.o(!!!main) for __main
    startup_stm32f10x_md.o(.text) refers to startup_stm32f10x_md.o(HEAP) for Heap_Mem
    startup_stm32f10x_md.o(.text) refers to startup_stm32f10x_md.o(STACK) for Stack_Mem
    system_stm32f10x.o(i.SetSysClock) refers to system_stm32f10x.o(i.SetSysClockTo72) for SetSysClockTo72
    system_stm32f10x.o(i.SystemCoreClockUpdate) refers to system_stm32f10x.o(.data) for SystemCoreClock
    system_stm32f10x.o(i.SystemInit) refers to system_stm32f10x.o(i.SetSysClock) for SetSysClock
    stm32f10x_adc.o(i.ADC_DeInit) refers to stm32f10x_rcc.o(i.RCC_APB2PeriphResetCmd) for RCC_APB2PeriphResetCmd
    stm32f10x_bkp.o(i.BKP_DeInit) refers to stm32f10x_rcc.o(i.RCC_BackupResetCmd) for RCC_BackupResetCmd
    stm32f10x_can.o(i.CAN_DeInit) refers to stm32f10x_rcc.o(i.RCC_APB1PeriphResetCmd) for RCC_APB1PeriphResetCmd
    stm32f10x_can.o(i.CAN_GetITStatus) refers to stm32f10x_can.o(i.CheckITStatus) for CheckITStatus
    stm32f10x_cec.o(i.CEC_DeInit) refers to stm32f10x_rcc.o(i.RCC_APB1PeriphResetCmd) for RCC_APB1PeriphResetCmd
    stm32f10x_dac.o(i.DAC_DeInit) refers to stm32f10x_rcc.o(i.RCC_APB1PeriphResetCmd) for RCC_APB1PeriphResetCmd
    stm32f10x_flash.o(i.FLASH_EnableWriteProtection) refers to stm32f10x_flash.o(i.FLASH_WaitForLastOperation) for FLASH_WaitForLastOperation
    stm32f10x_flash.o(i.FLASH_EraseAllBank1Pages) refers to stm32f10x_flash.o(i.FLASH_WaitForLastBank1Operation) for FLASH_WaitForLastBank1Operation
    stm32f10x_flash.o(i.FLASH_EraseAllPages) refers to stm32f10x_flash.o(i.FLASH_WaitForLastOperation) for FLASH_WaitForLastOperation
    stm32f10x_flash.o(i.FLASH_EraseOptionBytes) refers to stm32f10x_flash.o(i.FLASH_GetReadOutProtectionStatus) for FLASH_GetReadOutProtectionStatus
    stm32f10x_flash.o(i.FLASH_EraseOptionBytes) refers to stm32f10x_flash.o(i.FLASH_WaitForLastOperation) for FLASH_WaitForLastOperation
    stm32f10x_flash.o(i.FLASH_ErasePage) refers to stm32f10x_flash.o(i.FLASH_WaitForLastOperation) for FLASH_WaitForLastOperation
    stm32f10x_flash.o(i.FLASH_ProgramHalfWord) refers to stm32f10x_flash.o(i.FLASH_WaitForLastOperation) for FLASH_WaitForLastOperation
    stm32f10x_flash.o(i.FLASH_ProgramOptionByteData) refers to stm32f10x_flash.o(i.FLASH_WaitForLastOperation) for FLASH_WaitForLastOperation
    stm32f10x_flash.o(i.FLASH_ProgramWord) refers to stm32f10x_flash.o(i.FLASH_WaitForLastOperation) for FLASH_WaitForLastOperation
    stm32f10x_flash.o(i.FLASH_ReadOutProtection) refers to stm32f10x_flash.o(i.FLASH_WaitForLastOperation) for FLASH_WaitForLastOperation
    stm32f10x_flash.o(i.FLASH_UserOptionByteConfig) refers to stm32f10x_flash.o(i.FLASH_WaitForLastOperation) for FLASH_WaitForLastOperation
[...]
    ../clib/stdio.c                          0x00000000   Number         0  fopen_locked.o ABSOLUTE
    ../clib/stdio.c                          0x00000000   Number         0  fputc_locked.o ABSOLUTE
    ../clib/stdio.c                          0x00000000   Number         0  initio.o ABSOLUTE
    ../clib/stdio.c                          0x00000000   Number         0  setvbuf_locked.o ABSOLUTE
    ../clib/stdio.c                          0x00000000   Number         0  fclose.o ABSOLUTE
    ../clib/stdio.c                          0x00000000   Number         0  ftell.o ABSOLUTE
    ../clib/stdio.c                          0x00000000   Number         0  fopen.o ABSOLUTE
    ../clib/stdio.c                          0x00000000   Number         0  streamlock.o ABSOLUTE
    ../clib/stdio.c                          0x00000000   Number         0  fputc.o ABSOLUTE
    ../clib/stdio.c                          0x00000000   Number         0  setvbuf.o ABSOLUTE
    ../clib/stdio.c                          0x00000000   Number         0  flsbuf.o ABSOLUTE
    ../clib/stdio.c                          0x00000000   Number         0  initio_locked.o ABSOLUTE
    ../clib/stdio.c                          0x00000000   Number         0  ferror_locked.o ABSOLUTE
    ../clib/stdio.c                          0x00000000   Number         0  fflush.o ABSOLUTE
    ../clib/stdio.c                          0x00000000   Number         0  fputs.o ABSOLUTE
    ../clib/stdio.c                          0x00000000   Number         0  fflush_locked.o ABSOLUTE
    ../clib/stdio.c                          0x00000000   Number         0  fwritefast_locked.o ABSOLUTE
    ../clib/stdio.c                          0x00000000   Number         0  fwritefast.o ABSOLUTE
    ../clib/stdio.c                          0x00000000   Number         0  stdio.o ABSOLUTE
    ../clib/stdio.c                          0x00000000   Number         0  ferror.o ABSOLUTE
    ../clib/stdlib.c                         0x00000000   Number         0  exit.o ABSOLUTE
    ../clib/string.c                         0x00000000   Number         0  strlen.o ABSOLUTE
    ../clib/string.c                         0x00000000   Number         0  memcmp.o ABSOLUTE
    ../clib/wchar.c                          0x00000000   Number         0  flsbuf_fwide.o ABSOLUTE
    ../fplib/d2f.s                           0x00000000   Number         0  d2f.o ABSOLUTE
    ../fplib/daddsub.s                       0x00000000   Number         0  daddsub_clz.o ABSOLUTE
    ../fplib/dcheck1.s                       0x00000000   Number         0  dcheck1.o ABSOLUTE
    ../fplib/dcmpi.s                         0x00000000   Number         0  dcmpi.o ABSOLUTE
    ../fplib/ddiv.s                          0x00000000   Number         0  ddiv.o ABSOLUTE
    ../fplib/dfixu.s                         0x00000000   Number         0  dfixu.o ABSOLUTE
    ../fplib/dflt.s                          0x00000000   Number         0  dflt_clz.o ABSOLUTE
    ../fplib/dleqf.s                         0x00000000   Number         0  dleqf.o ABSOLUTE
    ../fplib/dmul.s                          0x00000000   Number         0  dmul.o ABSOLUTE
    ../fplib/dnaninf.s                       0x00000000   Number         0  dnaninf.o ABSOLUTE
    ../fplib/dretinf.s                       0x00000000   Number         0  dretinf.o ABSOLUTE
    ../fplib/drleqf.s                        0x00000000   Number         0  drleqf.o ABSOLUTE
    ../fplib/dsqrt.s                         0x00000000   Number         0  dsqrt_noumaal.o ABSOLUTE
    ../fplib/f2d.s                           0x00000000   Number         0  f2d.o ABSOLUTE
    ../fplib/faddsub.s                       0x00000000   Number         0  faddsub_clz.o ABSOLUTE
    ../fplib/fcmpi.s                         0x00000000   Number         0  fcmpi.o ABSOLUTE
    ../fplib/fdiv.s                          0x00000000   Number         0  fdiv.o ABSOLUTE
    ../fplib/feqf.s                          0x00000000   Number         0  feqf.o ABSOLUTE
    ../fplib/ffix.s                          0x00000000   Number         0  ffix.o ABSOLUTE
    ../fplib/ffixu.s                         0x00000000   Number         0  ffixu.o ABSOLUTE
    ../fplib/fflt.s                          0x00000000   Number         0  fflt_clz.o ABSOLUTE
    ../fplib/fleqf.s                         0x00000000   Number         0  fleqf.o ABSOLUTE
    ../fplib/fmul.s                          0x00000000   Number         0  fmul.o ABSOLUTE
    ../fplib/fnaninf.s                       0x00000000   Number         0  fnaninf.o ABSOLUTE
    ../fplib/fpinit.s                        0x00000000   Number         0  fpinit.o ABSOLUTE
    ../fplib/fretinf.s                       0x00000000   Number         0  fretinf.o ABSOLUTE
    ../fplib/frleqf.s                        0x00000000   Number         0  frleqf.o ABSOLUTE
    ../fplib/retnan.s                        0x00000000   Number         0  retnan.o ABSOLUTE
    ../fplib/scalbn.s                        0x00000000   Number         0  scalbn.o ABSOLUTE
    ../fplib/trapv.s                         0x00000000   Number         0  trapv.o ABSOLUTE
    ../fplib/usenofp.s                       0x00000000   Number         0  usenofp.o ABSOLUTE
    ../mathlib/asin.c                        0x00000000   Number         0  asin_x.o ABSOLUTE
    ../mathlib/asin.c                        0x00000000   Number         0  asin.o ABSOLUTE
    ../mathlib/atan.c                        0x00000000   Number         0  atan_x.o ABSOLUTE
    ../mathlib/atan.c                        0x00000000   Number         0  atan.o ABSOLUTE
    ../mathlib/atan2.c                       0x00000000   Number         0  atan2_x.o ABSOLUTE
    ../mathlib/atan2.c                       0x00000000   Number         0  atan2.o ABSOLUTE
    ../mathlib/dunder.c                      0x00000000   Number         0  dunder.o ABSOLUTE
    ../mathlib/fpclassify.c                  0x00000000   Number         0  fpclassify.o ABSOLUTE
    ../mathlib/poly.c                        0x00000000   Number         0  poly.o ABSOLUTE
    ../mathlib/pow.c                         0x00000000   Number         0  pow_x.o ABSOLUTE
    ../mathlib/pow.c                         0x00000000   Number         0  pow.o ABSOLUTE
    ../mathlib/qnan.c                        0x00000000   Number         0  qnan.o ABSOLUTE
    ../mathlib/sqrt.c                        0x00000000   Number         0  sqrt_x.o ABSOLUTE
    ../mathlib/sqrt.c                        0x00000000   Number         0  sqrt.o ABSOLUTE
    Hardware\BLUETOOTH\BLUEBOOTH.c           0x00000000   Number         0  bluebooth.o ABSOLUTE
    Hardware\Control\Control.c               0x00000000   Number         0  control.o ABSOLUTE
    Hardware\Encoder\Encoder.c               0x00000000   Number         0  encoder.o ABSOLUTE
    Hardware\IIC\IIC.c                       0x00000000   Number         0  iic.o ABSOLUTE
    Hardware\MOTOR\MOTOR.c                   0x00000000   Number         0  motor.o ABSOLUTE
    Hardware\OLED\OLED.c                     0x00000000   Number         0  oled.o ABSOLUTE
    Hardware\PWM\PWM.c                       0x00000000   Number         0  pwm.o ABSOLUTE
    Hardware\Sensor\HC-SR04\HC-SR04.c        0x00000000   Number         0  hc-sr04.o ABSOLUTE
    Hardware\Sensor\MPU6050\MPU6050.c        0x00000000   Number         0  mpu6050.o ABSOLUTE
    Hardware\Sensor\MPU6050\eMPL\inv_mpu.c   0x00000000   Number         0  inv_mpu.o ABSOLUTE
    Hardware\Sensor\MPU6050\eMPL\inv_mpu_dmp_motion_driver.c 0x00000000   Number         0  inv_mpu_dmp_motion_driver.o ABSOLUTE
    Hardware\Sensor\TCRT5000\TCRT5000.c      0x00000000   Number         0  tcrt5000.o ABSOLUTE
    Library\misc.c                           0x00000000   Number         0  misc.o ABSOLUTE
    Library\stm32f10x_adc.c                  0x00000000   Number         0  stm32f10x_adc.o ABSOLUTE
    Library\stm32f10x_bkp.c                  0x00000000   Number         0  stm32f10x_bkp.o ABSOLUTE
    Library\stm32f10x_can.c                  0x00000000   Number         0  stm32f10x_can.o ABSOLUTE
    Library\stm32f10x_cec.c                  0x00000000   Number         0  stm32f10x_cec.o ABSOLUTE
    Library\stm32f10x_crc.c                  0x00000000   Number         0  stm32f10x_crc.o ABSOLUTE
    Library\stm32f10x_dac.c                  0x00000000   Number         0  stm32f10x_dac.o ABSOLUTE
    Library\stm32f10x_dbgmcu.c               0x00000000   Number         0  stm32f10x_dbgmcu.o ABSOLUTE
    Library\stm32f10x_dma.c                  0x00000000   Number         0  stm32f10x_dma.o ABSOLUTE
    Library\stm32f10x_exti.c                 0x00000000   Number         0  stm32f10x_exti.o ABSOLUTE
    Library\stm32f10x_flash.c                0x00000000   Number         0  stm32f10x_flash.o ABSOLUTE
    Library\stm32f10x_fsmc.c                 0x00000000   Number         0  stm32f10x_fsmc.o ABSOLUTE
    Library\stm32f10x_gpio.c                 0x00000000   Number         0  stm32f10x_gpio.o ABSOLUTE
    Library\stm32f10x_i2c.c                  0x00000000   Number         0  stm32f10x_i2c.o ABSOLUTE
    Library\stm32f10x_iwdg.c                 0x00000000   Number         0  stm32f10x_iwdg.o ABSOLUTE
    Library\stm32f10x_pwr.c                  0x00000000   Number         0  stm32f10x_pwr.o ABSOLUTE
    Library\stm32f10x_rcc.c                  0x00000000   Number         0  stm32f10x_rcc.o ABSOLUTE
    Library\stm32f10x_rtc.c                  0x00000000   Number         0  stm32f10x_rtc.o ABSOLUTE
    Library\stm32f10x_sdio.c                 0x00000000   Number         0  stm32f10x_sdio.o ABSOLUTE
    Library\stm32f10x_spi.c                  0x00000000   Number         0  stm32f10x_spi.o ABSOLUTE
    Library\stm32f10x_tim.c                  0x00000000   Number         0  stm32f10x_tim.o ABSOLUTE
    Library\stm32f10x_usart.c                0x00000000   Number         0  stm32f10x_usart.o ABSOLUTE
    Library\stm32f10x_wwdg.c                 0x00000000   Number         0  stm32f10x_wwdg.o ABSOLUTE
    Start\\core_cm3.c                        0x00000000   Number         0  core_cm3.o ABSOLUTE
    Start\core_cm3.c                         0x00000000   Number         0  core_cm3.o ABSOLUTE
    Start\startup_stm32f10x_md.s             0x00000000   Number         0  startup_stm32f10x_md.o ABSOLUTE
    Start\system_stm32f10x.c                 0x00000000   Number         0  system_stm32f10x.o ABSOLUTE
    System\Delay.c                           0x00000000   Number         0  delay.o ABSOLUTE
    User\main.c                              0x00000000   Number         0  main.o ABSOLUTE
    User\stm32f10x_it.c                      0x00000000   Number         0  stm32f10x_it.o ABSOLUTE
    dc.s                                     0x00000000   Number         0  dc.o ABSOLUTE
    RESET                                    0x08000000   Section      236  startup_stm32f10x_md.o(RESET)
    !!!main                                  0x080000ec   Section        8  __main.o(!!!main)
    !!!scatter                               0x080000f4   Section       52  __scatter.o(!!!scatter)
    !!handler_copy                           0x08000128   Section       26  __scatter_copy.o(!!handler_copy)
    !!handler_zi                             0x08000144   Section       28  __scatter_zi.o(!!handler_zi)
    .ARM.Collect$$libinit$$00000000          0x08000160   Section        2  libinit.o(.ARM.Collect$$libinit$$00000000)
    .ARM.Collect$$libinit$$00000002          0x08000162   Section        0  libinit2.o(.ARM.Collect$$libinit$$00000002)
    .ARM.Collect$$libinit$$00000004          0x08000162   Section        0  libinit2.o(.ARM.Collect$$libinit$$00000004)
    .ARM.Collect$$libinit$$0000000A          0x08000162   Section        0  libinit2.o(.ARM.Collect$$libinit$$0000000A)
    .ARM.Collect$$libinit$$0000000C          0x08000162   Section        0  libinit2.o(.ARM.Collect$$libinit$$0000000C)
    .ARM.Collect$$libinit$$0000000E          0x08000162   Section        0  libinit2.o(.ARM.Collect$$libinit$$0000000E)
    .ARM.Collect$$libinit$$00000011          0x08000162   Section        0  libinit2.o(.ARM.Collect$$libinit$$00000011)
    .ARM.Collect$$libinit$$00000013          0x08000162   Section        0  libinit2.o(.ARM.Collect$$libinit$$00000013)
    .ARM.Collect$$libinit$$00000015          0x08000162   Section        0  libinit2.o(.ARM.Collect$$libinit$$00000015)
    .ARM.Collect$$libinit$$00000017          0x08000162   Section        0  libinit2.o(.ARM.Collect$$libinit$$00000017)
    .ARM.Collect$$libinit$$00000019          0x08000162   Section        0  libinit2.o(.ARM.Collect$$libinit$$00000019)
    .ARM.Collect$$libinit$$0000001B          0x08000162   Section        0  libinit2.o(.ARM.Collect$$libinit$$0000001B)
    .ARM.Collect$$libinit$$0000001D          0x08000162   Section        0  libinit2.o(.ARM.Collect$$libinit$$0000001D)
    .ARM.Collect$$libinit$$0000001F          0x08000162   Section        0  libinit2.o(.ARM.Collect$$libinit$$0000001F)
    .ARM.Collect$$libinit$$00000021          0x08000162   Section        0  libinit2.o(.ARM.Collect$$libinit$$00000021)
    .ARM.Collect$$libinit$$00000023          0x08000162   Section        0  libinit2.o(.ARM.Collect$$libinit$$00000023)
    .ARM.Collect$$libinit$$00000025          0x08000162   Section        0  libinit2.o(.ARM.Collect$$libinit$$00000025)
    .ARM.Collect$$libinit$$0000002C          0x08000162   Section        0  libinit2.o(.ARM.Collect$$libinit$$0000002C)
    .ARM.Collect$$libinit$$0000002E          0x08000162   Section        0  libinit2.o(.ARM.Collect$$libinit$$0000002E)
    .ARM.Collect$$libinit$$00000030          0x08000162   Section        0  libinit2.o(.ARM.Collect$$libinit$$00000030)
    .ARM.Collect$$libinit$$00000032          0x08000162   Section        0  libinit2.o(.ARM.Collect$$libinit$$00000032)
    .ARM.Collect$$libinit$$00000033          0x08000162   Section        2  libinit2.o(.ARM.Collect$$libinit$$00000033)
    .ARM.Collect$$libshutdown$$00000000      0x08000164   Section        2  libshutdown.o(.ARM.Collect$$libshutdown$$00000000)
    .ARM.Collect$$libshutdown$$00000002      0x08000166   Section        0  libshutdown2.o(.ARM.Collect$$libshutdown$$00000002)
    .ARM.Collect$$libshutdown$$00000004      0x08000166   Section        0  libshutdown2.o(.ARM.Collect$$libshutdown$$00000004)
    .ARM.Collect$$libshutdown$$00000007      0x08000166   Section        0  libshutdown2.o(.ARM.Collect$$libshutdown$$00000007)
    .ARM.Collect$$libshutdown$$0000000A      0x08000166   Section        0  libshutdown2.o(.ARM.Collect$$libshutdown$$0000000A)
    .ARM.Collect$$libshutdown$$0000000C      0x08000166   Section        0  libshutdown2.o(.ARM.Collect$$libshutdown$$0000000C)
    .ARM.Collect$$libshutdown$$0000000F      0x08000166   Section        0  libshutdown2.o(.ARM.Collect$$libshutdown$$0000000F)
    .ARM.Collect$$libshutdown$$00000010      0x08000166   Section        2  libshutdown2.o(.ARM.Collect$$libshutdown$$00000010)
    .ARM.Collect$$rtentry$$00000000          0x08000168   Section        0  __rtentry.o(.ARM.Collect$$rtentry$$00000000)
    .ARM.Collect$$rtentry$$00000002          0x08000168   Section        0  __rtentry2.o(.ARM.Collect$$rtentry$$00000002)
    .ARM.Collect$$rtentry$$00000004          0x08000168   Section        6  __rtentry4.o(.ARM.Collect$$rtentry$$00000004)
    .ARM.Collect$$rtentry$$00000009          0x0800016e   Section        0  __rtentry2.o(.ARM.Collect$$rtentry$$00000009)
    .ARM.Collect$$rtentry$$0000000A          0x0800016e   Section        4  __rtentry2.o(.ARM.Collect$$rtentry$$0000000A)
    .ARM.Collect$$rtentry$$0000000C          0x08000172   Section        0  __rtentry2.o(.ARM.Collect$$rtentry$$0000000C)
    .ARM.Collect$$rtentry$$0000000D          0x08000172   Section        8  __rtentry2.o(.ARM.Collect$$rtentry$$0000000D)
    .ARM.Collect$$rtexit$$00000000           0x0800017a   Section        2  rtexit.o(.ARM.Collect$$rtexit$$00000000)
    .ARM.Collect$$rtexit$$00000002           0x0800017c   Section        0  rtexit2.o(.ARM.Collect$$rtexit$$00000002)
    .ARM.Collect$$rtexit$$00000003           0x0800017c   Section        4  rtexit2.o(.ARM.Collect$$rtexit$$00000003)
    .ARM.Collect$$rtexit$$00000004           0x08000180   Section        6  rtexit2.o(.ARM.Collect$$rtexit$$00000004)
    .text                                    0x08000188   Section       64  startup_stm32f10x_md.o(.text)
    .text                                    0x080001c8   Section        0  strlen.o(.text)
    .text                                    0x08000206   Section        0  heapauxi.o(.text)
    .text                                    0x0800020c   Section        0  _rserrno.o(.text)
    .text                                    0x08000224   Section        8  rt_errno_addr_intlibspace.o(.text)
    .text                                    0x0800022c   Section        8  libspace.o(.text)
    .text                                    0x08000234   Section       74  sys_stackheap_outer.o(.text)
    .text                                    0x0800027e   Section        0  exit.o(.text)
    .text                                    0x08000290   Section        2  use_no_semi.o(.text)
    .text                                    0x08000292   Section        0  indicate_semi.o(.text)
    .text                                    0x08000294   Section        0  sys_exit.o(.text)
    i.Bluetooth_SendData                     0x080002a0   Section        0  bluebooth.o(i.Bluetooth_SendData)
    i.Bluetooth_SendNumber                   0x080002c0   Section        0  bluebooth.o(i.Bluetooth_SendNumber)
    i.Bluetooth_SendString                   0x0800031c   Section        0  bluebooth.o(i.Bluetooth_SendString)
    i.BusFault_Handler                       0x0800033e   Section        0  stm32f10x_it.o(i.BusFault_Handler)
    i.DebugMon_Handler                       0x08000342   Section        0  stm32f10x_it.o(i.DebugMon_Handler)
    i.Delay_ms                               0x08000344   Section        0  delay.o(i.Delay_ms)
    i.Delay_us                               0x0800035c   Section        0  delay.o(i.Delay_us)
    i.EXTI9_5_IRQHandler                     0x0800038c   Section        0  control.o(i.EXTI9_5_IRQHandler)
    i.EXTI_ClearITPendingBit                 0x08000650   Section        0  stm32f10x_exti.o(i.EXTI_ClearITPendingBit)
    i.EXTI_GetITStatus                       0x0800065c   Section        0  stm32f10x_exti.o(i.EXTI_GetITStatus)
    i.GFP_abs                                0x08000684   Section        0  motor.o(i.GFP_abs)
    i.GPIO_ReadInputDataBit                  0x08000694   Section        0  stm32f10x_gpio.o(i.GPIO_ReadInputDataBit)
    i.GPIO_ResetBits                         0x080006a6   Section        0  stm32f10x_gpio.o(i.GPIO_ResetBits)
    i.GPIO_SetBits                           0x080006aa   Section        0  stm32f10x_gpio.o(i.GPIO_SetBits)
    i.HardFault_Handler                      0x080006ae   Section        0  stm32f10x_it.o(i.HardFault_Handler)
    i.IIC_ReceiveAck                         0x080006b4   Section        0  iic.o(i.IIC_ReceiveAck)
    i.IIC_ReceiveByte                        0x080006e4   Section        0  iic.o(i.IIC_ReceiveByte)
    i.IIC_SendAck                            0x08000738   Section        0  iic.o(i.IIC_SendAck)
    i.IIC_SendByte                           0x08000780   Section        0  iic.o(i.IIC_SendByte)
    i.IIC_Start                              0x080007d8   Section        0  iic.o(i.IIC_Start)
    i.IIC_Stop                               0x08000818   Section        0  iic.o(i.IIC_Stop)
    i.Limit                                  0x0800084c   Section        0  motor.o(i.Limit)
    i.Load                                   0x08000898   Section        0  motor.o(i.Load)
    i.MPU_Get_Accelerometer                  0x08000914   Section        0  mpu6050.o(i.MPU_Get_Accelerometer)
    i.MPU_Get_Gyroscope                      0x08000964   Section        0  mpu6050.o(i.MPU_Get_Gyroscope)
    i.MPU_Read_Len                           0x080009b4   Section        0  mpu6050.o(i.MPU_Read_Len)
    i.MPU_Send_Len                           0x08000a30   Section        0  mpu6050.o(i.MPU_Send_Len)
    i.MemManage_Handler                      0x08000a90   Section        0  stm32f10x_it.o(i.MemManage_Handler)
    i.NMI_Handler                            0x08000a94   Section        0  stm32f10x_it.o(i.NMI_Handler)
    i.PendSV_Handler                         0x08000a96   Section        0  stm32f10x_it.o(i.PendSV_Handler)
    i.Read_Speed                             0x08000a98   Section        0  encoder.o(i.Read_Speed)
    i.SVC_Handler                            0x08000adc   Section        0  stm32f10x_it.o(i.SVC_Handler)
    i.SetSysClock                            0x08000ade   Section        0  system_stm32f10x.o(i.SetSysClock)
    SetSysClock                              0x08000adf   Thumb Code     8  system_stm32f10x.o(i.SetSysClock)
    i.SetSysClockTo72                        0x08000ae8   Section        0  system_stm32f10x.o(i.SetSysClockTo72)
    SetSysClockTo72                          0x08000ae9   Thumb Code   214  system_stm32f10x.o(i.SetSysClockTo72)
    i.Stop                                   0x08000bc8   Section        0  motor.o(i.Stop)
    i.SysTick_Handler                        0x08000c04   Section        0  stm32f10x_it.o(i.SysTick_Handler)
    i.SystemInit                             0x08000c08   Section        0  system_stm32f10x.o(i.SystemInit)
    i.TIM2_IRQHandler                        0x08000c68   Section        0  encoder.o(i.TIM2_IRQHandler)
    i.TIM3_IRQHandler                        0x08000c80   Section        0  hc-sr04.o(i.TIM3_IRQHandler)
    i.TIM4_IRQHandler                        0x08000ca8   Section        0  encoder.o(i.TIM4_IRQHandler)
    i.TIM_ClearITPendingBit                  0x08000cc4   Section        0  stm32f10x_tim.o(i.TIM_ClearITPendingBit)
    i.TIM_GetCounter                         0x08000cca   Section        0  stm32f10x_tim.o(i.TIM_GetCounter)
    i.TIM_GetITStatus                        0x08000cd0   Section        0  stm32f10x_tim.o(i.TIM_GetITStatus)
    i.TIM_SetCompare1                        0x08000cf2   Section        0  stm32f10x_tim.o(i.TIM_SetCompare1)
    i.TIM_SetCompare4                        0x08000cf6   Section        0  stm32f10x_tim.o(i.TIM_SetCompare4)
    i.TIM_SetCounter                         0x08000cfc   Section        0  stm32f10x_tim.o(i.TIM_SetCounter)
    i.Turn                                   0x08000d00   Section        0  control.o(i.Turn)
    i.USART3_IRQHandler                      0x08000d4c   Section        0  bluebooth.o(i.USART3_IRQHandler)
    i.USART_GetFlagStatus                    0x080010c4   Section        0  stm32f10x_usart.o(i.USART_GetFlagStatus)
    i.USART_GetITStatus                      0x080010de   Section        0  stm32f10x_usart.o(i.USART_GetITStatus)
    i.USART_ReceiveData                      0x08001132   Section        0  stm32f10x_usart.o(i.USART_ReceiveData)
    i.USART_SendData                         0x0800113c   Section        0  stm32f10x_usart.o(i.USART_SendData)
    i.UsageFault_Handler                     0x08001144   Section        0  stm32f10x_it.o(i.UsageFault_Handler)
    i.Velocity                               0x08001148   Section        0  control.o(i.Velocity)
    i.Vertical                               0x08001254   Section        0  control.o(i.Vertical)
    i.__ARM_fpclassify                       0x080012a8   Section        0  fpclassify.o(i.__ARM_fpclassify)
    i.__kernel_poly                          0x080012d0   Section        0  poly.o(i.__kernel_poly)
    i.__mathlib_dbl_divzero                  0x0800137c   Section        0  dunder.o(i.__mathlib_dbl_divzero)
    i.__mathlib_dbl_infnan                   0x0800138c   Section        0  dunder.o(i.__mathlib_dbl_infnan)
    i.__mathlib_dbl_infnan2                  0x08001392   Section        0  dunder.o(i.__mathlib_dbl_infnan2)
    i.__mathlib_dbl_invalid                  0x08001396   Section        0  dunder.o(i.__mathlib_dbl_invalid)
    i.__mathlib_dbl_overflow                 0x080013a2   Section        0  dunder.o(i.__mathlib_dbl_overflow)
    i.__mathlib_dbl_underflow                0x080013b0   Section        0  dunder.o(i.__mathlib_dbl_underflow)
    i.asin                                   0x080013c0   Section        0  asin.o(i.asin)
    i.atan                                   0x08001630   Section        0  atan.o(i.atan)
    i.atan2                                  0x08001850   Section        0  atan2.o(i.atan2)
    i.decode_gesture                         0x080019d0   Section        0  inv_mpu_dmp_motion_driver.o(i.decode_gesture)
    decode_gesture                           0x080019d1   Thumb Code    94  inv_mpu_dmp_motion_driver.o(i.decode_gesture)
    i.dmp_read_fifo                          0x08001a34   Section        0  inv_mpu_dmp_motion_driver.o(i.dmp_read_fifo)
    i.main                                   0x08001c00   Section        0  main.o(i.main)
    i.mget_ms                                0x08001c04   Section        0  inv_mpu.o(i.mget_ms)
    i.mpu_dmp_get_data                       0x08001c08   Section        0  inv_mpu.o(i.mpu_dmp_get_data)
    i.mpu_read_fifo_stream                   0x08001e2c   Section        0  inv_mpu.o(i.mpu_read_fifo_stream)
    i.mpu_reset_fifo                         0x08001eec   Section        0  inv_mpu.o(i.mpu_reset_fifo)
    i.pow                                    0x080020b4   Section        0  pow.o(i.pow)
    i.sqrt                                   0x08002a8c   Section        0  sqrt.o(i.sqrt)
    x$fpl$d2f                                0x08002ad8   Section       98  d2f.o(x$fpl$d2f)
    x$fpl$dadd                               0x08002b3c   Section      336  daddsub_clz.o(x$fpl$dadd)
    _dadd1                                   0x08002b4d   Thumb Code     0  daddsub_clz.o(x$fpl$dadd)
    x$fpl$dcheck1                            0x08002c8c   Section       16  dcheck1.o(x$fpl$dcheck1)
    x$fpl$dcmpinf                            0x08002c9c   Section       24  dcmpi.o(x$fpl$dcmpinf)
    x$fpl$ddiv                               0x08002cb4   Section      688  ddiv.o(x$fpl$ddiv)
    ddiv_entry                               0x08002cbb   Thumb Code     0  ddiv.o(x$fpl$ddiv)
    x$fpl$dfixu                              0x08002f64   Section       90  dfixu.o(x$fpl$dfixu)
    x$fpl$dflt                               0x08002fbe   Section       46  dflt_clz.o(x$fpl$dflt)
    x$fpl$dleqf                              0x08002fec   Section      120  dleqf.o(x$fpl$dleqf)
    x$fpl$dmul                               0x08003064   Section      340  dmul.o(x$fpl$dmul)
    x$fpl$dnaninf                            0x080031b8   Section      156  dnaninf.o(x$fpl$dnaninf)
    x$fpl$dretinf                            0x08003254   Section       12  dretinf.o(x$fpl$dretinf)
    x$fpl$drleqf                             0x08003260   Section      108  drleqf.o(x$fpl$drleqf)
    x$fpl$drsb                               0x080032cc   Section       22  daddsub_clz.o(x$fpl$drsb)
    x$fpl$dsqrt                              0x080032e4   Section      460  dsqrt_noumaal.o(x$fpl$dsqrt)
    x$fpl$dsub                               0x080034b0   Section      468  daddsub_clz.o(x$fpl$dsub)
    _dsub1                                   0x080034c1   Thumb Code     0  daddsub_clz.o(x$fpl$dsub)
    x$fpl$f2d                                0x08003684   Section       86  f2d.o(x$fpl$f2d)
    x$fpl$fadd                               0x080036dc   Section      196  faddsub_clz.o(x$fpl$fadd)
    _fadd1                                   0x080036eb   Thumb Code     0  faddsub_clz.o(x$fpl$fadd)
    x$fpl$fcmpinf                            0x080037a0   Section       24  fcmpi.o(x$fpl$fcmpinf)
    x$fpl$fdiv                               0x080037b8   Section      388  fdiv.o(x$fpl$fdiv)
    _fdiv1                                   0x080037b9   Thumb Code     0  fdiv.o(x$fpl$fdiv)
    x$fpl$ffix                               0x0800393c   Section       54  ffix.o(x$fpl$ffix)
    x$fpl$fflt                               0x08003974   Section       48  fflt_clz.o(x$fpl$fflt)
    x$fpl$fleqf                              0x080039a4   Section      104  fleqf.o(x$fpl$fleqf)
    x$fpl$fmul                               0x08003a0c   Section      258  fmul.o(x$fpl$fmul)
    x$fpl$fnaninf                            0x08003b0e   Section      140  fnaninf.o(x$fpl$fnaninf)
    x$fpl$fretinf                            0x08003b9a   Section       10  fretinf.o(x$fpl$fretinf)
    x$fpl$frleqf                             0x08003ba4   Section       98  frleqf.o(x$fpl$frleqf)
    x$fpl$frsb                               0x08003c06   Section       20  faddsub_clz.o(x$fpl$frsb)
    x$fpl$fsub                               0x08003c1c   Section      234  faddsub_clz.o(x$fpl$fsub)
    _fsub1                                   0x08003c2b   Thumb Code     0  faddsub_clz.o(x$fpl$fsub)
    x$fpl$retnan                             0x08003d06   Section      100  retnan.o(x$fpl$retnan)
    x$fpl$scalbn                             0x08003d6a   Section       92  scalbn.o(x$fpl$scalbn)
    x$fpl$trapveneer                         0x08003dc6   Section       48  trapv.o(x$fpl$trapveneer)
    x$fpl$usenofp                            0x08003df6   Section        0  usenofp.o(x$fpl$usenofp)
    .constdata                               0x08003df8   Section       80  inv_mpu.o(.constdata)
    .constdata                               0x08003e48   Section       80  asin.o(.constdata)
    pS                                       0x08003e48   Data          48  asin.o(.constdata)
    qS                                       0x08003e78   Data          32  asin.o(.constdata)
    .constdata                               0x08003e98   Section      136  pow.o(.constdata)
    bp                                       0x08003e98   Data          16  pow.o(.constdata)
    dp_h                                     0x08003ea8   Data          16  pow.o(.constdata)
    dp_l                                     0x08003eb8   Data          16  pow.o(.constdata)
    L                                        0x08003ec8   Data          48  pow.o(.constdata)
    P                                        0x08003ef8   Data          40  pow.o(.constdata)
    .constdata                               0x08003f20   Section      152  atan.o(.constdata)
    atanhi                                   0x08003f20   Data          32  atan.o(.constdata)
    atanlo                                   0x08003f40   Data          32  atan.o(.constdata)
    aTodd                                    0x08003f60   Data          40  atan.o(.constdata)
    aTeven                                   0x08003f88   Data          48  atan.o(.constdata)
    .constdata                               0x08003fb8   Section        8  qnan.o(.constdata)
    .data                                    0x20000000   Section        6  bluebooth.o(.data)
    .data                                    0x20000008   Section        4  hc-sr04.o(.data)
    .data                                    0x2000000c   Section       53  inv_mpu.o(.data)
    st                                       0x2000000c   Data          44  inv_mpu.o(.data)
    gyro_orientation                         0x20000038   Data           9  inv_mpu.o(.data)
    .data                                    0x20000044   Section       10  motor.o(.data)
    .data                                    0x20000050   Section       72  control.o(.data)
    Encoder_S                                0x20000084   Data           4  control.o(.data)
    EnC_Err_Lowout_last                      0x20000088   Data           4  control.o(.data)
    PWM_out                                  0x2000008c   Data           4  control.o(.data)
    Encoder_Err                              0x20000090   Data           4  control.o(.data)
    EnC_Err_Lowout                           0x20000094   Data           4  control.o(.data)
    .data                                    0x20000098   Section       44  main.o(.data)
    .bss                                     0x200000c4   Section       16  inv_mpu_dmp_motion_driver.o(.bss)
    dmp                                      0x200000c4   Data          16  inv_mpu_dmp_motion_driver.o(.bss)
    .bss                                     0x200000d4   Section       96  libspace.o(.bss)
    HEAP                                     0x20000138   Section      512  startup_stm32f10x_md.o(HEAP)
    Heap_Mem                                 0x20000138   Data         512  startup_stm32f10x_md.o(HEAP)
    STACK                                    0x20000338   Section     1024  startup_stm32f10x_md.o(STACK)
    Stack_Mem                                0x20000338   Data        1024  startup_stm32f10x_md.o(STACK)
    __initial_sp                             0x20000738   Data           0  startup_stm32f10x_md.o(STACK)

    Global Symbols

    Symbol Name                              Value     Ov Type        Size  Object(Section)

    BuildAttributes$$THM_ISAv4$P$D$K$B$S$PE$A:L22UL41UL21$X:L11$S22US41US21$IEEE1$IW$USESV6$~STKCKD$USESV7$~SHL$OTIME$ROPI$IEEEX$EBA8$UX$STANDARDLIB$REQ8$PRES8$EABIv2 0x00000000   Number         0  anon$$obj.o ABSOLUTE
    __ARM_use_no_argv                        0x00000000   Number         0  main.o ABSOLUTE
    _printf_flags                            0x00000000   Number         0  printf_stubs.o ABSOLUTE
    _printf_return_value                     0x00000000   Number         0  printf_stubs.o ABSOLUTE
    _printf_sizespec                         0x00000000   Number         0  printf_stubs.o ABSOLUTE
    _printf_widthprec                        0x00000000   Number         0  printf_stubs.o ABSOLUTE
    __ARM_exceptions_init                     - Undefined Weak Reference
    __alloca_initialize                       - Undefined Weak Reference
    __arm_preinit_                            - Undefined Weak Reference
    __cpp_initialize__aeabi_                  - Undefined Weak Reference
    __cxa_finalize                            - Undefined Weak Reference
    __rt_locale                               - Undefined Weak Reference
    __sigvec_lookup                           - Undefined Weak Reference
    __user_heap_extent                        - Undefined Weak Reference
    _atexit_init                              - Undefined Weak Reference
    _call_atexit_fns                          - Undefined Weak Reference
    _clock_init                               - Undefined Weak Reference
    _fp_trap_init                             - Undefined Weak Reference
    _fp_trap_shutdown                         - Undefined Weak Reference
    _get_lc_collate                           - Undefined Weak Reference
    _get_lc_ctype                             - Undefined Weak Reference
    _get_lc_monetary                          - Undefined Weak Reference
    _get_lc_numeric                           - Undefined Weak Reference
    _get_lc_time                              - Undefined Weak Reference
    _getenv_init                              - Undefined Weak Reference
    _handle_redirection                       - Undefined Weak Reference
    _mutex_acquire                            - Undefined Weak Reference
    _mutex_free                               - Undefined Weak Reference
    _mutex_release                            - Undefined Weak Reference
    _printf_truncate_signed                   - Undefined Weak Reference
    _printf_truncate_unsigned                 - Undefined Weak Reference
    _rand_init                                - Undefined Weak Reference
    _signal_finish                            - Undefined Weak Reference
    _signal_init                              - Undefined Weak Reference
    __Vectors_Size                           0x000000ec   Number         0  startup_stm32f10x_md.o ABSOLUTE
    __Vectors                                0x08000000   Data           4  startup_stm32f10x_md.o(RESET)
    __Vectors_End                            0x080000ec   Data           0  startup_stm32f10x_md.o(RESET)
    __main                                   0x080000ed   Thumb Code     8  __main.o(!!!main)
    __scatterload                            0x080000f5   Thumb Code     0  __scatter.o(!!!scatter)
    __scatterload_rt2                        0x080000f5   Thumb Code    44  __scatter.o(!!!scatter)
    __scatterload_rt2_thumb_only             0x080000f5   Thumb Code     0  __scatter.o(!!!scatter)
    __scatterload_null                       0x08000103   Thumb Code     0  __scatter.o(!!!scatter)
    __scatterload_copy                       0x08000129   Thumb Code    26  __scatter_copy.o(!!handler_copy)
    __scatterload_zeroinit                   0x08000145   Thumb Code    28  __scatter_zi.o(!!handler_zi)
    __rt_lib_init                            0x08000161   Thumb Code     0  libinit.o(.ARM.Collect$$libinit$$00000000)
    __rt_lib_init_alloca_1                   0x08000163   Thumb Code     0  libinit2.o(.ARM.Collect$$libinit$$0000002E)
    __rt_lib_init_argv_1                     0x08000163   Thumb Code     0  libinit2.o(.ARM.Collect$$libinit$$0000002C)
    __rt_lib_init_atexit_1                   0x08000163   Thumb Code     0  libinit2.o(.ARM.Collect$$libinit$$0000001B)
    __rt_lib_init_clock_1                    0x08000163   Thumb Code     0  libinit2.o(.ARM.Collect$$libinit$$00000021)
    __rt_lib_init_cpp_1                      0x08000163   Thumb Code     0  libinit2.o(.ARM.Collect$$libinit$$00000032)
    __rt_lib_init_exceptions_1               0x08000163   Thumb Code     0  libinit2.o(.ARM.Collect$$libinit$$00000030)
    __rt_lib_init_fp_1                       0x08000163   Thumb Code     0  libinit2.o(.ARM.Collect$$libinit$$00000002)
    __rt_lib_init_fp_trap_1                  0x08000163   Thumb Code     0  libinit2.o(.ARM.Collect$$libinit$$0000001F)
    __rt_lib_init_getenv_1                   0x08000163   Thumb Code     0  libinit2.o(.ARM.Collect$$libinit$$00000023)
    __rt_lib_init_heap_1                     0x08000163   Thumb Code     0  libinit2.o(.ARM.Collect$$libinit$$0000000A)
    __rt_lib_init_lc_collate_1               0x08000163   Thumb Code     0  libinit2.o(.ARM.Collect$$libinit$$00000011)
    __rt_lib_init_lc_ctype_1                 0x08000163   Thumb Code     0  libinit2.o(.ARM.Collect$$libinit$$00000013)
    __rt_lib_init_lc_monetary_1              0x08000163   Thumb Code     0  libinit2.o(.ARM.Collect$$libinit$$00000015)
    __rt_lib_init_lc_numeric_1               0x08000163   Thumb Code     0  libinit2.o(.ARM.Collect$$libinit$$00000017)
    __rt_lib_init_lc_time_1                  0x08000163   Thumb Code     0  libinit2.o(.ARM.Collect$$libinit$$00000019)
    __rt_lib_init_preinit_1                  0x08000163   Thumb Code     0  libinit2.o(.ARM.Collect$$libinit$$00000004)
    __rt_lib_init_rand_1                     0x08000163   Thumb Code     0  libinit2.o(.ARM.Collect$$libinit$$0000000E)
    __rt_lib_init_return                     0x08000163   Thumb Code     0  libinit2.o(.ARM.Collect$$libinit$$00000033)
    __rt_lib_init_signal_1                   0x08000163   Thumb Code     0  libinit2.o(.ARM.Collect$$libinit$$0000001D)
    __rt_lib_init_stdio_1                    0x08000163   Thumb Code     0  libinit2.o(.ARM.Collect$$libinit$$00000025)
    __rt_lib_init_user_alloc_1               0x08000163   Thumb Code     0  libinit2.o(.ARM.Collect$$libinit$$0000000C)
    __rt_lib_shutdown                        0x08000165   Thumb Code     0  libshutdown.o(.ARM.Collect$$libshutdown$$00000000)
    __rt_lib_shutdown_cpp_1                  0x08000167   Thumb Code     0  libshutdown2.o(.ARM.Collect$$libshutdown$$00000002)
    __rt_lib_shutdown_fp_trap_1              0x08000167   Thumb Code     0  libshutdown2.o(.ARM.Collect$$libshutdown$$00000007)
    __rt_lib_shutdown_heap_1                 0x08000167   Thumb Code     0  libshutdown2.o(.ARM.Collect$$libshutdown$$0000000F)
    __rt_lib_shutdown_return                 0x08000167   Thumb Code     0  libshutdown2.o(.ARM.Collect$$libshutdown$$00000010)
    __rt_lib_shutdown_signal_1               0x08000167   Thumb Code     0  libshutdown2.o(.ARM.Collect$$libshutdown$$0000000A)
    __rt_lib_shutdown_stdio_1                0x08000167   Thumb Code     0  libshutdown2.o(.ARM.Collect$$libshutdown$$00000004)
    __rt_lib_shutdown_user_alloc_1           0x08000167   Thumb Code     0  libshutdown2.o(.ARM.Collect$$libshutdown$$0000000C)
    __rt_entry                               0x08000169   Thumb Code     0  __rtentry.o(.ARM.Collect$$rtentry$$00000000)
    __rt_entry_presh_1                       0x08000169   Thumb Code     0  __rtentry2.o(.ARM.Collect$$rtentry$$00000002)
    __rt_entry_sh                            0x08000169   Thumb Code     0  __rtentry4.o(.ARM.Collect$$rtentry$$00000004)
    __rt_entry_li                            0x0800016f   Thumb Code     0  __rtentry2.o(.ARM.Collect$$rtentry$$0000000A)
    __rt_entry_postsh_1                      0x0800016f   Thumb Code     0  __rtentry2.o(.ARM.Collect$$rtentry$$00000009)
    __rt_entry_main                          0x08000173   Thumb Code     0  __rtentry2.o(.ARM.Collect$$rtentry$$0000000D)
    __rt_entry_postli_1                      0x08000173   Thumb Code     0  __rtentry2.o(.ARM.Collect$$rtentry$$0000000C)
    __rt_exit                                0x0800017b   Thumb Code     0  rtexit.o(.ARM.Collect$$rtexit$$00000000)
    __rt_exit_ls                             0x0800017d   Thumb Code     0  rtexit2.o(.ARM.Collect$$rtexit$$00000003)
    __rt_exit_prels_1                        0x0800017d   Thumb Code     0  rtexit2.o(.ARM.Collect$$rtexit$$00000002)
    __rt_exit_exit                           0x08000181   Thumb Code     0  rtexit2.o(.ARM.Collect$$rtexit$$00000004)
    Reset_Handler                            0x08000189   Thumb Code     8  startup_stm32f10x_md.o(.text)
    ADC1_2_IRQHandler                        0x080001a3   Thumb Code     0  startup_stm32f10x_md.o(.text)
    CAN1_RX1_IRQHandler                      0x080001a3   Thumb Code     0  startup_stm32f10x_md.o(.text)
    CAN1_SCE_IRQHandler                      0x080001a3   Thumb Code     0  startup_stm32f10x_md.o(.text)
    DMA1_Channel1_IRQHandler                 0x080001a3   Thumb Code     0  startup_stm32f10x_md.o(.text)
    DMA1_Channel2_IRQHandler                 0x080001a3   Thumb Code     0  startup_stm32f10x_md.o(.text)
    DMA1_Channel3_IRQHandler                 0x080001a3   Thumb Code     0  startup_stm32f10x_md.o(.text)
    DMA1_Channel4_IRQHandler                 0x080001a3   Thumb Code     0  startup_stm32f10x_md.o(.text)
    DMA1_Channel5_IRQHandler                 0x080001a3   Thumb Code     0  startup_stm32f10x_md.o(.text)
    DMA1_Channel6_IRQHandler                 0x080001a3   Thumb Code     0  startup_stm32f10x_md.o(.text)
    DMA1_Channel7_IRQHandler                 0x080001a3   Thumb Code     0  startup_stm32f10x_md.o(.text)
    EXTI0_IRQHandler                         0x080001a3   Thumb Code     0  startup_stm32f10x_md.o(.text)
    EXTI15_10_IRQHandler                     0x080001a3   Thumb Code     0  startup_stm32f10x_md.o(.text)
    EXTI1_IRQHandler                         0x080001a3   Thumb Code     0  startup_stm32f10x_md.o(.text)
    EXTI2_IRQHandler                         0x080001a3   Thumb Code     0  startup_stm32f10x_md.o(.text)
    EXTI3_IRQHandler                         0x080001a3   Thumb Code     0  startup_stm32f10x_md.o(.text)
    EXTI4_IRQHandler                         0x080001a3   Thumb Code     0  startup_stm32f10x_md.o(.text)
    FLASH_IRQHandler                         0x080001a3   Thumb Code     0  startup_stm32f10x_md.o(.text)
    I2C1_ER_IRQHandler                       0x080001a3   Thumb Code     0  startup_stm32f10x_md.o(.text)
    I2C1_EV_IRQHandler                       0x080001a3   Thumb Code     0  startup_stm32f10x_md.o(.text)
    I2C2_ER_IRQHandler                       0x080001a3   Thumb Code     0  startup_stm32f10x_md.o(.text)
    I2C2_EV_IRQHandler                       0x080001a3   Thumb Code     0  startup_stm32f10x_md.o(.text)
    PVD_IRQHandler                           0x080001a3   Thumb Code     0  startup_stm32f10x_md.o(.text)
    RCC_IRQHandler                           0x080001a3   Thumb Code     0  startup_stm32f10x_md.o(.text)
    RTCAlarm_IRQHandler                      0x080001a3   Thumb Code     0  startup_stm32f10x_md.o(.text)
    RTC_IRQHandler                           0x080001a3   Thumb Code     0  startup_stm32f10x_md.o(.text)
    SPI1_IRQHandler                          0x080001a3   Thumb Code     0  startup_stm32f10x_md.o(.text)
    SPI2_IRQHandler                          0x080001a3   Thumb Code     0  startup_stm32f10x_md.o(.text)
    TAMPER_IRQHandler                        0x080001a3   Thumb Code     0  startup_stm32f10x_md.o(.text)
    TIM1_BRK_IRQHandler                      0x080001a3   Thumb Code     0  startup_stm32f10x_md.o(.text)
    TIM1_CC_IRQHandler                       0x080001a3   Thumb Code     0  startup_stm32f10x_md.o(.text)
    TIM1_TRG_COM_IRQHandler                  0x080001a3   Thumb Code     0  startup_stm32f10x_md.o(.text)
    TIM1_UP_IRQHandler                       0x080001a3   Thumb Code     0  startup_stm32f10x_md.o(.text)
    USART1_IRQHandler                        0x080001a3   Thumb Code     0  startup_stm32f10x_md.o(.text)
    USART2_IRQHandler                        0x080001a3   Thumb Code     0  startup_stm32f10x_md.o(.text)
    USBWakeUp_IRQHandler                     0x080001a3   Thumb Code     0  startup_stm32f10x_md.o(.text)
    USB_HP_CAN1_TX_IRQHandler                0x080001a3   Thumb Code     0  startup_stm32f10x_md.o(.text)
    USB_LP_CAN1_RX0_IRQHandler               0x080001a3   Thumb Code     0  startup_stm32f10x_md.o(.text)
    WWDG_IRQHandler                          0x080001a3   Thumb Code     0  startup_stm32f10x_md.o(.text)
    __user_initial_stackheap                 0x080001a5   Thumb Code     0  startup_stm32f10x_md.o(.text)
    strlen                                   0x080001c9   Thumb Code    62  strlen.o(.text)
    __use_two_region_memory                  0x08000207   Thumb Code     2  heapauxi.o(.text)
    __rt_heap_escrow                         0x08000209   Thumb Code     2  heapauxi.o(.text)
    __rt_heap_expand                         0x0800020b   Thumb Code     2  heapauxi.o(.text)
    __read_errno                             0x0800020d   Thumb Code    10  _rserrno.o(.text)
    __set_errno                              0x08000217   Thumb Code    12  _rserrno.o(.text)
    __aeabi_errno_addr                       0x08000225   Thumb Code     8  rt_errno_addr_intlibspace.o(.text)
    __errno$intlibspace                      0x08000225   Thumb Code     0  rt_errno_addr_intlibspace.o(.text)
    __rt_errno_addr$intlibspace              0x08000225   Thumb Code     0  rt_errno_addr_intlibspace.o(.text)
    __user_libspace                          0x0800022d   Thumb Code     8  libspace.o(.text)
    __user_perproc_libspace                  0x0800022d   Thumb Code     0  libspace.o(.text)
    __user_perthread_libspace                0x0800022d   Thumb Code     0  libspace.o(.text)
    __user_setup_stackheap                   0x08000235   Thumb Code    74  sys_stackheap_outer.o(.text)
    exit                                     0x0800027f   Thumb Code    18  exit.o(.text)
    __I$use$semihosting                      0x08000291   Thumb Code     0  use_no_semi.o(.text)
    __use_no_semihosting_swi                 0x08000291   Thumb Code     2  use_no_semi.o(.text)
    __semihosting_library_function           0x08000293   Thumb Code     0  indicate_semi.o(.text)
    _sys_exit                                0x08000295   Thumb Code     8  sys_exit.o(.text)
    Bluetooth_SendData                       0x080002a1   Thumb Code    28  bluebooth.o(i.Bluetooth_SendData)
    Bluetooth_SendNumber                     0x080002c1   Thumb Code    86  bluebooth.o(i.Bluetooth_SendNumber)
    Bluetooth_SendString                     0x0800031d   Thumb Code    34  bluebooth.o(i.Bluetooth_SendString)
    BusFault_Handler                         0x0800033f   Thumb Code     4  stm32f10x_it.o(i.BusFault_Handler)
    DebugMon_Handler                         0x08000343   Thumb Code     2  stm32f10x_it.o(i.DebugMon_Handler)
    Delay_ms                                 0x08000345   Thumb Code    24  delay.o(i.Delay_ms)
    Delay_us                                 0x0800035d   Thumb Code    46  delay.o(i.Delay_us)
    EXTI9_5_IRQHandler                       0x0800038d   Thumb Code   576  control.o(i.EXTI9_5_IRQHandler)
    EXTI_ClearITPendingBit                   0x08000651   Thumb Code     6  stm32f10x_exti.o(i.EXTI_ClearITPendingBit)
    EXTI_GetITStatus                         0x0800065d   Thumb Code    34  stm32f10x_exti.o(i.EXTI_GetITStatus)
    GFP_abs                                  0x08000685   Thumb Code    16  motor.o(i.GFP_abs)
    GPIO_ReadInputDataBit                    0x08000695   Thumb Code    18  stm32f10x_gpio.o(i.GPIO_ReadInputDataBit)
    GPIO_ResetBits                           0x080006a7   Thumb Code     4  stm32f10x_gpio.o(i.GPIO_ResetBits)
    GPIO_SetBits                             0x080006ab   Thumb Code     4  stm32f10x_gpio.o(i.GPIO_SetBits)
    HardFault_Handler                        0x080006af   Thumb Code     4  stm32f10x_it.o(i.HardFault_Handler)
    IIC_ReceiveAck                           0x080006b5   Thumb Code    44  iic.o(i.IIC_ReceiveAck)
    IIC_ReceiveByte                          0x080006e5   Thumb Code    80  iic.o(i.IIC_ReceiveByte)
    IIC_SendAck                              0x08000739   Thumb Code    66  iic.o(i.IIC_SendAck)
    IIC_SendByte                             0x08000781   Thumb Code    84  iic.o(i.IIC_SendByte)
    IIC_Start                                0x080007d9   Thumb Code    60  iic.o(i.IIC_Start)
    IIC_Stop                                 0x08000819   Thumb Code    46  iic.o(i.IIC_Stop)
    Limit                                    0x0800084d   Thumb Code    66  motor.o(i.Limit)
    Load                                     0x08000899   Thumb Code   112  motor.o(i.Load)
    MPU_Get_Accelerometer                    0x08000915   Thumb Code    80  mpu6050.o(i.MPU_Get_Accelerometer)
    MPU_Get_Gyroscope                        0x08000965   Thumb Code    80  mpu6050.o(i.MPU_Get_Gyroscope)
    MPU_Read_Len                             0x080009b5   Thumb Code   124  mpu6050.o(i.MPU_Read_Len)
    MPU_Send_Len                             0x08000a31   Thumb Code    96  mpu6050.o(i.MPU_Send_Len)
    MemManage_Handler                        0x08000a91   Thumb Code     4  stm32f10x_it.o(i.MemManage_Handler)
    NMI_Handler                              0x08000a95   Thumb Code     2  stm32f10x_it.o(i.NMI_Handler)
    PendSV_Handler                           0x08000a97   Thumb Code     2  stm32f10x_it.o(i.PendSV_Handler)
    Read_Speed                               0x08000a99   Thumb Code    64  encoder.o(i.Read_Speed)
    SVC_Handler                              0x08000add   Thumb Code     2  stm32f10x_it.o(i.SVC_Handler)
    Stop                                     0x08000bc9   Thumb Code    52  motor.o(i.Stop)
    SysTick_Handler                          0x08000c05   Thumb Code     2  stm32f10x_it.o(i.SysTick_Handler)
    SystemInit                               0x08000c09   Thumb Code    78  system_stm32f10x.o(i.SystemInit)
    TIM2_IRQHandler                          0x08000c69   Thumb Code    22  encoder.o(i.TIM2_IRQHandler)
    TIM3_IRQHandler                          0x08000c81   Thumb Code    32  hc-sr04.o(i.TIM3_IRQHandler)
    TIM4_IRQHandler                          0x08000ca9   Thumb Code    22  encoder.o(i.TIM4_IRQHandler)
    TIM_ClearITPendingBit                    0x08000cc5   Thumb Code     6  stm32f10x_tim.o(i.TIM_ClearITPendingBit)
    TIM_GetCounter                           0x08000ccb   Thumb Code     6  stm32f10x_tim.o(i.TIM_GetCounter)
    TIM_GetITStatus                          0x08000cd1   Thumb Code    34  stm32f10x_tim.o(i.TIM_GetITStatus)
    TIM_SetCompare1                          0x08000cf3   Thumb Code     4  stm32f10x_tim.o(i.TIM_SetCompare1)
    TIM_SetCompare4                          0x08000cf7   Thumb Code     6  stm32f10x_tim.o(i.TIM_SetCompare4)
    TIM_SetCounter                           0x08000cfd   Thumb Code     4  stm32f10x_tim.o(i.TIM_SetCounter)
    Turn                                     0x08000d01   Thumb Code    68  control.o(i.Turn)
    USART3_IRQHandler                        0x08000d4d   Thumb Code   766  bluebooth.o(i.USART3_IRQHandler)
    USART_GetFlagStatus                      0x080010c5   Thumb Code    26  stm32f10x_usart.o(i.USART_GetFlagStatus)
    USART_GetITStatus                        0x080010df   Thumb Code    84  stm32f10x_usart.o(i.USART_GetITStatus)
    USART_ReceiveData                        0x08001133   Thumb Code    10  stm32f10x_usart.o(i.USART_ReceiveData)
    USART_SendData                           0x0800113d   Thumb Code     8  stm32f10x_usart.o(i.USART_SendData)
    UsageFault_Handler                       0x08001145   Thumb Code     4  stm32f10x_it.o(i.UsageFault_Handler)
    Velocity                                 0x08001149   Thumb Code   228  control.o(i.Velocity)
    Vertical                                 0x08001255   Thumb Code    74  control.o(i.Vertical)
    __ARM_fpclassify                         0x080012a9   Thumb Code    40  fpclassify.o(i.__ARM_fpclassify)
    __kernel_poly                            0x080012d1   Thumb Code   170  poly.o(i.__kernel_poly)
    __mathlib_dbl_divzero                    0x0800137d   Thumb Code    12  dunder.o(i.__mathlib_dbl_divzero)
    __mathlib_dbl_infnan                     0x0800138d   Thumb Code     6  dunder.o(i.__mathlib_dbl_infnan)
    __mathlib_dbl_infnan2                    0x08001393   Thumb Code     4  dunder.o(i.__mathlib_dbl_infnan2)
    __mathlib_dbl_invalid                    0x08001397   Thumb Code    12  dunder.o(i.__mathlib_dbl_invalid)
    __mathlib_dbl_overflow                   0x080013a3   Thumb Code    14  dunder.o(i.__mathlib_dbl_overflow)
    __mathlib_dbl_underflow                  0x080013b1   Thumb Code    10  dunder.o(i.__mathlib_dbl_underflow)
    asin                                     0x080013c1   Thumb Code   572  asin.o(i.asin)
    atan                                     0x08001631   Thumb Code   474  atan.o(i.atan)
    atan2                                    0x08001851   Thumb Code   346  atan2.o(i.atan2)
    dmp_read_fifo                            0x08001a35   Thumb Code   456  inv_mpu_dmp_motion_driver.o(i.dmp_read_fifo)
    main                                     0x08001c01   Thumb Code     4  main.o(i.main)
    mget_ms                                  0x08001c05   Thumb Code     2  inv_mpu.o(i.mget_ms)
    mpu_dmp_get_data                         0x08001c09   Thumb Code   544  inv_mpu.o(i.mpu_dmp_get_data)
    mpu_read_fifo_stream                     0x08001e2d   Thumb Code   186  inv_mpu.o(i.mpu_read_fifo_stream)
    mpu_reset_fifo                           0x08001eed   Thumb Code   450  inv_mpu.o(i.mpu_reset_fifo)
    pow                                      0x080020b5   Thumb Code  2512  pow.o(i.pow)
    sqrt                                     0x08002a8d   Thumb Code    76  sqrt.o(i.sqrt)
    __aeabi_d2f                              0x08002ad9   Thumb Code     0  d2f.o(x$fpl$d2f)
    _d2f                                     0x08002ad9   Thumb Code    98  d2f.o(x$fpl$d2f)
    __aeabi_dadd                             0x08002b3d   Thumb Code     0  daddsub_clz.o(x$fpl$dadd)
    _dadd                                    0x08002b3d   Thumb Code   332  daddsub_clz.o(x$fpl$dadd)
    __fpl_dcheck_NaN1                        0x08002c8d   Thumb Code    10  dcheck1.o(x$fpl$dcheck1)
    __fpl_dcmp_Inf                           0x08002c9d   Thumb Code    24  dcmpi.o(x$fpl$dcmpinf)
    __aeabi_ddiv                             0x08002cb5   Thumb Code     0  ddiv.o(x$fpl$ddiv)
    _ddiv                                    0x08002cb5   Thumb Code   552  ddiv.o(x$fpl$ddiv)
    __aeabi_d2uiz                            0x08002f65   Thumb Code     0  dfixu.o(x$fpl$dfixu)
    _dfixu                                   0x08002f65   Thumb Code    90  dfixu.o(x$fpl$dfixu)
    __aeabi_i2d                              0x08002fbf   Thumb Code     0  dflt_clz.o(x$fpl$dflt)
    _dflt                                    0x08002fbf   Thumb Code    46  dflt_clz.o(x$fpl$dflt)
    __aeabi_cdcmple                          0x08002fed   Thumb Code     0  dleqf.o(x$fpl$dleqf)
    _dcmple                                  0x08002fed   Thumb Code   120  dleqf.o(x$fpl$dleqf)
    __fpl_dcmple_InfNaN                      0x0800304f   Thumb Code     0  dleqf.o(x$fpl$dleqf)
    __aeabi_dmul                             0x08003065   Thumb Code     0  dmul.o(x$fpl$dmul)
    _dmul                                    0x08003065   Thumb Code   332  dmul.o(x$fpl$dmul)
    __fpl_dnaninf                            0x080031b9   Thumb Code   156  dnaninf.o(x$fpl$dnaninf)
    __fpl_dretinf                            0x08003255   Thumb Code    12  dretinf.o(x$fpl$dretinf)
    __aeabi_cdrcmple                         0x08003261   Thumb Code     0  drleqf.o(x$fpl$drleqf)
    _drcmple                                 0x08003261   Thumb Code   108  drleqf.o(x$fpl$drleqf)
    __aeabi_drsub                            0x080032cd   Thumb Code     0  daddsub_clz.o(x$fpl$drsb)
    _drsb                                    0x080032cd   Thumb Code    22  daddsub_clz.o(x$fpl$drsb)
    _dsqrt                                   0x080032e5   Thumb Code   456  dsqrt_noumaal.o(x$fpl$dsqrt)
    __aeabi_dsub                             0x080034b1   Thumb Code     0  daddsub_clz.o(x$fpl$dsub)
    _dsub                                    0x080034b1   Thumb Code   464  daddsub_clz.o(x$fpl$dsub)
    __aeabi_f2d                              0x08003685   Thumb Code     0  f2d.o(x$fpl$f2d)
    _f2d                                     0x08003685   Thumb Code    86  f2d.o(x$fpl$f2d)
    __aeabi_fadd                             0x080036dd   Thumb Code     0  faddsub_clz.o(x$fpl$fadd)
    _fadd                                    0x080036dd   Thumb Code   196  faddsub_clz.o(x$fpl$fadd)
    __fpl_fcmp_Inf                           0x080037a1   Thumb Code    24  fcmpi.o(x$fpl$fcmpinf)
    __aeabi_fdiv                             0x080037b9   Thumb Code     0  fdiv.o(x$fpl$fdiv)
    _fdiv                                    0x080037b9   Thumb Code   384  fdiv.o(x$fpl$fdiv)
    __aeabi_f2iz                             0x0800393d   Thumb Code     0  ffix.o(x$fpl$ffix)
    _ffix                                    0x0800393d   Thumb Code    54  ffix.o(x$fpl$ffix)
    __aeabi_i2f                              0x08003975   Thumb Code     0  fflt_clz.o(x$fpl$fflt)
    _fflt                                    0x08003975   Thumb Code    48  fflt_clz.o(x$fpl$fflt)
    __aeabi_cfcmple                          0x080039a5   Thumb Code     0  fleqf.o(x$fpl$fleqf)
    _fcmple                                  0x080039a5   Thumb Code   104  fleqf.o(x$fpl$fleqf)
    __fpl_fcmple_InfNaN                      0x080039f7   Thumb Code     0  fleqf.o(x$fpl$fleqf)
    __aeabi_fmul                             0x08003a0d   Thumb Code     0  fmul.o(x$fpl$fmul)
    _fmul                                    0x08003a0d   Thumb Code   258  fmul.o(x$fpl$fmul)
    __fpl_fnaninf                            0x08003b0f   Thumb Code   140  fnaninf.o(x$fpl$fnaninf)
    __fpl_fretinf                            0x08003b9b   Thumb Code    10  fretinf.o(x$fpl$fretinf)
    __aeabi_cfrcmple                         0x08003ba5   Thumb Code     0  frleqf.o(x$fpl$frleqf)
    _frcmple                                 0x08003ba5   Thumb Code    98  frleqf.o(x$fpl$frleqf)
    __aeabi_frsub                            0x08003c07   Thumb Code     0  faddsub_clz.o(x$fpl$frsb)
    _frsb                                    0x08003c07   Thumb Code    20  faddsub_clz.o(x$fpl$frsb)
    __aeabi_fsub                             0x08003c1d   Thumb Code     0  faddsub_clz.o(x$fpl$fsub)
    _fsub                                    0x08003c1d   Thumb Code   234  faddsub_clz.o(x$fpl$fsub)
    __fpl_return_NaN                         0x08003d07   Thumb Code   100  retnan.o(x$fpl$retnan)
    __ARM_scalbn                             0x08003d6b   Thumb Code    92  scalbn.o(x$fpl$scalbn)
    __fpl_cmpreturn                          0x08003dc7   Thumb Code    48  trapv.o(x$fpl$trapveneer)
    __I$use$fp                               0x08003df6   Number         0  usenofp.o(x$fpl$usenofp)
    reg                                      0x08003df8   Data          27  inv_mpu.o(.constdata)
    hw                                       0x08003e14   Data          12  inv_mpu.o(.constdata)
    test                                     0x08003e20   Data          40  inv_mpu.o(.constdata)
    __mathlib_zero                           0x08003fb8   Data           8  qnan.o(.constdata)
    Region$$Table$$Base                      0x08003fc0   Number         0  anon$$obj.o(Region$$Table)
    Region$$Table$$Limit                     0x08003fe0   Number         0  anon$$obj.o(Region$$Table)
    Fore                                     0x20000000   Data           1  bluebooth.o(.data)
    Back                                     0x20000001   Data           1  bluebooth.o(.data)
    Left                                     0x20000002   Data           1  bluebooth.o(.data)
    Right                                    0x20000003   Data           1  bluebooth.o(.data)
    Tracking                                 0x20000004   Data           1  bluebooth.o(.data)
    Avoiding                                 0x20000005   Data           1  bluebooth.o(.data)
    overcount                                0x20000008   Data           4  hc-sr04.o(.data)
    PWM_MAX                                  0x20000044   Data           4  motor.o(.data)
    PWM_MIN                                  0x20000048   Data           4  motor.o(.data)
    PWM_Zero                                 0x2000004c   Data           1  motor.o(.data)
    stop                                     0x2000004d   Data           1  motor.o(.data)
    Isback                                   0x20000050   Data           4  control.o(.data)
    Med_Angle                                0x20000054   Data           4  control.o(.data)
    Target_Speed                             0x20000058   Data           4  control.o(.data)
    Turn_Speed                               0x2000005c   Data           4  control.o(.data)
    Vertical_Kp                              0x20000060   Data           4  control.o(.data)
    Vertical_Kd                              0x20000064   Data           4  control.o(.data)
    Velocity_Kp                              0x20000068   Data           4  control.o(.data)
    Velocity_Ki                              0x2000006c   Data           4  control.o(.data)
    Turn_Kd                                  0x20000070   Data           4  control.o(.data)
    Turn_Kp                                  0x20000074   Data           4  control.o(.data)
    Vertical_out                             0x20000078   Data           4  control.o(.data)
    Velocity_out                             0x2000007c   Data           4  control.o(.data)
    Turn_out                                 0x20000080   Data           4  control.o(.data)
    Pitch                                    0x20000098   Data           4  main.o(.data)
    Roll                                     0x2000009c   Data           4  main.o(.data)
    Yaw                                      0x200000a0   Data           4  main.o(.data)
    gyrox                                    0x200000a4   Data           2  main.o(.data)
    gyroy                                    0x200000a6   Data           2  main.o(.data)
    gyroz                                    0x200000a8   Data           2  main.o(.data)
    aacx                                     0x200000aa   Data           2  main.o(.data)
    aacy                                     0x200000ac   Data           2  main.o(.data)
    aacz                                     0x200000ae   Data           2  main.o(.data)
    Encoder_Left                             0x200000b0   Data           4  main.o(.data)
    Encoder_Right                            0x200000b4   Data           4  main.o(.data)
    length                                   0x200000b8   Data           4  main.o(.data)
    MOTO1                                    0x200000bc   Data           4  main.o(.data)
    MOTO2                                    0x200000c0   Data           4  main.o(.data)
    __libspace_start                         0x200000d4   Data          96  libspace.o(.bss)
    __temporary_stack_top$libspace           0x20000134   Data           0  libspace.o(.bss)



==============================================================================

Memory Map of the image

  Image Entry point : 0x080000ed

  Load Region LR_IROM1 (Base: 0x08000000, Size: 0x000040a4, Max: 0x00010000, ABSOLUTE)

    Execution Region ER_IROM1 (Exec base: 0x08000000, Load base: 0x08000000, Size: 0x00003fe0, Max: 0x00010000, ABSOLUTE)

    Exec Addr    Load Addr    Size         Type   Attr      Idx    E Section Name        Object

    0x08000000   0x08000000   0x000000ec   Data   RO            3    RESET               startup_stm32f10x_md.o
    0x080000ec   0x080000ec   0x00000008   Code   RO         4398  * !!!main             c_w.l(__main.o)
    0x080000f4   0x080000f4   0x00000034   Code   RO         4913    !!!scatter          c_w.l(__scatter.o)
    0x08000128   0x08000128   0x0000001a   Code   RO         4915    !!handler_copy      c_w.l(__scatter_copy.o)
    0x08000142   0x08000142   0x00000002   PAD
    0x08000144   0x08000144   0x0000001c   Code   RO         4917    !!handler_zi        c_w.l(__scatter_zi.o)
    0x08000160   0x08000160   0x00000002   Code   RO         4700    .ARM.Collect$$libinit$$00000000  c_w.l(libinit.o)
    0x08000162   0x08000162   0x00000000   Code   RO         4702    .ARM.Collect$$libinit$$00000002  c_w.l(libinit2.o)
    0x08000162   0x08000162   0x00000000   Code   RO         4704    .ARM.Collect$$libinit$$00000004  c_w.l(libinit2.o)
    0x08000162   0x08000162   0x00000000   Code   RO         4707    .ARM.Collect$$libinit$$0000000A  c_w.l(libinit2.o)
    0x08000162   0x08000162   0x00000000   Code   RO         4709    .ARM.Collect$$libinit$$0000000C  c_w.l(libinit2.o)
    0x08000162   0x08000162   0x00000000   Code   RO         4711    .ARM.Collect$$libinit$$0000000E  c_w.l(libinit2.o)
    0x08000162   0x08000162   0x00000000   Code   RO         4714    .ARM.Collect$$libinit$$00000011  c_w.l(libinit2.o)
    0x08000162   0x08000162   0x00000000   Code   RO         4716    .ARM.Collect$$libinit$$00000013  c_w.l(libinit2.o)
    0x08000162   0x08000162   0x00000000   Code   RO         4718    .ARM.Collect$$libinit$$00000015  c_w.l(libinit2.o)
    0x08000162   0x08000162   0x00000000   Code   RO         4720    .ARM.Collect$$libinit$$00000017  c_w.l(libinit2.o)
    0x08000162   0x08000162   0x00000000   Code   RO         4722    .ARM.Collect$$libinit$$00000019  c_w.l(libinit2.o)
    0x08000162   0x08000162   0x00000000   Code   RO         4724    .ARM.Collect$$libinit$$0000001B  c_w.l(libinit2.o)
    0x08000162   0x08000162   0x00000000   Code   RO         4726    .ARM.Collect$$libinit$$0000001D  c_w.l(libinit2.o)
    0x08000162   0x08000162   0x00000000   Code   RO         4728    .ARM.Collect$$libinit$$0000001F  c_w.l(libinit2.o)
    0x08000162   0x08000162   0x00000000   Code   RO         4730    .ARM.Collect$$libinit$$00000021  c_w.l(libinit2.o)
    0x08000162   0x08000162   0x00000000   Code   RO         4732    .ARM.Collect$$libinit$$00000023  c_w.l(libinit2.o)
    0x08000162   0x08000162   0x00000000   Code   RO         4734    .ARM.Collect$$libinit$$00000025  c_w.l(libinit2.o)
    0x08000162   0x08000162   0x00000000   Code   RO         4738    .ARM.Collect$$libinit$$0000002C  c_w.l(libinit2.o)
    0x08000162   0x08000162   0x00000000   Code   RO         4740    .ARM.Collect$$libinit$$0000002E  c_w.l(libinit2.o)
    0x08000162   0x08000162   0x00000000   Code   RO         4742    .ARM.Collect$$libinit$$00000030  c_w.l(libinit2.o)
    0x08000162   0x08000162   0x00000000   Code   RO         4744    .ARM.Collect$$libinit$$00000032  c_w.l(libinit2.o)
    0x08000162   0x08000162   0x00000002   Code   RO         4745    .ARM.Collect$$libinit$$00000033  c_w.l(libinit2.o)
    0x08000164   0x08000164   0x00000002   Code   RO         4894    .ARM.Collect$$libshutdown$$00000000  c_w.l(libshutdown.o)
    0x08000166   0x08000166   0x00000000   Code   RO         4747    .ARM.Collect$$libshutdown$$00000002  c_w.l(libshutdown2.o)
    0x08000166   0x08000166   0x00000000   Code   RO         4749    .ARM.Collect$$libshutdown$$00000004  c_w.l(libshutdown2.o)
    0x08000166   0x08000166   0x00000000   Code   RO         4752    .ARM.Collect$$libshutdown$$00000007  c_w.l(libshutdown2.o)
    0x08000166   0x08000166   0x00000000   Code   RO         4755    .ARM.Collect$$libshutdown$$0000000A  c_w.l(libshutdown2.o)
    0x08000166   0x08000166   0x00000000   Code   RO         4757    .ARM.Collect$$libshutdown$$0000000C  c_w.l(libshutdown2.o)
    0x08000166   0x08000166   0x00000000   Code   RO         4760    .ARM.Collect$$libshutdown$$0000000F  c_w.l(libshutdown2.o)
    0x08000166   0x08000166   0x00000002   Code   RO         4761    .ARM.Collect$$libshutdown$$00000010  c_w.l(libshutdown2.o)
    0x08000168   0x08000168   0x00000000   Code   RO         4486    .ARM.Collect$$rtentry$$00000000  c_w.l(__rtentry.o)
    0x08000168   0x08000168   0x00000000   Code   RO         4557    .ARM.Collect$$rtentry$$00000002  c_w.l(__rtentry2.o)
    0x08000168   0x08000168   0x00000006   Code   RO         4569    .ARM.Collect$$rtentry$$00000004  c_w.l(__rtentry4.o)
    0x0800016e   0x0800016e   0x00000000   Code   RO         4559    .ARM.Collect$$rtentry$$00000009  c_w.l(__rtentry2.o)
    0x0800016e   0x0800016e   0x00000004   Code   RO         4560    .ARM.Collect$$rtentry$$0000000A  c_w.l(__rtentry2.o)
    0x08000172   0x08000172   0x00000000   Code   RO         4562    .ARM.Collect$$rtentry$$0000000C  c_w.l(__rtentry2.o)
    0x08000172   0x08000172   0x00000008   Code   RO         4563    .ARM.Collect$$rtentry$$0000000D  c_w.l(__rtentry2.o)
    0x0800017a   0x0800017a   0x00000002   Code   RO         4771    .ARM.Collect$$rtexit$$00000000  c_w.l(rtexit.o)
    0x0800017c   0x0800017c   0x00000000   Code   RO         4833    .ARM.Collect$$rtexit$$00000002  c_w.l(rtexit2.o)
    0x0800017c   0x0800017c   0x00000004   Code   RO         4834    .ARM.Collect$$rtexit$$00000003  c_w.l(rtexit2.o)
    0x08000180   0x08000180   0x00000006   Code   RO         4835    .ARM.Collect$$rtexit$$00000004  c_w.l(rtexit2.o)
    0x08000186   0x08000186   0x00000002   PAD
    0x08000188   0x08000188   0x00000040   Code   RO            4    .text               startup_stm32f10x_md.o
    0x080001c8   0x080001c8   0x0000003e   Code   RO         4392    .text               c_w.l(strlen.o)
    0x08000206   0x08000206   0x00000006   Code   RO         4396    .text               c_w.l(heapauxi.o)
    0x0800020c   0x0800020c   0x00000016   Code   RO         4489    .text               c_w.l(_rserrno.o)
    0x08000222   0x08000222   0x00000002   PAD
    0x08000224   0x08000224   0x00000008   Code   RO         4578    .text               c_w.l(rt_errno_addr_intlibspace.o)
    0x0800022c   0x0800022c   0x00000008   Code   RO         4609    .text               c_w.l(libspace.o)
    0x08000234   0x08000234   0x0000004a   Code   RO         4614    .text               c_w.l(sys_stackheap_outer.o)
    0x0800027e   0x0800027e   0x00000012   Code   RO         4689    .text               c_w.l(exit.o)
    0x08000290   0x08000290   0x00000002   Code   RO         4768    .text               c_w.l(use_no_semi.o)
    0x08000292   0x08000292   0x00000000   Code   RO         4770    .text               c_w.l(indicate_semi.o)
    0x08000292   0x08000292   0x00000002   PAD
    0x08000294   0x08000294   0x0000000c   Code   RO         4830    .text               c_w.l(sys_exit.o)
    0x080002a0   0x080002a0   0x00000020   Code   RO         3329    i.Bluetooth_SendData  bluebooth.o
    0x080002c0   0x080002c0   0x0000005c   Code   RO         3330    i.Bluetooth_SendNumber  bluebooth.o
    0x0800031c   0x0800031c   0x00000022   Code   RO         3331    i.Bluetooth_SendString  bluebooth.o
    0x0800033e   0x0800033e   0x00000004   Code   RO         4269    i.BusFault_Handler  stm32f10x_it.o
    0x08000342   0x08000342   0x00000002   Code   RO         4270    i.DebugMon_Handler  stm32f10x_it.o
    0x08000344   0x08000344   0x00000018   Code   RO         3196    i.Delay_ms          delay.o
    0x0800035c   0x0800035c   0x0000002e   Code   RO         3198    i.Delay_us          delay.o
    0x0800038a   0x0800038a   0x00000002   PAD
    0x0800038c   0x0800038c   0x000002c4   Code   RO         4189    i.EXTI9_5_IRQHandler  control.o
    0x08000650   0x08000650   0x0000000c   Code   RO          985    i.EXTI_ClearITPendingBit  stm32f10x_exti.o
    0x0800065c   0x0800065c   0x00000028   Code   RO          989    i.EXTI_GetITStatus  stm32f10x_exti.o
    0x08000684   0x08000684   0x00000010   Code   RO         4147    i.GFP_abs           motor.o
    0x08000694   0x08000694   0x00000012   Code   RO         1351    i.GPIO_ReadInputDataBit  stm32f10x_gpio.o
    0x080006a6   0x080006a6   0x00000004   Code   RO         1354    i.GPIO_ResetBits    stm32f10x_gpio.o
    0x080006aa   0x080006aa   0x00000004   Code   RO         1355    i.GPIO_SetBits      stm32f10x_gpio.o
    0x080006ae   0x080006ae   0x00000004   Code   RO         4271    i.HardFault_Handler  stm32f10x_it.o
    0x080006b2   0x080006b2   0x00000002   PAD
    0x080006b4   0x080006b4   0x00000030   Code   RO         3431    i.IIC_ReceiveAck    iic.o
    0x080006e4   0x080006e4   0x00000054   Code   RO         3432    i.IIC_ReceiveByte   iic.o
    0x08000738   0x08000738   0x00000048   Code   RO         3433    i.IIC_SendAck       iic.o
    0x08000780   0x08000780   0x00000058   Code   RO         3434    i.IIC_SendByte      iic.o
    0x080007d8   0x080007d8   0x00000040   Code   RO         3435    i.IIC_Start         iic.o
    0x08000818   0x08000818   0x00000034   Code   RO         3436    i.IIC_Stop          iic.o
    0x0800084c   0x0800084c   0x0000004c   Code   RO         4148    i.Limit             motor.o
    0x08000898   0x08000898   0x0000007c   Code   RO         4149    i.Load              motor.o
    0x08000914   0x08000914   0x00000050   Code   RO         3483    i.MPU_Get_Accelerometer  mpu6050.o
    0x08000964   0x08000964   0x00000050   Code   RO         3484    i.MPU_Get_Gyroscope  mpu6050.o
    0x080009b4   0x080009b4   0x0000007c   Code   RO         3487    i.MPU_Read_Len      mpu6050.o
    0x08000a30   0x08000a30   0x00000060   Code   RO         3489    i.MPU_Send_Len      mpu6050.o
    0x08000a90   0x08000a90   0x00000004   Code   RO         4272    i.MemManage_Handler  stm32f10x_it.o
    0x08000a94   0x08000a94   0x00000002   Code   RO         4273    i.NMI_Handler       stm32f10x_it.o
    0x08000a96   0x08000a96   0x00000002   Code   RO         4274    i.PendSV_Handler    stm32f10x_it.o
    0x08000a98   0x08000a98   0x00000044   Code   RO         4113    i.Read_Speed        encoder.o
    0x08000adc   0x08000adc   0x00000002   Code   RO         4275    i.SVC_Handler       stm32f10x_it.o
    0x08000ade   0x08000ade   0x00000008   Code   RO           24    i.SetSysClock       system_stm32f10x.o
    0x08000ae6   0x08000ae6   0x00000002   PAD
    0x08000ae8   0x08000ae8   0x000000e0   Code   RO           25    i.SetSysClockTo72   system_stm32f10x.o
    0x08000bc8   0x08000bc8   0x0000003c   Code   RO         4151    i.Stop              motor.o
    0x08000c04   0x08000c04   0x00000002   Code   RO         4276    i.SysTick_Handler   stm32f10x_it.o
    0x08000c06   0x08000c06   0x00000002   PAD
    0x08000c08   0x08000c08   0x00000060   Code   RO           27    i.SystemInit        system_stm32f10x.o
    0x08000c68   0x08000c68   0x00000016   Code   RO         4114    i.TIM2_IRQHandler   encoder.o
    0x08000c7e   0x08000c7e   0x00000002   PAD
    0x08000c80   0x08000c80   0x00000028   Code   RO         3381    i.TIM3_IRQHandler   hc-sr04.o
    0x08000ca8   0x08000ca8   0x0000001c   Code   RO         4115    i.TIM4_IRQHandler   encoder.o
    0x08000cc4   0x08000cc4   0x00000006   Code   RO         2416    i.TIM_ClearITPendingBit  stm32f10x_tim.o
    0x08000cca   0x08000cca   0x00000006   Code   RO         2440    i.TIM_GetCounter    stm32f10x_tim.o
    0x08000cd0   0x08000cd0   0x00000022   Code   RO         2442    i.TIM_GetITStatus   stm32f10x_tim.o
    0x08000cf2   0x08000cf2   0x00000004   Code   RO         2482    i.TIM_SetCompare1   stm32f10x_tim.o
    0x08000cf6   0x08000cf6   0x00000006   Code   RO         2485    i.TIM_SetCompare4   stm32f10x_tim.o
    0x08000cfc   0x08000cfc   0x00000004   Code   RO         2486    i.TIM_SetCounter    stm32f10x_tim.o
    0x08000d00   0x08000d00   0x0000004c   Code   RO         4190    i.Turn              control.o
    0x08000d4c   0x08000d4c   0x00000378   Code   RO         3332    i.USART3_IRQHandler  bluebooth.o
    0x080010c4   0x080010c4   0x0000001a   Code   RO         2963    i.USART_GetFlagStatus  stm32f10x_usart.o
    0x080010de   0x080010de   0x00000054   Code   RO         2964    i.USART_GetITStatus  stm32f10x_usart.o
    0x08001132   0x08001132   0x0000000a   Code   RO         2974    i.USART_ReceiveData  stm32f10x_usart.o
    0x0800113c   0x0800113c   0x00000008   Code   RO         2977    i.USART_SendData    stm32f10x_usart.o
    0x08001144   0x08001144   0x00000004   Code   RO         4277    i.UsageFault_Handler  stm32f10x_it.o
    0x08001148   0x08001148   0x0000010c   Code   RO         4191    i.Velocity          control.o
    0x08001254   0x08001254   0x00000054   Code   RO         4192    i.Vertical          control.o
    0x080012a8   0x080012a8   0x00000028   Code   RO         4543    i.__ARM_fpclassify  m_ws.l(fpclassify.o)
    0x080012d0   0x080012d0   0x000000aa   Code   RO         4545    i.__kernel_poly     m_ws.l(poly.o)
    0x0800137a   0x0800137a   0x00000002   PAD
    0x0800137c   0x0800137c   0x00000010   Code   RO         4529    i.__mathlib_dbl_divzero  m_ws.l(dunder.o)
    0x0800138c   0x0800138c   0x00000006   Code   RO         4530    i.__mathlib_dbl_infnan  m_ws.l(dunder.o)
    0x08001392   0x08001392   0x00000004   Code   RO         4531    i.__mathlib_dbl_infnan2  m_ws.l(dunder.o)
    0x08001396   0x08001396   0x0000000c   Code   RO         4532    i.__mathlib_dbl_invalid  m_ws.l(dunder.o)
    0x080013a2   0x080013a2   0x0000000e   Code   RO         4533    i.__mathlib_dbl_overflow  m_ws.l(dunder.o)
    0x080013b0   0x080013b0   0x00000010   Code   RO         4535    i.__mathlib_dbl_underflow  m_ws.l(dunder.o)
    0x080013c0   0x080013c0   0x00000270   Code   RO         4459    i.asin              m_ws.l(asin.o)
    0x08001630   0x08001630   0x00000220   Code   RO         4520    i.atan              m_ws.l(atan.o)
    0x08001850   0x08001850   0x00000180   Code   RO         4469    i.atan2             m_ws.l(atan2.o)
    0x080019d0   0x080019d0   0x00000064   Code   RO         3914    i.decode_gesture    inv_mpu_dmp_motion_driver.o
    0x08001a34   0x08001a34   0x000001cc   Code   RO         3924    i.dmp_read_fifo     inv_mpu_dmp_motion_driver.o
    0x08001c00   0x08001c00   0x00000004   Code   RO         4245    i.main              main.o
    0x08001c04   0x08001c04   0x00000002   Code   RO         3580    i.mget_ms           inv_mpu.o
    0x08001c06   0x08001c06   0x00000002   PAD
    0x08001c08   0x08001c08   0x00000224   Code   RO         3582    i.mpu_dmp_get_data  inv_mpu.o
    0x08001e2c   0x08001e2c   0x000000c0   Code   RO         3605    i.mpu_read_fifo_stream  inv_mpu.o
    0x08001eec   0x08001eec   0x000001c8   Code   RO         3609    i.mpu_reset_fifo    inv_mpu.o
    0x080020b4   0x080020b4   0x000009d8   Code   RO         4477    i.pow               m_ws.l(pow.o)
    0x08002a8c   0x08002a8c   0x0000004c   Code   RO         4549    i.sqrt              m_ws.l(sqrt.o)
    0x08002ad8   0x08002ad8   0x00000062   Code   RO         4400    x$fpl$d2f           fz_ws.l(d2f.o)
    0x08002b3a   0x08002b3a   0x00000002   PAD
    0x08002b3c   0x08002b3c   0x00000150   Code   RO         4402    x$fpl$dadd          fz_ws.l(daddsub_clz.o)
    0x08002c8c   0x08002c8c   0x00000010   Code   RO         4598    x$fpl$dcheck1       fz_ws.l(dcheck1.o)
    0x08002c9c   0x08002c9c   0x00000018   Code   RO         4764    x$fpl$dcmpinf       fz_ws.l(dcmpi.o)
    0x08002cb4   0x08002cb4   0x000002b0   Code   RO         4409    x$fpl$ddiv          fz_ws.l(ddiv.o)
    0x08002f64   0x08002f64   0x0000005a   Code   RO         4412    x$fpl$dfixu         fz_ws.l(dfixu.o)
    0x08002fbe   0x08002fbe   0x0000002e   Code   RO         4417    x$fpl$dflt          fz_ws.l(dflt_clz.o)
    0x08002fec   0x08002fec   0x00000078   Code   RO         4600    x$fpl$dleqf         fz_ws.l(dleqf.o)
    0x08003064   0x08003064   0x00000154   Code   RO         4422    x$fpl$dmul          fz_ws.l(dmul.o)
    0x080031b8   0x080031b8   0x0000009c   Code   RO         4504    x$fpl$dnaninf       fz_ws.l(dnaninf.o)
    0x08003254   0x08003254   0x0000000c   Code   RO         4506    x$fpl$dretinf       fz_ws.l(dretinf.o)
    0x08003260   0x08003260   0x0000006c   Code   RO         4508    x$fpl$drleqf        fz_ws.l(drleqf.o)
    0x080032cc   0x080032cc   0x00000016   Code   RO         4403    x$fpl$drsb          fz_ws.l(daddsub_clz.o)
    0x080032e2   0x080032e2   0x00000002   PAD
    0x080032e4   0x080032e4   0x000001cc   Code   RO         4602    x$fpl$dsqrt         fz_ws.l(dsqrt_noumaal.o)
    0x080034b0   0x080034b0   0x000001d4   Code   RO         4404    x$fpl$dsub          fz_ws.l(daddsub_clz.o)
    0x08003684   0x08003684   0x00000056   Code   RO         4424    x$fpl$f2d           fz_ws.l(f2d.o)
    0x080036da   0x080036da   0x00000002   PAD
    0x080036dc   0x080036dc   0x000000c4   Code   RO         4426    x$fpl$fadd          fz_ws.l(faddsub_clz.o)
    0x080037a0   0x080037a0   0x00000018   Code   RO         4510    x$fpl$fcmpinf       fz_ws.l(fcmpi.o)
    0x080037b8   0x080037b8   0x00000184   Code   RO         4433    x$fpl$fdiv          fz_ws.l(fdiv.o)
    0x0800393c   0x0800393c   0x00000036   Code   RO         4438    x$fpl$ffix          fz_ws.l(ffix.o)
    0x08003972   0x08003972   0x00000002   PAD
    0x08003974   0x08003974   0x00000030   Code   RO         4447    x$fpl$fflt          fz_ws.l(fflt_clz.o)
    0x080039a4   0x080039a4   0x00000068   Code   RO         4452    x$fpl$fleqf         fz_ws.l(fleqf.o)
    0x08003a0c   0x08003a0c   0x00000102   Code   RO         4454    x$fpl$fmul          fz_ws.l(fmul.o)
    0x08003b0e   0x08003b0e   0x0000008c   Code   RO         4512    x$fpl$fnaninf       fz_ws.l(fnaninf.o)
    0x08003b9a   0x08003b9a   0x0000000a   Code   RO         4514    x$fpl$fretinf       fz_ws.l(fretinf.o)
    0x08003ba4   0x08003ba4   0x00000062   Code   RO         4456    x$fpl$frleqf        fz_ws.l(frleqf.o)
    0x08003c06   0x08003c06   0x00000014   Code   RO         4427    x$fpl$frsb          fz_ws.l(faddsub_clz.o)
    0x08003c1a   0x08003c1a   0x00000002   PAD
    0x08003c1c   0x08003c1c   0x000000ea   Code   RO         4428    x$fpl$fsub          fz_ws.l(faddsub_clz.o)
    0x08003d06   0x08003d06   0x00000064   Code   RO         4766    x$fpl$retnan        fz_ws.l(retnan.o)
    0x08003d6a   0x08003d6a   0x0000005c   Code   RO         4516    x$fpl$scalbn        fz_ws.l(scalbn.o)
    0x08003dc6   0x08003dc6   0x00000030   Code   RO         4828    x$fpl$trapveneer    fz_ws.l(trapv.o)
    0x08003df6   0x08003df6   0x00000000   Code   RO         4518    x$fpl$usenofp       fz_ws.l(usenofp.o)
    0x08003df6   0x08003df6   0x00000002   PAD
    0x08003df8   0x08003df8   0x00000050   Data   RO         3626    .constdata          inv_mpu.o
    0x08003e48   0x08003e48   0x00000050   Data   RO         4460    .constdata          m_ws.l(asin.o)
    0x08003e98   0x08003e98   0x00000088   Data   RO         4478    .constdata          m_ws.l(pow.o)
    0x08003f20   0x08003f20   0x00000098   Data   RO         4521    .constdata          m_ws.l(atan.o)
    0x08003fb8   0x08003fb8   0x00000008   Data   RO         4547    .constdata          m_ws.l(qnan.o)
    0x08003fc0   0x08003fc0   0x00000020   Data   RO         4911    Region$$Table       anon$$obj.o


    Execution Region RW_IRAM1 (Exec base: 0x20000000, Load base: 0x08003fe0, Size: 0x00000738, Max: 0x00005000, ABSOLUTE)

    Exec Addr    Load Addr    Size         Type   Attr      Idx    E Section Name        Object

    0x20000000   0x08003fe0   0x00000006   Data   RW         3333    .data               bluebooth.o
    0x20000006   0x08003fe6   0x00000002   PAD
    0x20000008   0x08003fe8   0x00000004   Data   RW         3382    .data               hc-sr04.o
    0x2000000c   0x08003fec   0x00000035   Data   RW         3628    .data               inv_mpu.o
    0x20000041   0x08004021   0x00000003   PAD
    0x20000044   0x08004024   0x0000000a   Data   RW         4152    .data               motor.o
    0x2000004e   0x0800402e   0x00000002   PAD
    0x20000050   0x08004030   0x00000048   Data   RW         4193    .data               control.o
    0x20000098   0x08004078   0x0000002c   Data   RW         4246    .data               main.o
    0x200000c4        -       0x00000010   Zero   RW         3942    .bss                inv_mpu_dmp_motion_driver.o
    0x200000d4        -       0x00000060   Zero   RW         4610    .bss                c_w.l(libspace.o)
    0x20000134   0x080040a4   0x00000004   PAD
    0x20000138        -       0x00000200   Zero   RW            2    HEAP                startup_stm32f10x_md.o
    0x20000338        -       0x00000400   Zero   RW            1    STACK               startup_stm32f10x_md.o


==============================================================================

Image component sizes


      Code (inc. data)   RO Data    RW Data    ZI Data      Debug   Object Name

      1046        132          0          6          0       3120   bluebooth.o
      1136        190          0         72          0       3656   control.o
         0          0          0          0          0       4508   core_cm3.o
        70          0          0          0          0        938   delay.o
       118         10          0          0          0       1569   encoder.o
        40          8          0          4          0        738   hc-sr04.o
       408         28          0          0          0       3091   iic.o
      1198         16         80         53          0       7639   inv_mpu.o
       560         10          0          0         16       7472   inv_mpu_dmp_motion_driver.o
         4          0          0         44          0       1019   main.o
         0          0          0          0          0     201696   misc.o
       276         30          0         10          0       2544   motor.o
       380          0          0          0          0       3510   mpu6050.o
        64         26        236          0       1536        820   startup_stm32f10x_md.o
        52         12          0          0          0       1076   stm32f10x_exti.o
        26          0          0          0          0      10872   stm32f10x_gpio.o
        26          0          0          0          0       3810   stm32f10x_it.o
        60          0          0          0          0      24016   stm32f10x_tim.o
       128          0          0          0          0       9767   stm32f10x_usart.o
       328         28          0          0          0       1853   system_stm32f10x.o

    ----------------------------------------------------------------------
      5932        490        348        196       1552     293714   Object Totals
         0          0         32          0          0          0   (incl. Generated)
        12          0          0          7          0          0   (incl. Padding)

    ----------------------------------------------------------------------

      Code (inc. data)   RO Data    RW Data    ZI Data      Debug   Library Member Name

         8          0          0          0          0         68   __main.o
         0          0          0          0          0          0   __rtentry.o
        12          0          0          0          0          0   __rtentry2.o
         6          0          0          0          0          0   __rtentry4.o
        52          8          0          0          0          0   __scatter.o
        26          0          0          0          0          0   __scatter_copy.o
        28          0          0          0          0          0   __scatter_zi.o
        22          0          0          0          0        100   _rserrno.o
        18          0          0          0          0         80   exit.o
         6          0          0          0          0        152   heapauxi.o
         0          0          0          0          0          0   indicate_semi.o
         2          0          0          0          0          0   libinit.o
         2          0          0          0          0          0   libinit2.o
         2          0          0          0          0          0   libshutdown.o
         2          0          0          0          0          0   libshutdown2.o
         8          4          0          0         96         68   libspace.o
         8          4          0          0          0         68   rt_errno_addr_intlibspace.o
         2          0          0          0          0          0   rtexit.o
        10          0          0          0          0          0   rtexit2.o
        62          0          0          0          0         76   strlen.o
        12          4          0          0          0         68   sys_exit.o
        74          0          0          0          0         80   sys_stackheap_outer.o
         2          0          0          0          0         68   use_no_semi.o
        98          4          0          0          0         92   d2f.o
       826         16          0          0          0        348   daddsub_clz.o
        16          4          0          0          0         68   dcheck1.o
        24          0          0          0          0         68   dcmpi.o
       688        140          0          0          0        208   ddiv.o
        90          4          0          0          0         92   dfixu.o
        46          0          0          0          0         68   dflt_clz.o
       120          4          0          0          0         92   dleqf.o
       340         12          0          0          0        104   dmul.o
       156          4          0          0          0         92   dnaninf.o
        12          0          0          0          0         68   dretinf.o
       108          0          0          0          0         80   drleqf.o
       460         56          0          0          0        120   dsqrt_noumaal.o
        86          4          0          0          0         84   f2d.o
       450          8          0          0          0        236   faddsub_clz.o
        24          0          0          0          0         68   fcmpi.o
       388         76          0          0          0         96   fdiv.o
        54          4          0          0          0         84   ffix.o
        48          0          0          0          0         68   fflt_clz.o
       104          4          0          0          0         84   fleqf.o
       258          4          0          0          0         84   fmul.o
       140          4          0          0          0         84   fnaninf.o
        10          0          0          0          0         68   fretinf.o
        98          0          0          0          0         68   frleqf.o
       100          0          0          0          0         68   retnan.o
        92          0          0          0          0         68   scalbn.o
        48          0          0          0          0         68   trapv.o
         0          0          0          0          0          0   usenofp.o
       624         52         80          0          0        168   asin.o
       544         70        152          0          0        124   atan.o
       384         38          0          0          0        144   atan2.o
        68         10          0          0          0        408   dunder.o
        40          0          0          0          0         68   fpclassify.o
       170          0          0          0          0         96   poly.o
      2520        190        136          0          0        324   pow.o
         0          0          8          0          0          0   qnan.o
        76          0          0          0          0         84   sqrt.o

    ----------------------------------------------------------------------
      9696        728        376          0        100       4972   Library Totals
        22          0          0          0          4          0   (incl. Padding)

    ----------------------------------------------------------------------

      Code (inc. data)   RO Data    RW Data    ZI Data      Debug   Library Name

       364         20          0          0         96        828   c_w.l
      4884        348          0          0          0       2728   fz_ws.l
      4426        360        376          0          0       1416   m_ws.l

    ----------------------------------------------------------------------
      9696        728        376          0        100       4972   Library Totals

    ----------------------------------------------------------------------

==============================================================================


      Code (inc. data)   RO Data    RW Data    ZI Data      Debug   

     15628       1218        724        196       1652     293118   Grand Totals
     15628       1218        724        196       1652     293118   ELF Image Totals
     15628       1218        724        196          0          0   ROM Totals

==============================================================================

    Total RO  Size (Code + RO Data)                16352 (  15.97kB)
    Total RW  Size (RW Data + ZI Data)              1848 (   1.80kB)
    Total ROM Size (Code + RO Data + RW Data)      16548 (  16.16kB)

==============================================================================

